Report time       : Thu Oct 25 00:25:10 CDT 2018.
Solution          : lenet.
Simulation tool   : xsim.

+----------+----------+-----------------------------------------------+-----------------------------------------------+
|          |          |                    Latency                    |                    Interval                   |
+   RTL    +  Status  +-----------------------------------------------+-----------------------------------------------+
|          |          |      min      |      avg      |      max      |      min      |      avg      |      max      |
+----------+----------+-----------------------------------------------+-----------------------------------------------+
|      VHDL|        NA|             NA|             NA|             NA|             NA|             NA|             NA|
|   Verilog|      Pass|          63764|          63764|          63764|             NA|             NA|             NA|
+----------+----------+-----------------------------------------------+-----------------------------------------------+
