13:53:28 **** Build of project part2_bsp ****
make -k all 
"Running Make include in ps7_cortexa9_0/libsrc/axidma_v9_7/src"
make -C ps7_cortexa9_0/libsrc/axidma_v9_7/src -s include  "SHELL=CMD" "COMPILER=arm-none-eabi-gcc" "ARCHIVER=arm-none-eabi-ar" "COMPILER_FLAGS=  -O2 -c" "EXTRA_COMPILER_FLAGS=-mcpu=cortex-a9 -mfpu=vfpv3 -mfloat-abi=hard -nostartfiles -g -Wall -Wextra"
"Running Make include in ps7_cortexa9_0/libsrc/coresightps_dcc_v1_4/src"
make -C ps7_cortexa9_0/libsrc/coresightps_dcc_v1_4/src -s include  "SHELL=CMD" "COMPILER=arm-none-eabi-gcc" "ARCHIVER=arm-none-eabi-ar" "COMPILER_FLAGS=  -O2 -c" "EXTRA_COMPILER_FLAGS=-mcpu=cortex-a9 -mfpu=vfpv3 -mfloat-abi=hard -nostartfiles -g -Wall -Wextra"
"Running Make include in ps7_cortexa9_0/libsrc/cpu_cortexa9_v2_6/src"
make -C ps7_cortexa9_0/libsrc/cpu_cortexa9_v2_6/src -s include  "SHELL=CMD" "COMPILER=arm-none-eabi-gcc" "ARCHIVER=arm-none-eabi-ar" "COMPILER_FLAGS=  -O2 -c" "EXTRA_COMPILER_FLAGS=-mcpu=cortex-a9 -mfpu=vfpv3 -mfloat-abi=hard -nostartfiles -g -Wall -Wextra"
"Running Make include in ps7_cortexa9_0/libsrc/ddrps_v1_0/src"
make -C ps7_cortexa9_0/libsrc/ddrps_v1_0/src -s include  "SHELL=CMD" "COMPILER=arm-none-eabi-gcc" "ARCHIVER=arm-none-eabi-ar" "COMPILER_FLAGS=  -O2 -c" "EXTRA_COMPILER_FLAGS=-mcpu=cortex-a9 -mfpu=vfpv3 -mfloat-abi=hard -nostartfiles -g -Wall -Wextra"
"Running Make include in ps7_cortexa9_0/libsrc/devcfg_v3_5/src"
make -C ps7_cortexa9_0/libsrc/devcfg_v3_5/src -s include  "SHELL=CMD" "COMPILER=arm-none-eabi-gcc" "ARCHIVER=arm-none-eabi-ar" "COMPILER_FLAGS=  -O2 -c" "EXTRA_COMPILER_FLAGS=-mcpu=cortex-a9 -mfpu=vfpv3 -mfloat-abi=hard -nostartfiles -g -Wall -Wextra"
"Running Make include in ps7_cortexa9_0/libsrc/dmaps_v2_3/src"
make -C ps7_cortexa9_0/libsrc/dmaps_v2_3/src -s include  "SHELL=CMD" "COMPILER=arm-none-eabi-gcc" "ARCHIVER=arm-none-eabi-ar" "COMPILER_FLAGS=  -O2 -c" "EXTRA_COMPILER_FLAGS=-mcpu=cortex-a9 -mfpu=vfpv3 -mfloat-abi=hard -nostartfiles -g -Wall -Wextra"
"Running Make include in ps7_cortexa9_0/libsrc/emacps_v3_7/src"
make -C ps7_cortexa9_0/libsrc/emacps_v3_7/src -s include  "SHELL=CMD" "COMPILER=arm-none-eabi-gcc" "ARCHIVER=arm-none-eabi-ar" "COMPILER_FLAGS=  -O2 -c" "EXTRA_COMPILER_FLAGS=-mcpu=cortex-a9 -mfpu=vfpv3 -mfloat-abi=hard -nostartfiles -g -Wall -Wextra"
"Running Make include in ps7_cortexa9_0/libsrc/gpiops_v3_3/src"
make -C ps7_cortexa9_0/libsrc/gpiops_v3_3/src -s include  "SHELL=CMD" "COMPILER=arm-none-eabi-gcc" "ARCHIVER=arm-none-eabi-ar" "COMPILER_FLAGS=  -O2 -c" "EXTRA_COMPILER_FLAGS=-mcpu=cortex-a9 -mfpu=vfpv3 -mfloat-abi=hard -nostartfiles -g -Wall -Wextra"
"Running Make include in ps7_cortexa9_0/libsrc/qspips_v3_4/src"
make -C ps7_cortexa9_0/libsrc/qspips_v3_4/src -s include  "SHELL=CMD" "COMPILER=arm-none-eabi-gcc" "ARCHIVER=arm-none-eabi-ar" "COMPILER_FLAGS=  -O2 -c" "EXTRA_COMPILER_FLAGS=-mcpu=cortex-a9 -mfpu=vfpv3 -mfloat-abi=hard -nostartfiles -g -Wall -Wextra"
"Running Make include in ps7_cortexa9_0/libsrc/scugic_v3_9/src"
make -C ps7_cortexa9_0/libsrc/scugic_v3_9/src -s include  "SHELL=CMD" "COMPILER=arm-none-eabi-gcc" "ARCHIVER=arm-none-eabi-ar" "COMPILER_FLAGS=  -O2 -c" "EXTRA_COMPILER_FLAGS=-mcpu=cortex-a9 -mfpu=vfpv3 -mfloat-abi=hard -nostartfiles -g -Wall -Wextra"
"Running Make include in ps7_cortexa9_0/libsrc/scutimer_v2_1/src"
make -C ps7_cortexa9_0/libsrc/scutimer_v2_1/src -s include  "SHELL=CMD" "COMPILER=arm-none-eabi-gcc" "ARCHIVER=arm-none-eabi-ar" "COMPILER_FLAGS=  -O2 -c" "EXTRA_COMPILER_FLAGS=-mcpu=cortex-a9 -mfpu=vfpv3 -mfloat-abi=hard -nostartfiles -g -Wall -Wextra"
"Running Make include in ps7_cortexa9_0/libsrc/scuwdt_v2_1/src"
make -C ps7_cortexa9_0/libsrc/scuwdt_v2_1/src -s include  "SHELL=CMD" "COMPILER=arm-none-eabi-gcc" "ARCHIVER=arm-none-eabi-ar" "COMPILER_FLAGS=  -O2 -c" "EXTRA_COMPILER_FLAGS=-mcpu=cortex-a9 -mfpu=vfpv3 -mfloat-abi=hard -nostartfiles -g -Wall -Wextra"
"Running Make include in ps7_cortexa9_0/libsrc/sdps_v3_5/src"
make -C ps7_cortexa9_0/libsrc/sdps_v3_5/src -s include  "SHELL=CMD" "COMPILER=arm-none-eabi-gcc" "ARCHIVER=arm-none-eabi-ar" "COMPILER_FLAGS=  -O2 -c" "EXTRA_COMPILER_FLAGS=-mcpu=cortex-a9 -mfpu=vfpv3 -mfloat-abi=hard -nostartfiles -g -Wall -Wextra"
"Running Make include in ps7_cortexa9_0/libsrc/standalone_v6_7/src"
make -C ps7_cortexa9_0/libsrc/standalone_v6_7/src -s include  "SHELL=CMD" "COMPILER=arm-none-eabi-gcc" "ARCHIVER=arm-none-eabi-ar" "COMPILER_FLAGS=  -O2 -c" "EXTRA_COMPILER_FLAGS=-mcpu=cortex-a9 -mfpu=vfpv3 -mfloat-abi=hard -nostartfiles -g -Wall -Wextra"
"Running Make include in ps7_cortexa9_0/libsrc/ttcps_v3_6/src"
make -C ps7_cortexa9_0/libsrc/ttcps_v3_6/src -s include  "SHELL=CMD" "COMPILER=arm-none-eabi-gcc" "ARCHIVER=arm-none-eabi-ar" "COMPILER_FLAGS=  -O2 -c" "EXTRA_COMPILER_FLAGS=-mcpu=cortex-a9 -mfpu=vfpv3 -mfloat-abi=hard -nostartfiles -g -Wall -Wextra"
"Running Make include in ps7_cortexa9_0/libsrc/uartps_v3_6/src"
make -C ps7_cortexa9_0/libsrc/uartps_v3_6/src -s include  "SHELL=CMD" "COMPILER=arm-none-eabi-gcc" "ARCHIVER=arm-none-eabi-ar" "COMPILER_FLAGS=  -O2 -c" "EXTRA_COMPILER_FLAGS=-mcpu=cortex-a9 -mfpu=vfpv3 -mfloat-abi=hard -nostartfiles -g -Wall -Wextra"
"Running Make include in ps7_cortexa9_0/libsrc/usbps_v2_4/src"
make -C ps7_cortexa9_0/libsrc/usbps_v2_4/src -s include  "SHELL=CMD" "COMPILER=arm-none-eabi-gcc" "ARCHIVER=arm-none-eabi-ar" "COMPILER_FLAGS=  -O2 -c" "EXTRA_COMPILER_FLAGS=-mcpu=cortex-a9 -mfpu=vfpv3 -mfloat-abi=hard -nostartfiles -g -Wall -Wextra"
"Running Make include in ps7_cortexa9_0/libsrc/xadcps_v2_2/src"
make -C ps7_cortexa9_0/libsrc/xadcps_v2_2/src -s include  "SHELL=CMD" "COMPILER=arm-none-eabi-gcc" "ARCHIVER=arm-none-eabi-ar" "COMPILER_FLAGS=  -O2 -c" "EXTRA_COMPILER_FLAGS=-mcpu=cortex-a9 -mfpu=vfpv3 -mfloat-abi=hard -nostartfiles -g -Wall -Wextra"
"Running Make libs in ps7_cortexa9_0/libsrc/axidma_v9_7/src"
make -C ps7_cortexa9_0/libsrc/axidma_v9_7/src -s libs  "SHELL=CMD" "COMPILER=arm-none-eabi-gcc" "ARCHIVER=arm-none-eabi-ar" "COMPILER_FLAGS=  -O2 -c" "EXTRA_COMPILER_FLAGS=-mcpu=cortex-a9 -mfpu=vfpv3 -mfloat-abi=hard -nostartfiles -g -Wall -Wextra"
"Compiling axidma"
arm-none-eabi-ar: creating ../../../lib/libxil.a
"Running Make libs in ps7_cortexa9_0/libsrc/coresightps_dcc_v1_4/src"
make -C ps7_cortexa9_0/libsrc/coresightps_dcc_v1_4/src -s libs  "SHELL=CMD" "COMPILER=arm-none-eabi-gcc" "ARCHIVER=arm-none-eabi-ar" "COMPILER_FLAGS=  -O2 -c" "EXTRA_COMPILER_FLAGS=-mcpu=cortex-a9 -mfpu=vfpv3 -mfloat-abi=hard -nostartfiles -g -Wall -Wextra"
"Compiling coresightps_dcc"
"Running Make libs in ps7_cortexa9_0/libsrc/cpu_cortexa9_v2_6/src"
make -C ps7_cortexa9_0/libsrc/cpu_cortexa9_v2_6/src -s libs  "SHELL=CMD" "COMPILER=arm-none-eabi-gcc" "ARCHIVER=arm-none-eabi-ar" "COMPILER_FLAGS=  -O2 -c" "EXTRA_COMPILER_FLAGS=-mcpu=cortex-a9 -mfpu=vfpv3 -mfloat-abi=hard -nostartfiles -g -Wall -Wextra"
"Compiling cpu_cortexa9"
"Running Make libs in ps7_cortexa9_0/libsrc/ddrps_v1_0/src"
make -C ps7_cortexa9_0/libsrc/ddrps_v1_0/src -s libs  "SHELL=CMD" "COMPILER=arm-none-eabi-gcc" "ARCHIVER=arm-none-eabi-ar" "COMPILER_FLAGS=  -O2 -c" "EXTRA_COMPILER_FLAGS=-mcpu=cortex-a9 -mfpu=vfpv3 -mfloat-abi=hard -nostartfiles -g -Wall -Wextra"
"Compiling ddrps"
"Running Make libs in ps7_cortexa9_0/libsrc/devcfg_v3_5/src"
make -C ps7_cortexa9_0/libsrc/devcfg_v3_5/src -s libs  "SHELL=CMD" "COMPILER=arm-none-eabi-gcc" "ARCHIVER=arm-none-eabi-ar" "COMPILER_FLAGS=  -O2 -c" "EXTRA_COMPILER_FLAGS=-mcpu=cortex-a9 -mfpu=vfpv3 -mfloat-abi=hard -nostartfiles -g -Wall -Wextra"
"Compiling devcfg"
"Running Make libs in ps7_cortexa9_0/libsrc/dmaps_v2_3/src"
make -C ps7_cortexa9_0/libsrc/dmaps_v2_3/src -s libs  "SHELL=CMD" "COMPILER=arm-none-eabi-gcc" "ARCHIVER=arm-none-eabi-ar" "COMPILER_FLAGS=  -O2 -c" "EXTRA_COMPILER_FLAGS=-mcpu=cortex-a9 -mfpu=vfpv3 -mfloat-abi=hard -nostartfiles -g -Wall -Wextra"
"Compiling dmaps"
"Running Make libs in ps7_cortexa9_0/libsrc/emacps_v3_7/src"
make -C ps7_cortexa9_0/libsrc/emacps_v3_7/src -s libs  "SHELL=CMD" "COMPILER=arm-none-eabi-gcc" "ARCHIVER=arm-none-eabi-ar" "COMPILER_FLAGS=  -O2 -c" "EXTRA_COMPILER_FLAGS=-mcpu=cortex-a9 -mfpu=vfpv3 -mfloat-abi=hard -nostartfiles -g -Wall -Wextra"
"Compiling emacps"
"Running Make libs in ps7_cortexa9_0/libsrc/gpiops_v3_3/src"
make -C ps7_cortexa9_0/libsrc/gpiops_v3_3/src -s libs  "SHELL=CMD" "COMPILER=arm-none-eabi-gcc" "ARCHIVER=arm-none-eabi-ar" "COMPILER_FLAGS=  -O2 -c" "EXTRA_COMPILER_FLAGS=-mcpu=cortex-a9 -mfpu=vfpv3 -mfloat-abi=hard -nostartfiles -g -Wall -Wextra"
"Compiling gpiops"
"Running Make libs in ps7_cortexa9_0/libsrc/qspips_v3_4/src"
make -C ps7_cortexa9_0/libsrc/qspips_v3_4/src -s libs  "SHELL=CMD" "COMPILER=arm-none-eabi-gcc" "ARCHIVER=arm-none-eabi-ar" "COMPILER_FLAGS=  -O2 -c" "EXTRA_COMPILER_FLAGS=-mcpu=cortex-a9 -mfpu=vfpv3 -mfloat-abi=hard -nostartfiles -g -Wall -Wextra"
"Compiling qspips"
"Running Make libs in ps7_cortexa9_0/libsrc/scugic_v3_9/src"
make -C ps7_cortexa9_0/libsrc/scugic_v3_9/src -s libs  "SHELL=CMD" "COMPILER=arm-none-eabi-gcc" "ARCHIVER=arm-none-eabi-ar" "COMPILER_FLAGS=  -O2 -c" "EXTRA_COMPILER_FLAGS=-mcpu=cortex-a9 -mfpu=vfpv3 -mfloat-abi=hard -nostartfiles -g -Wall -Wextra"
"Compiling scugic"
"Running Make libs in ps7_cortexa9_0/libsrc/scutimer_v2_1/src"
make -C ps7_cortexa9_0/libsrc/scutimer_v2_1/src -s libs  "SHELL=CMD" "COMPILER=arm-none-eabi-gcc" "ARCHIVER=arm-none-eabi-ar" "COMPILER_FLAGS=  -O2 -c" "EXTRA_COMPILER_FLAGS=-mcpu=cortex-a9 -mfpu=vfpv3 -mfloat-abi=hard -nostartfiles -g -Wall -Wextra"
"Compiling scutimer"
"Running Make libs in ps7_cortexa9_0/libsrc/scuwdt_v2_1/src"
make -C ps7_cortexa9_0/libsrc/scuwdt_v2_1/src -s libs  "SHELL=CMD" "COMPILER=arm-none-eabi-gcc" "ARCHIVER=arm-none-eabi-ar" "COMPILER_FLAGS=  -O2 -c" "EXTRA_COMPILER_FLAGS=-mcpu=cortex-a9 -mfpu=vfpv3 -mfloat-abi=hard -nostartfiles -g -Wall -Wextra"
"Compiling scuwdt"
"Running Make libs in ps7_cortexa9_0/libsrc/sdps_v3_5/src"
make -C ps7_cortexa9_0/libsrc/sdps_v3_5/src -s libs  "SHELL=CMD" "COMPILER=arm-none-eabi-gcc" "ARCHIVER=arm-none-eabi-ar" "COMPILER_FLAGS=  -O2 -c" "EXTRA_COMPILER_FLAGS=-mcpu=cortex-a9 -mfpu=vfpv3 -mfloat-abi=hard -nostartfiles -g -Wall -Wextra"
"Compiling sdps"
"Running Make libs in ps7_cortexa9_0/libsrc/standalone_v6_7/src"
make -C ps7_cortexa9_0/libsrc/standalone_v6_7/src -s libs  "SHELL=CMD" "COMPILER=arm-none-eabi-gcc" "ARCHIVER=arm-none-eabi-ar" "COMPILER_FLAGS=  -O2 -c" "EXTRA_COMPILER_FLAGS=-mcpu=cortex-a9 -mfpu=vfpv3 -mfloat-abi=hard -nostartfiles -g -Wall -Wextra"
"Compiling standalone"
In file included from sleep.c:57:0:
xtime_l.h:89:9: note: #pragma message: For the sleep routines, Global timer is being used
 #pragma message ("For the sleep routines, Global timer is being used")
         ^~~~~~~
In file included from usleep.c:60:0:
xtime_l.h:89:9: note: #pragma message: For the sleep routines, Global timer is being used
 #pragma message ("For the sleep routines, Global timer is being used")
         ^~~~~~~
In file included from xil_sleeptimer.c:55:0:
xtime_l.h:89:9: note: #pragma message: For the sleep routines, Global timer is being used
 #pragma message ("For the sleep routines, Global timer is being used")
         ^~~~~~~
In file included from xtime_l.c:53:0:
xtime_l.h:89:9: note: #pragma message: For the sleep routines, Global timer is being used
 #pragma message ("For the sleep routines, Global timer is being used")
         ^~~~~~~
"Running Make libs in ps7_cortexa9_0/libsrc/ttcps_v3_6/src"
make -C ps7_cortexa9_0/libsrc/ttcps_v3_6/src -s libs  "SHELL=CMD" "COMPILER=arm-none-eabi-gcc" "ARCHIVER=arm-none-eabi-ar" "COMPILER_FLAGS=  -O2 -c" "EXTRA_COMPILER_FLAGS=-mcpu=cortex-a9 -mfpu=vfpv3 -mfloat-abi=hard -nostartfiles -g -Wall -Wextra"
"Compiling ttcps"
"Running Make libs in ps7_cortexa9_0/libsrc/uartps_v3_6/src"
make -C ps7_cortexa9_0/libsrc/uartps_v3_6/src -s libs  "SHELL=CMD" "COMPILER=arm-none-eabi-gcc" "ARCHIVER=arm-none-eabi-ar" "COMPILER_FLAGS=  -O2 -c" "EXTRA_COMPILER_FLAGS=-mcpu=cortex-a9 -mfpu=vfpv3 -mfloat-abi=hard -nostartfiles -g -Wall -Wextra"
"Compiling uartps"
"Running Make libs in ps7_cortexa9_0/libsrc/usbps_v2_4/src"
make -C ps7_cortexa9_0/libsrc/usbps_v2_4/src -s libs  "SHELL=CMD" "COMPILER=arm-none-eabi-gcc" "ARCHIVER=arm-none-eabi-ar" "COMPILER_FLAGS=  -O2 -c" "EXTRA_COMPILER_FLAGS=-mcpu=cortex-a9 -mfpu=vfpv3 -mfloat-abi=hard -nostartfiles -g -Wall -Wextra"
"Compiling usbps"
"Running Make libs in ps7_cortexa9_0/libsrc/xadcps_v2_2/src"
make -C ps7_cortexa9_0/libsrc/xadcps_v2_2/src -s libs  "SHELL=CMD" "COMPILER=arm-none-eabi-gcc" "ARCHIVER=arm-none-eabi-ar" "COMPILER_FLAGS=  -O2 -c" "EXTRA_COMPILER_FLAGS=-mcpu=cortex-a9 -mfpu=vfpv3 -mfloat-abi=hard -nostartfiles -g -Wall -Wextra"
"Compiling xadcps"
'Finished building libraries'
13:54:05 **** Build of configuration Debug for project part2 ****
make pre-build main-build 
a9-linaro-pre-build-step
' '
'Building file: ../src/helloworld.c'
'Invoking: ARM v7 gcc compiler'
arm-none-eabi-gcc -Wall -O0 -g3 -c -fmessage-length=0 -MT"src/helloworld.o" -mcpu=cortex-a9 -mfpu=vfpv3 -mfloat-abi=hard -I../../part2_bsp/ps7_cortexa9_0/include -MMD -MP -MF"src/helloworld.d" -MT"src/helloworld.o" -o "src/helloworld.o" "../src/helloworld.c"
'Finished building: ../src/helloworld.c'
' '
'Building file: ../src/platform.c'
'Invoking: ARM v7 gcc compiler'
arm-none-eabi-gcc -Wall -O0 -g3 -c -fmessage-length=0 -MT"src/platform.o" -mcpu=cortex-a9 -mfpu=vfpv3 -mfloat-abi=hard -I../../part2_bsp/ps7_cortexa9_0/include -MMD -MP -MF"src/platform.d" -MT"src/platform.o" -o "src/platform.o" "../src/platform.c"
'Finished building: ../src/platform.c'
' '
'Building target: part2.elf'
'Invoking: ARM v7 gcc linker'
arm-none-eabi-gcc -mcpu=cortex-a9 -mfpu=vfpv3 -mfloat-abi=hard -Wl,-build-id=none -specs=Xilinx.spec -Wl,-T -Wl,../src/lscript.ld -L../../part2_bsp/ps7_cortexa9_0/lib -o "part2.elf"  ./src/helloworld.o ./src/platform.o   -Wl,--start-group,-lxil,-lgcc,-lc,--end-group
'Finished building target: part2.elf'
' '
'Invoking: ARM v7 Print Size'
arm-none-eabi-size part2.elf  |tee "part2.elf.size"
   text	   data	    bss	    dec	    hex	filename
  19352	   1144	  22568	  43064	   a838	part2.elf
'Finished building: part2.elf.size'
' '
13:55:23 **** Auto Build of configuration Debug for project part2 ****
make pre-build main-build 
a9-linaro-pre-build-step
' '
'Building file: ../src/helloworld.c'
'Invoking: ARM v7 gcc compiler'
arm-none-eabi-gcc -Wall -O0 -g3 -c -fmessage-length=0 -MT"src/helloworld.o" -mcpu=cortex-a9 -mfpu=vfpv3 -mfloat-abi=hard -I../../part2_bsp/ps7_cortexa9_0/include -MMD -MP -MF"src/helloworld.d" -MT"src/helloworld.o" -o "src/helloworld.o" "../src/helloworld.c"
../src/helloworld.c:119:2: warning: #warning CHECK FOR THE VALID DDR ADDRESS IN XPARAMETERS.H, DEFAULT SET TO 0x01000000 [-Wcpp]
 #warning CHECK FOR THE VALID DDR ADDRESS IN XPARAMETERS.H, \
  ^~~~~~~
'Finished building: ../src/helloworld.c'
' '
'Building target: part2.elf'
'Invoking: ARM v7 gcc linker'
arm-none-eabi-gcc -mcpu=cortex-a9 -mfpu=vfpv3 -mfloat-abi=hard -Wl,-build-id=none -specs=Xilinx.spec -Wl,-T -Wl,../src/lscript.ld -L../../part2_bsp/ps7_cortexa9_0/lib -o "part2.elf"  ./src/helloworld.o ./src/platform.o   -Wl,--start-group,-lxil,-lgcc,-lc,--end-group
'Finished building target: part2.elf'
' '
'Invoking: ARM v7 Print Size'
arm-none-eabi-size part2.elf  |tee "part2.elf.size"
   text	   data	    bss	    dec	    hex	filename
  38652	   2256	  24504	  65412	   ff84	part2.elf
'Finished building: part2.elf.size'
' '
13:58:42 **** Incremental Build of configuration Debug for project part2 ****
make pre-build main-build 
a9-linaro-pre-build-step
' '
make: Nothing to be done for `main-build'.
13:59:53 **** Incremental Build of configuration Debug for project part2 ****
make pre-build main-build 
a9-linaro-pre-build-step
' '
make: Nothing to be done for `main-build'.
15:36:23 **** Incremental Build of configuration Debug for project part2 ****
make pre-build main-build 
a9-linaro-pre-build-step
' '
make: Nothing to be done for `main-build'.
15:40:15 **** Auto Build of configuration Debug for project part2 ****
make pre-build main-build 
a9-linaro-pre-build-step
' '
'Building file: ../src/main.c'
'Invoking: ARM v7 gcc compiler'
arm-none-eabi-gcc -Wall -O0 -g3 -c -fmessage-length=0 -MT"src/main.o" -mcpu=cortex-a9 -mfpu=vfpv3 -mfloat-abi=hard -I../../part2_bsp/ps7_cortexa9_0/include -MMD -MP -MF"src/main.d" -MT"src/main.o" -o "src/main.o" "../src/main.c"
'Finished building: ../src/main.c'
' '
'Building target: part2.elf'
'Invoking: ARM v7 gcc linker'
arm-none-eabi-gcc -mcpu=cortex-a9 -mfpu=vfpv3 -mfloat-abi=hard -Wl,-build-id=none -specs=Xilinx.spec -Wl,-T -Wl,../src/lscript.ld -L../../part2_bsp/ps7_cortexa9_0/lib -o "part2.elf"  ./src/helloworld.o ./src/main.o ./src/platform.o   -Wl,--start-group,-lxil,-lgcc,-lc,--end-group
'Finished building target: part2.elf'
' '
'Invoking: ARM v7 Print Size'
arm-none-eabi-size part2.elf  |tee "part2.elf.size"
   text	   data	    bss	    dec	    hex	filename
  38652	   2256	  24504	  65412	   ff84	part2.elf
'Finished building: part2.elf.size'
' '
15:46:51 **** Auto Build of configuration Debug for project part2 ****
make pre-build main-build 
a9-linaro-pre-build-step
' '
'Building file: ../src/helloworld.c'
'Invoking: ARM v7 gcc compiler'
arm-none-eabi-gcc -Wall -O0 -g3 -c -fmessage-length=0 -MT"src/helloworld.o" -mcpu=cortex-a9 -mfpu=vfpv3 -mfloat-abi=hard -I../../part2_bsp/ps7_cortexa9_0/include -MMD -MP -MF"src/helloworld.d" -MT"src/helloworld.o" -o "src/helloworld.o" "../src/helloworld.c"
../src/helloworld.c:119:2: warning: #warning CHECK FOR THE VALID DDR ADDRESS IN XPARAMETERS.H, DEFAULT SET TO 0x01000000 [-Wcpp]
 #warning CHECK FOR THE VALID DDR ADDRESS IN XPARAMETERS.H, \
  ^~~~~~~
../src/helloworld.c: In function 'SendPacket':
../src/helloworld.c:138:26: warning: large integer implicitly truncated to unsigned type [-Woverflow]
 #define TEST_START_VALUE 0x100
                          ^
../src/helloworld.c:508:10: note: in expansion of macro 'TEST_START_VALUE'
  Value = TEST_START_VALUE;
          ^~~~~~~~~~~~~~~~
../src/helloworld.c: In function 'CheckData':
../src/helloworld.c:138:26: warning: large integer implicitly truncated to unsigned type [-Woverflow]
 #define TEST_START_VALUE 0x100
                          ^
../src/helloworld.c:600:10: note: in expansion of macro 'TEST_START_VALUE'
  Value = TEST_START_VALUE;
          ^~~~~~~~~~~~~~~~
'Finished building: ../src/helloworld.c'
' '
'Building target: part2.elf'
'Invoking: ARM v7 gcc linker'
arm-none-eabi-gcc -mcpu=cortex-a9 -mfpu=vfpv3 -mfloat-abi=hard -Wl,-build-id=none -specs=Xilinx.spec -Wl,-T -Wl,../src/lscript.ld -L../../part2_bsp/ps7_cortexa9_0/lib -o "part2.elf"  ./src/helloworld.o ./src/main.o ./src/platform.o   -Wl,--start-group,-lxil,-lgcc,-lc,--end-group
'Finished building target: part2.elf'
' '
'Invoking: ARM v7 Print Size'
arm-none-eabi-size part2.elf  |tee "part2.elf.size"
   text	   data	    bss	    dec	    hex	filename
  38652	   2256	  24504	  65412	   ff84	part2.elf
'Finished building: part2.elf.size'
' '
15:47:07 **** Incremental Build of configuration Debug for project part2 ****
make pre-build main-build 
a9-linaro-pre-build-step
' '
'Building file: ../src/main.c'
'Invoking: ARM v7 gcc compiler'
arm-none-eabi-gcc -Wall -O0 -g3 -c -fmessage-length=0 -MT"src/main.o" -mcpu=cortex-a9 -mfpu=vfpv3 -mfloat-abi=hard -I../../part2_bsp/ps7_cortexa9_0/include -MMD -MP -MF"src/main.d" -MT"src/main.o" -o "src/main.o" "../src/main.c"
../src/main.c:36:2: warning: #warning CHECK FOR THE VALID DDR ADDRESS IN XPARAMETERS.H, DEFAULT SET TO 0x01000000 [-Wcpp]
 #warning CHECK FOR THE VALID DDR ADDRESS IN XPARAMETERS.H, \
  ^~~~~~~
'Finished building: ../src/main.c'
' '
'Building target: part2.elf'
'Invoking: ARM v7 gcc linker'
arm-none-eabi-gcc -mcpu=cortex-a9 -mfpu=vfpv3 -mfloat-abi=hard -Wl,-build-id=none -specs=Xilinx.spec -Wl,-T -Wl,../src/lscript.ld -L../../part2_bsp/ps7_cortexa9_0/lib -o "part2.elf"  ./src/helloworld.o ./src/main.o ./src/platform.o   -Wl,--start-group,-lxil,-lgcc,-lc,--end-group
./src/main.o: In function `main':
C:\Users\Patel\Downloads\ECE527\exp\MP2\part2.1\part2.1.sdk\part2\Debug/../src/main.c:69: multiple definition of `main'
./src/helloworld.o:C:\Users\Patel\Downloads\ECE527\exp\MP2\part2.1\part2.1.sdk\part2\Debug/../src/helloworld.c:188: first defined here
collect2.exe: error: ld returned 1 exit status
make: *** [part2.elf] Error 1
15:48:56 **** Clean-only build of configuration Debug for project part2 ****
make clean 
rm -rf  ./src/helloworld.o ./src/main.o ./src/platform.o  ./src/helloworld.d ./src/main.d ./src/platform.d  part2.elf.size  part2.elf
' '
15:48:57 **** Auto Build of configuration Debug for project part2 ****
make pre-build main-build 
a9-linaro-pre-build-step
' '
'Building file: ../src/helloworld.c'
'Invoking: ARM v7 gcc compiler'
arm-none-eabi-gcc -Wall -O0 -g3 -c -fmessage-length=0 -MT"src/helloworld.o" -mcpu=cortex-a9 -mfpu=vfpv3 -mfloat-abi=hard -I../../part2_bsp/ps7_cortexa9_0/include -MMD -MP -MF"src/helloworld.d" -MT"src/helloworld.o" -o "src/helloworld.o" "../src/helloworld.c"
../src/helloworld.c:119:2: warning: #warning CHECK FOR THE VALID DDR ADDRESS IN XPARAMETERS.H, DEFAULT SET TO 0x01000000 [-Wcpp]
 #warning CHECK FOR THE VALID DDR ADDRESS IN XPARAMETERS.H, \
  ^~~~~~~
../src/helloworld.c: In function 'SendPacket':
../src/helloworld.c:138:26: warning: large integer implicitly truncated to unsigned type [-Woverflow]
 #define TEST_START_VALUE 0x100
                          ^
../src/helloworld.c:508:10: note: in expansion of macro 'TEST_START_VALUE'
  Value = TEST_START_VALUE;
          ^~~~~~~~~~~~~~~~
../src/helloworld.c: In function 'CheckData':
../src/helloworld.c:138:26: warning: large integer implicitly truncated to unsigned type [-Woverflow]
 #define TEST_START_VALUE 0x100
                          ^
../src/helloworld.c:600:10: note: in expansion of macro 'TEST_START_VALUE'
  Value = TEST_START_VALUE;
          ^~~~~~~~~~~~~~~~
'Finished building: ../src/helloworld.c'
' '
'Building file: ../src/platform.c'
'Invoking: ARM v7 gcc compiler'
arm-none-eabi-gcc -Wall -O0 -g3 -c -fmessage-length=0 -MT"src/platform.o" -mcpu=cortex-a9 -mfpu=vfpv3 -mfloat-abi=hard -I../../part2_bsp/ps7_cortexa9_0/include -MMD -MP -MF"src/platform.d" -MT"src/platform.o" -o "src/platform.o" "../src/platform.c"
'Finished building: ../src/platform.c'
' '
'Building target: part2.elf'
'Invoking: ARM v7 gcc linker'
arm-none-eabi-gcc -mcpu=cortex-a9 -mfpu=vfpv3 -mfloat-abi=hard -Wl,-build-id=none -specs=Xilinx.spec -Wl,-T -Wl,../src/lscript.ld -L../../part2_bsp/ps7_cortexa9_0/lib -o "part2.elf"  ./src/helloworld.o ./src/platform.o   -Wl,--start-group,-lxil,-lgcc,-lc,--end-group
'Finished building target: part2.elf'
' '
'Invoking: ARM v7 Print Size'
arm-none-eabi-size part2.elf  |tee "part2.elf.size"
   text	   data	    bss	    dec	    hex	filename
  38652	   2256	  24504	  65412	   ff84	part2.elf
'Finished building: part2.elf.size'
' '
15:49:25 **** Incremental Build of configuration Debug for project part2 ****
make pre-build main-build 
a9-linaro-pre-build-step
' '
make: Nothing to be done for `main-build'.
15:50:03 **** Auto Build of configuration Debug for project part2 ****
make pre-build main-build 
a9-linaro-pre-build-step
' '
'Building file: ../src/helloworld.c'
'Invoking: ARM v7 gcc compiler'
arm-none-eabi-gcc -Wall -O0 -g3 -c -fmessage-length=0 -MT"src/helloworld.o" -mcpu=cortex-a9 -mfpu=vfpv3 -mfloat-abi=hard -I../../part2_bsp/ps7_cortexa9_0/include -MMD -MP -MF"src/helloworld.d" -MT"src/helloworld.o" -o "src/helloworld.o" "../src/helloworld.c"
../src/helloworld.c:119:2: warning: #warning CHECK FOR THE VALID DDR ADDRESS IN XPARAMETERS.H, DEFAULT SET TO 0x01000000 [-Wcpp]
 #warning CHECK FOR THE VALID DDR ADDRESS IN XPARAMETERS.H, \
  ^~~~~~~
'Finished building: ../src/helloworld.c'
' '
'Building target: part2.elf'
'Invoking: ARM v7 gcc linker'
arm-none-eabi-gcc -mcpu=cortex-a9 -mfpu=vfpv3 -mfloat-abi=hard -Wl,-build-id=none -specs=Xilinx.spec -Wl,-T -Wl,../src/lscript.ld -L../../part2_bsp/ps7_cortexa9_0/lib -o "part2.elf"  ./src/helloworld.o ./src/platform.o   -Wl,--start-group,-lxil,-lgcc,-lc,--end-group
'Finished building target: part2.elf'
' '
'Invoking: ARM v7 Print Size'
arm-none-eabi-size part2.elf  |tee "part2.elf.size"
   text	   data	    bss	    dec	    hex	filename
  38652	   2256	  24504	  65412	   ff84	part2.elf
'Finished building: part2.elf.size'
' '
15:50:07 **** Incremental Build of configuration Debug for project part2 ****
make pre-build main-build 
a9-linaro-pre-build-step
' '
make: Nothing to be done for `main-build'.
15:50:40 **** Auto Build of configuration Debug for project part2 ****
make pre-build main-build 
a9-linaro-pre-build-step
' '
'Building file: ../src/helloworld.c'
'Invoking: ARM v7 gcc compiler'
arm-none-eabi-gcc -Wall -O0 -g3 -c -fmessage-length=0 -MT"src/helloworld.o" -mcpu=cortex-a9 -mfpu=vfpv3 -mfloat-abi=hard -I../../part2_bsp/ps7_cortexa9_0/include -MMD -MP -MF"src/helloworld.d" -MT"src/helloworld.o" -o "src/helloworld.o" "../src/helloworld.c"
../src/helloworld.c:119:2: warning: #warning CHECK FOR THE VALID DDR ADDRESS IN XPARAMETERS.H, DEFAULT SET TO 0x01000000 [-Wcpp]
 #warning CHECK FOR THE VALID DDR ADDRESS IN XPARAMETERS.H, \
  ^~~~~~~
'Finished building: ../src/helloworld.c'
' '
'Building target: part2.elf'
'Invoking: ARM v7 gcc linker'
arm-none-eabi-gcc -mcpu=cortex-a9 -mfpu=vfpv3 -mfloat-abi=hard -Wl,-build-id=none -specs=Xilinx.spec -Wl,-T -Wl,../src/lscript.ld -L../../part2_bsp/ps7_cortexa9_0/lib -o "part2.elf"  ./src/helloworld.o ./src/platform.o   -Wl,--start-group,-lxil,-lgcc,-lc,--end-group
'Finished building target: part2.elf'
' '
'Invoking: ARM v7 Print Size'
arm-none-eabi-size part2.elf  |tee "part2.elf.size"
   text	   data	    bss	    dec	    hex	filename
  38652	   2256	  24504	  65412	   ff84	part2.elf
'Finished building: part2.elf.size'
' '
15:50:43 **** Incremental Build of configuration Debug for project part2 ****
make pre-build main-build 
a9-linaro-pre-build-step
' '
make: Nothing to be done for `main-build'.
15:51:15 **** Incremental Build of configuration Debug for project part2 ****
make pre-build main-build 
a9-linaro-pre-build-step
' '
make: Nothing to be done for `main-build'.
15:51:34 **** Incremental Build of configuration Debug for project part2 ****
make pre-build main-build 
a9-linaro-pre-build-step
' '
make: Nothing to be done for `main-build'.
15:52:46 **** Auto Build of configuration Debug for project part2 ****
make pre-build main-build 
a9-linaro-pre-build-step
' '
'Building file: ../src/helloworld.c'
'Invoking: ARM v7 gcc compiler'
arm-none-eabi-gcc -Wall -O0 -g3 -c -fmessage-length=0 -MT"src/helloworld.o" -mcpu=cortex-a9 -mfpu=vfpv3 -mfloat-abi=hard -I../../part2_bsp/ps7_cortexa9_0/include -MMD -MP -MF"src/helloworld.d" -MT"src/helloworld.o" -o "src/helloworld.o" "../src/helloworld.c"
../src/helloworld.c:119:2: warning: #warning CHECK FOR THE VALID DDR ADDRESS IN XPARAMETERS.H, DEFAULT SET TO 0x01000000 [-Wcpp]
 #warning CHECK FOR THE VALID DDR ADDRESS IN XPARAMETERS.H, \
  ^~~~~~~
'Finished building: ../src/helloworld.c'
' '
'Building target: part2.elf'
'Invoking: ARM v7 gcc linker'
arm-none-eabi-gcc -mcpu=cortex-a9 -mfpu=vfpv3 -mfloat-abi=hard -Wl,-build-id=none -specs=Xilinx.spec -Wl,-T -Wl,../src/lscript.ld -L../../part2_bsp/ps7_cortexa9_0/lib -o "part2.elf"  ./src/helloworld.o ./src/platform.o   -Wl,--start-group,-lxil,-lgcc,-lc,--end-group
'Finished building target: part2.elf'
' '
'Invoking: ARM v7 Print Size'
arm-none-eabi-size part2.elf  |tee "part2.elf.size"
   text	   data	    bss	    dec	    hex	filename
  38652	   2256	  24504	  65412	   ff84	part2.elf
'Finished building: part2.elf.size'
' '
15:52:48 **** Incremental Build of configuration Debug for project part2 ****
make pre-build main-build 
a9-linaro-pre-build-step
' '
make: Nothing to be done for `main-build'.
15:53:06 **** Auto Build of configuration Debug for project part2 ****
make pre-build main-build 
a9-linaro-pre-build-step
' '
'Building file: ../src/helloworld.c'
'Invoking: ARM v7 gcc compiler'
arm-none-eabi-gcc -Wall -O0 -g3 -c -fmessage-length=0 -MT"src/helloworld.o" -mcpu=cortex-a9 -mfpu=vfpv3 -mfloat-abi=hard -I../../part2_bsp/ps7_cortexa9_0/include -MMD -MP -MF"src/helloworld.d" -MT"src/helloworld.o" -o "src/helloworld.o" "../src/helloworld.c"
../src/helloworld.c:119:2: warning: #warning CHECK FOR THE VALID DDR ADDRESS IN XPARAMETERS.H, DEFAULT SET TO 0x01000000 [-Wcpp]
 #warning CHECK FOR THE VALID DDR ADDRESS IN XPARAMETERS.H, \
  ^~~~~~~
'Finished building: ../src/helloworld.c'
' '
'Building target: part2.elf'
'Invoking: ARM v7 gcc linker'
arm-none-eabi-gcc -mcpu=cortex-a9 -mfpu=vfpv3 -mfloat-abi=hard -Wl,-build-id=none -specs=Xilinx.spec -Wl,-T -Wl,../src/lscript.ld -L../../part2_bsp/ps7_cortexa9_0/lib -o "part2.elf"  ./src/helloworld.o ./src/platform.o   -Wl,--start-group,-lxil,-lgcc,-lc,--end-group
'Finished building target: part2.elf'
' '
'Invoking: ARM v7 Print Size'
arm-none-eabi-size part2.elf  |tee "part2.elf.size"
   text	   data	    bss	    dec	    hex	filename
  38652	   2256	  24504	  65412	   ff84	part2.elf
'Finished building: part2.elf.size'
' '
15:53:10 **** Incremental Build of configuration Debug for project part2 ****
make pre-build main-build 
a9-linaro-pre-build-step
' '
make: Nothing to be done for `main-build'.
15:53:22 **** Auto Build of configuration Debug for project part2 ****
make pre-build main-build 
a9-linaro-pre-build-step
' '
'Building file: ../src/helloworld.c'
'Invoking: ARM v7 gcc compiler'
arm-none-eabi-gcc -Wall -O0 -g3 -c -fmessage-length=0 -MT"src/helloworld.o" -mcpu=cortex-a9 -mfpu=vfpv3 -mfloat-abi=hard -I../../part2_bsp/ps7_cortexa9_0/include -MMD -MP -MF"src/helloworld.d" -MT"src/helloworld.o" -o "src/helloworld.o" "../src/helloworld.c"
../src/helloworld.c:119:2: warning: #warning CHECK FOR THE VALID DDR ADDRESS IN XPARAMETERS.H, DEFAULT SET TO 0x01000000 [-Wcpp]
 #warning CHECK FOR THE VALID DDR ADDRESS IN XPARAMETERS.H, \
  ^~~~~~~
'Finished building: ../src/helloworld.c'
' '
'Building target: part2.elf'
'Invoking: ARM v7 gcc linker'
arm-none-eabi-gcc -mcpu=cortex-a9 -mfpu=vfpv3 -mfloat-abi=hard -Wl,-build-id=none -specs=Xilinx.spec -Wl,-T -Wl,../src/lscript.ld -L../../part2_bsp/ps7_cortexa9_0/lib -o "part2.elf"  ./src/helloworld.o ./src/platform.o   -Wl,--start-group,-lxil,-lgcc,-lc,--end-group
'Finished building target: part2.elf'
' '
'Invoking: ARM v7 Print Size'
arm-none-eabi-size part2.elf  |tee "part2.elf.size"
   text	   data	    bss	    dec	    hex	filename
  38652	   2256	  24504	  65412	   ff84	part2.elf
'Finished building: part2.elf.size'
' '
15:53:25 **** Incremental Build of configuration Debug for project part2 ****
make pre-build main-build 
a9-linaro-pre-build-step
' '
make: Nothing to be done for `main-build'.
15:53:47 **** Auto Build of configuration Debug for project part2 ****
make pre-build main-build 
a9-linaro-pre-build-step
' '
'Building file: ../src/helloworld.c'
'Invoking: ARM v7 gcc compiler'
arm-none-eabi-gcc -Wall -O0 -g3 -c -fmessage-length=0 -MT"src/helloworld.o" -mcpu=cortex-a9 -mfpu=vfpv3 -mfloat-abi=hard -I../../part2_bsp/ps7_cortexa9_0/include -MMD -MP -MF"src/helloworld.d" -MT"src/helloworld.o" -o "src/helloworld.o" "../src/helloworld.c"
../src/helloworld.c:119:2: warning: #warning CHECK FOR THE VALID DDR ADDRESS IN XPARAMETERS.H, DEFAULT SET TO 0x01000000 [-Wcpp]
 #warning CHECK FOR THE VALID DDR ADDRESS IN XPARAMETERS.H, \
  ^~~~~~~
'Finished building: ../src/helloworld.c'
' '
'Building target: part2.elf'
'Invoking: ARM v7 gcc linker'
arm-none-eabi-gcc -mcpu=cortex-a9 -mfpu=vfpv3 -mfloat-abi=hard -Wl,-build-id=none -specs=Xilinx.spec -Wl,-T -Wl,../src/lscript.ld -L../../part2_bsp/ps7_cortexa9_0/lib -o "part2.elf"  ./src/helloworld.o ./src/platform.o   -Wl,--start-group,-lxil,-lgcc,-lc,--end-group
'Finished building target: part2.elf'
' '
'Invoking: ARM v7 Print Size'
arm-none-eabi-size part2.elf  |tee "part2.elf.size"
   text	   data	    bss	    dec	    hex	filename
  38652	   2256	  24504	  65412	   ff84	part2.elf
'Finished building: part2.elf.size'
' '
15:53:51 **** Incremental Build of configuration Debug for project part2 ****
make pre-build main-build 
a9-linaro-pre-build-step
' '
make: Nothing to be done for `main-build'.
15:54:04 **** Auto Build of configuration Debug for project part2 ****
make pre-build main-build 
a9-linaro-pre-build-step
' '
'Building file: ../src/helloworld.c'
'Invoking: ARM v7 gcc compiler'
arm-none-eabi-gcc -Wall -O0 -g3 -c -fmessage-length=0 -MT"src/helloworld.o" -mcpu=cortex-a9 -mfpu=vfpv3 -mfloat-abi=hard -I../../part2_bsp/ps7_cortexa9_0/include -MMD -MP -MF"src/helloworld.d" -MT"src/helloworld.o" -o "src/helloworld.o" "../src/helloworld.c"
../src/helloworld.c:119:2: warning: #warning CHECK FOR THE VALID DDR ADDRESS IN XPARAMETERS.H, DEFAULT SET TO 0x01000000 [-Wcpp]
 #warning CHECK FOR THE VALID DDR ADDRESS IN XPARAMETERS.H, \
  ^~~~~~~
'Finished building: ../src/helloworld.c'
' '
'Building target: part2.elf'
'Invoking: ARM v7 gcc linker'
arm-none-eabi-gcc -mcpu=cortex-a9 -mfpu=vfpv3 -mfloat-abi=hard -Wl,-build-id=none -specs=Xilinx.spec -Wl,-T -Wl,../src/lscript.ld -L../../part2_bsp/ps7_cortexa9_0/lib -o "part2.elf"  ./src/helloworld.o ./src/platform.o   -Wl,--start-group,-lxil,-lgcc,-lc,--end-group
'Finished building target: part2.elf'
' '
'Invoking: ARM v7 Print Size'
arm-none-eabi-size part2.elf  |tee "part2.elf.size"
   text	   data	    bss	    dec	    hex	filename
  38652	   2256	  24504	  65412	   ff84	part2.elf
'Finished building: part2.elf.size'
' '
15:54:06 **** Incremental Build of configuration Debug for project part2 ****
make pre-build main-build 
a9-linaro-pre-build-step
' '
make: Nothing to be done for `main-build'.
15:55:34 **** Auto Build of configuration Debug for project part2 ****
make pre-build main-build 
a9-linaro-pre-build-step
' '
'Building file: ../src/helloworld.c'
'Invoking: ARM v7 gcc compiler'
arm-none-eabi-gcc -Wall -O0 -g3 -c -fmessage-length=0 -MT"src/helloworld.o" -mcpu=cortex-a9 -mfpu=vfpv3 -mfloat-abi=hard -I../../part2_bsp/ps7_cortexa9_0/include -MMD -MP -MF"src/helloworld.d" -MT"src/helloworld.o" -o "src/helloworld.o" "../src/helloworld.c"
../src/helloworld.c:119:2: warning: #warning CHECK FOR THE VALID DDR ADDRESS IN XPARAMETERS.H, DEFAULT SET TO 0x01000000 [-Wcpp]
 #warning CHECK FOR THE VALID DDR ADDRESS IN XPARAMETERS.H, \
  ^~~~~~~
'Finished building: ../src/helloworld.c'
' '
'Building target: part2.elf'
'Invoking: ARM v7 gcc linker'
arm-none-eabi-gcc -mcpu=cortex-a9 -mfpu=vfpv3 -mfloat-abi=hard -Wl,-build-id=none -specs=Xilinx.spec -Wl,-T -Wl,../src/lscript.ld -L../../part2_bsp/ps7_cortexa9_0/lib -o "part2.elf"  ./src/helloworld.o ./src/platform.o   -Wl,--start-group,-lxil,-lgcc,-lc,--end-group
'Finished building target: part2.elf'
' '
'Invoking: ARM v7 Print Size'
arm-none-eabi-size part2.elf  |tee "part2.elf.size"
   text	   data	    bss	    dec	    hex	filename
  38652	   2256	  24504	  65412	   ff84	part2.elf
'Finished building: part2.elf.size'
' '
15:55:36 **** Incremental Build of configuration Debug for project part2 ****
make pre-build main-build 
a9-linaro-pre-build-step
' '
make: Nothing to be done for `main-build'.
15:55:47 **** Auto Build of configuration Debug for project part2 ****
make pre-build main-build 
a9-linaro-pre-build-step
' '
'Building file: ../src/helloworld.c'
'Invoking: ARM v7 gcc compiler'
arm-none-eabi-gcc -Wall -O0 -g3 -c -fmessage-length=0 -MT"src/helloworld.o" -mcpu=cortex-a9 -mfpu=vfpv3 -mfloat-abi=hard -I../../part2_bsp/ps7_cortexa9_0/include -MMD -MP -MF"src/helloworld.d" -MT"src/helloworld.o" -o "src/helloworld.o" "../src/helloworld.c"
../src/helloworld.c:119:2: warning: #warning CHECK FOR THE VALID DDR ADDRESS IN XPARAMETERS.H, DEFAULT SET TO 0x01000000 [-Wcpp]
 #warning CHECK FOR THE VALID DDR ADDRESS IN XPARAMETERS.H, \
  ^~~~~~~
'Finished building: ../src/helloworld.c'
' '
'Building target: part2.elf'
'Invoking: ARM v7 gcc linker'
arm-none-eabi-gcc -mcpu=cortex-a9 -mfpu=vfpv3 -mfloat-abi=hard -Wl,-build-id=none -specs=Xilinx.spec -Wl,-T -Wl,../src/lscript.ld -L../../part2_bsp/ps7_cortexa9_0/lib -o "part2.elf"  ./src/helloworld.o ./src/platform.o   -Wl,--start-group,-lxil,-lgcc,-lc,--end-group
'Finished building target: part2.elf'
' '
'Invoking: ARM v7 Print Size'
arm-none-eabi-size part2.elf  |tee "part2.elf.size"
   text	   data	    bss	    dec	    hex	filename
  38652	   2256	  24504	  65412	   ff84	part2.elf
'Finished building: part2.elf.size'
' '
15:55:51 **** Incremental Build of configuration Debug for project part2 ****
make pre-build main-build 
a9-linaro-pre-build-step
' '
make: Nothing to be done for `main-build'.
15:56:02 **** Auto Build of configuration Debug for project part2 ****
make pre-build main-build 
a9-linaro-pre-build-step
' '
'Building file: ../src/helloworld.c'
'Invoking: ARM v7 gcc compiler'
arm-none-eabi-gcc -Wall -O0 -g3 -c -fmessage-length=0 -MT"src/helloworld.o" -mcpu=cortex-a9 -mfpu=vfpv3 -mfloat-abi=hard -I../../part2_bsp/ps7_cortexa9_0/include -MMD -MP -MF"src/helloworld.d" -MT"src/helloworld.o" -o "src/helloworld.o" "../src/helloworld.c"
../src/helloworld.c:119:2: warning: #warning CHECK FOR THE VALID DDR ADDRESS IN XPARAMETERS.H, DEFAULT SET TO 0x01000000 [-Wcpp]
 #warning CHECK FOR THE VALID DDR ADDRESS IN XPARAMETERS.H, \
  ^~~~~~~
'Finished building: ../src/helloworld.c'
' '
'Building target: part2.elf'
'Invoking: ARM v7 gcc linker'
arm-none-eabi-gcc -mcpu=cortex-a9 -mfpu=vfpv3 -mfloat-abi=hard -Wl,-build-id=none -specs=Xilinx.spec -Wl,-T -Wl,../src/lscript.ld -L../../part2_bsp/ps7_cortexa9_0/lib -o "part2.elf"  ./src/helloworld.o ./src/platform.o   -Wl,--start-group,-lxil,-lgcc,-lc,--end-group
'Finished building target: part2.elf'
' '
'Invoking: ARM v7 Print Size'
arm-none-eabi-size part2.elf  |tee "part2.elf.size"
   text	   data	    bss	    dec	    hex	filename
  38652	   2256	  24504	  65412	   ff84	part2.elf
'Finished building: part2.elf.size'
' '
15:56:04 **** Incremental Build of configuration Debug for project part2 ****
make pre-build main-build 
a9-linaro-pre-build-step
' '
make: Nothing to be done for `main-build'.
15:59:22 **** Auto Build of configuration Debug for project part2 ****
make pre-build main-build 
a9-linaro-pre-build-step
' '
'Building file: ../src/helloworld.c'
'Invoking: ARM v7 gcc compiler'
arm-none-eabi-gcc -Wall -O0 -g3 -c -fmessage-length=0 -MT"src/helloworld.o" -mcpu=cortex-a9 -mfpu=vfpv3 -mfloat-abi=hard -I../../part2_bsp/ps7_cortexa9_0/include -MMD -MP -MF"src/helloworld.d" -MT"src/helloworld.o" -o "src/helloworld.o" "../src/helloworld.c"
../src/helloworld.c:119:2: warning: #warning CHECK FOR THE VALID DDR ADDRESS IN XPARAMETERS.H, DEFAULT SET TO 0x01000000 [-Wcpp]
 #warning CHECK FOR THE VALID DDR ADDRESS IN XPARAMETERS.H, \
  ^~~~~~~
'Finished building: ../src/helloworld.c'
' '
'Building target: part2.elf'
'Invoking: ARM v7 gcc linker'
arm-none-eabi-gcc -mcpu=cortex-a9 -mfpu=vfpv3 -mfloat-abi=hard -Wl,-build-id=none -specs=Xilinx.spec -Wl,-T -Wl,../src/lscript.ld -L../../part2_bsp/ps7_cortexa9_0/lib -o "part2.elf"  ./src/helloworld.o ./src/platform.o   -Wl,--start-group,-lxil,-lgcc,-lc,--end-group
'Finished building target: part2.elf'
' '
'Invoking: ARM v7 Print Size'
arm-none-eabi-size part2.elf  |tee "part2.elf.size"
   text	   data	    bss	    dec	    hex	filename
  38652	   2256	  24504	  65412	   ff84	part2.elf
'Finished building: part2.elf.size'
' '
15:59:24 **** Incremental Build of configuration Debug for project part2 ****
make pre-build main-build 
a9-linaro-pre-build-step
' '
make: Nothing to be done for `main-build'.
15:59:46 **** Auto Build of configuration Debug for project part2 ****
make pre-build main-build 
a9-linaro-pre-build-step
' '
'Building file: ../src/helloworld.c'
'Invoking: ARM v7 gcc compiler'
arm-none-eabi-gcc -Wall -O0 -g3 -c -fmessage-length=0 -MT"src/helloworld.o" -mcpu=cortex-a9 -mfpu=vfpv3 -mfloat-abi=hard -I../../part2_bsp/ps7_cortexa9_0/include -MMD -MP -MF"src/helloworld.d" -MT"src/helloworld.o" -o "src/helloworld.o" "../src/helloworld.c"
../src/helloworld.c:119:2: warning: #warning CHECK FOR THE VALID DDR ADDRESS IN XPARAMETERS.H, DEFAULT SET TO 0x01000000 [-Wcpp]
 #warning CHECK FOR THE VALID DDR ADDRESS IN XPARAMETERS.H, \
  ^~~~~~~
'Finished building: ../src/helloworld.c'
' '
'Building target: part2.elf'
'Invoking: ARM v7 gcc linker'
arm-none-eabi-gcc -mcpu=cortex-a9 -mfpu=vfpv3 -mfloat-abi=hard -Wl,-build-id=none -specs=Xilinx.spec -Wl,-T -Wl,../src/lscript.ld -L../../part2_bsp/ps7_cortexa9_0/lib -o "part2.elf"  ./src/helloworld.o ./src/platform.o   -Wl,--start-group,-lxil,-lgcc,-lc,--end-group
'Finished building target: part2.elf'
' '
'Invoking: ARM v7 Print Size'
arm-none-eabi-size part2.elf  |tee "part2.elf.size"
   text	   data	    bss	    dec	    hex	filename
  38652	   2256	  24504	  65412	   ff84	part2.elf
'Finished building: part2.elf.size'
' '
15:59:48 **** Incremental Build of configuration Debug for project part2 ****
make pre-build main-build 
a9-linaro-pre-build-step
' '
make: Nothing to be done for `main-build'.
16:00:25 **** Auto Build of configuration Debug for project part2 ****
make pre-build main-build 
a9-linaro-pre-build-step
' '
'Building file: ../src/helloworld.c'
'Invoking: ARM v7 gcc compiler'
arm-none-eabi-gcc -Wall -O0 -g3 -c -fmessage-length=0 -MT"src/helloworld.o" -mcpu=cortex-a9 -mfpu=vfpv3 -mfloat-abi=hard -I../../part2_bsp/ps7_cortexa9_0/include -MMD -MP -MF"src/helloworld.d" -MT"src/helloworld.o" -o "src/helloworld.o" "../src/helloworld.c"
../src/helloworld.c:119:2: warning: #warning CHECK FOR THE VALID DDR ADDRESS IN XPARAMETERS.H, DEFAULT SET TO 0x01000000 [-Wcpp]
 #warning CHECK FOR THE VALID DDR ADDRESS IN XPARAMETERS.H, \
  ^~~~~~~
'Finished building: ../src/helloworld.c'
' '
'Building target: part2.elf'
'Invoking: ARM v7 gcc linker'
arm-none-eabi-gcc -mcpu=cortex-a9 -mfpu=vfpv3 -mfloat-abi=hard -Wl,-build-id=none -specs=Xilinx.spec -Wl,-T -Wl,../src/lscript.ld -L../../part2_bsp/ps7_cortexa9_0/lib -o "part2.elf"  ./src/helloworld.o ./src/platform.o   -Wl,--start-group,-lxil,-lgcc,-lc,--end-group
'Finished building target: part2.elf'
' '
'Invoking: ARM v7 Print Size'
arm-none-eabi-size part2.elf  |tee "part2.elf.size"
   text	   data	    bss	    dec	    hex	filename
  38652	   2256	  24504	  65412	   ff84	part2.elf
'Finished building: part2.elf.size'
' '
16:00:27 **** Incremental Build of configuration Debug for project part2 ****
make pre-build main-build 
a9-linaro-pre-build-step
' '
make: Nothing to be done for `main-build'.
16:01:48 **** Auto Build of configuration Debug for project part2 ****
make pre-build main-build 
a9-linaro-pre-build-step
' '
'Building file: ../src/helloworld.c'
'Invoking: ARM v7 gcc compiler'
arm-none-eabi-gcc -Wall -O0 -g3 -c -fmessage-length=0 -MT"src/helloworld.o" -mcpu=cortex-a9 -mfpu=vfpv3 -mfloat-abi=hard -I../../part2_bsp/ps7_cortexa9_0/include -MMD -MP -MF"src/helloworld.d" -MT"src/helloworld.o" -o "src/helloworld.o" "../src/helloworld.c"
../src/helloworld.c:119:2: warning: #warning CHECK FOR THE VALID DDR ADDRESS IN XPARAMETERS.H, DEFAULT SET TO 0x01000000 [-Wcpp]
 #warning CHECK FOR THE VALID DDR ADDRESS IN XPARAMETERS.H, \
  ^~~~~~~
'Finished building: ../src/helloworld.c'
' '
'Building target: part2.elf'
'Invoking: ARM v7 gcc linker'
arm-none-eabi-gcc -mcpu=cortex-a9 -mfpu=vfpv3 -mfloat-abi=hard -Wl,-build-id=none -specs=Xilinx.spec -Wl,-T -Wl,../src/lscript.ld -L../../part2_bsp/ps7_cortexa9_0/lib -o "part2.elf"  ./src/helloworld.o ./src/platform.o   -Wl,--start-group,-lxil,-lgcc,-lc,--end-group
'Finished building target: part2.elf'
' '
'Invoking: ARM v7 Print Size'
arm-none-eabi-size part2.elf  |tee "part2.elf.size"
   text	   data	    bss	    dec	    hex	filename
  38652	   2256	  24504	  65412	   ff84	part2.elf
'Finished building: part2.elf.size'
' '
16:01:50 **** Incremental Build of configuration Debug for project part2 ****
make pre-build main-build 
a9-linaro-pre-build-step
' '
make: Nothing to be done for `main-build'.
16:02:54 **** Auto Build of configuration Debug for project part2 ****
make pre-build main-build 
a9-linaro-pre-build-step
' '
'Building file: ../src/helloworld.c'
'Invoking: ARM v7 gcc compiler'
arm-none-eabi-gcc -Wall -O0 -g3 -c -fmessage-length=0 -MT"src/helloworld.o" -mcpu=cortex-a9 -mfpu=vfpv3 -mfloat-abi=hard -I../../part2_bsp/ps7_cortexa9_0/include -MMD -MP -MF"src/helloworld.d" -MT"src/helloworld.o" -o "src/helloworld.o" "../src/helloworld.c"
../src/helloworld.c:119:2: warning: #warning CHECK FOR THE VALID DDR ADDRESS IN XPARAMETERS.H, DEFAULT SET TO 0x01000000 [-Wcpp]
 #warning CHECK FOR THE VALID DDR ADDRESS IN XPARAMETERS.H, \
  ^~~~~~~
../src/helloworld.c: In function 'main':
../src/helloworld.c:237:2: warning: implicit declaration of function 'printf' [-Wimplicit-function-declaration]
  printf("Sending packet \n");
  ^~~~~~
../src/helloworld.c:237:2: warning: incompatible implicit declaration of built-in function 'printf'
../src/helloworld.c:237:2: note: include '<stdio.h>' or provide a declaration of 'printf'
'Finished building: ../src/helloworld.c'
' '
'Building target: part2.elf'
'Invoking: ARM v7 gcc linker'
arm-none-eabi-gcc -mcpu=cortex-a9 -mfpu=vfpv3 -mfloat-abi=hard -Wl,-build-id=none -specs=Xilinx.spec -Wl,-T -Wl,../src/lscript.ld -L../../part2_bsp/ps7_cortexa9_0/lib -o "part2.elf"  ./src/helloworld.o ./src/platform.o   -Wl,--start-group,-lxil,-lgcc,-lc,--end-group
'Finished building target: part2.elf'
' '
'Invoking: ARM v7 Print Size'
arm-none-eabi-size part2.elf  |tee "part2.elf.size"
   text	   data	    bss	    dec	    hex	filename
  46866	   2256	  24504	  73626	  11f9a	part2.elf
'Finished building: part2.elf.size'
' '
16:02:56 **** Incremental Build of configuration Debug for project part2 ****
make pre-build main-build 
a9-linaro-pre-build-step
' '
make: Nothing to be done for `main-build'.
16:07:45 **** Incremental Build of configuration Debug for project part2 ****
make pre-build main-build 
a9-linaro-pre-build-step
' '
make: Nothing to be done for `main-build'.
16:07:57 **** Incremental Build of configuration Debug for project part2 ****
make pre-build main-build 
a9-linaro-pre-build-step
' '
make: Nothing to be done for `main-build'.
16:08:21 **** Incremental Build of configuration Debug for project part2 ****
make pre-build main-build 
a9-linaro-pre-build-step
' '
make: Nothing to be done for `main-build'.
18:54:22 **** Auto Build of configuration Debug for project part2 ****
make pre-build main-build 
a9-linaro-pre-build-step
' '
'Building file: ../src/helloworld.c'
'Invoking: ARM v7 gcc compiler'
arm-none-eabi-gcc -Wall -O0 -g3 -c -fmessage-length=0 -MT"src/helloworld.o" -mcpu=cortex-a9 -mfpu=vfpv3 -mfloat-abi=hard -I../../part2_bsp/ps7_cortexa9_0/include -MMD -MP -MF"src/helloworld.d" -MT"src/helloworld.o" -o "src/helloworld.o" "../src/helloworld.c"
../src/helloworld.c:119:2: warning: #warning CHECK FOR THE VALID DDR ADDRESS IN XPARAMETERS.H, DEFAULT SET TO 0x01000000 [-Wcpp]
 #warning CHECK FOR THE VALID DDR ADDRESS IN XPARAMETERS.H, \
  ^~~~~~~
../src/helloworld.c: In function 'main':
../src/helloworld.c:237:2: warning: implicit declaration of function 'printf' [-Wimplicit-function-declaration]
  printf("Sending packet \n");
  ^~~~~~
../src/helloworld.c:237:2: warning: incompatible implicit declaration of built-in function 'printf'
../src/helloworld.c:237:2: note: include '<stdio.h>' or provide a declaration of 'printf'
'Finished building: ../src/helloworld.c'
' '
'Building target: part2.elf'
'Invoking: ARM v7 gcc linker'
arm-none-eabi-gcc -mcpu=cortex-a9 -mfpu=vfpv3 -mfloat-abi=hard -Wl,-build-id=none -specs=Xilinx.spec -Wl,-T -Wl,../src/lscript.ld -L../../part2_bsp/ps7_cortexa9_0/lib -o "part2.elf"  ./src/helloworld.o ./src/platform.o   -Wl,--start-group,-lxil,-lgcc,-lc,--end-group
'Finished building target: part2.elf'
' '
'Invoking: ARM v7 Print Size'
arm-none-eabi-size part2.elf  |tee "part2.elf.size"
   text	   data	    bss	    dec	    hex	filename
  46866	   2256	  24504	  73626	  11f9a	part2.elf
'Finished building: part2.elf.size'
' '
19:12:14 **** Incremental Build of configuration Debug for project part2 ****
make pre-build main-build 
a9-linaro-pre-build-step
' '
make: Nothing to be done for `main-build'.
19:12:41 **** Auto Build of configuration Debug for project part2 ****
make pre-build main-build 
a9-linaro-pre-build-step
' '
'Building file: ../src/helloworld.c'
'Invoking: ARM v7 gcc compiler'
arm-none-eabi-gcc -Wall -O0 -g3 -c -fmessage-length=0 -MT"src/helloworld.o" -mcpu=cortex-a9 -mfpu=vfpv3 -mfloat-abi=hard -I../../part2_bsp/ps7_cortexa9_0/include -MMD -MP -MF"src/helloworld.d" -MT"src/helloworld.o" -o "src/helloworld.o" "../src/helloworld.c"
../src/helloworld.c:119:2: warning: #warning CHECK FOR THE VALID DDR ADDRESS IN XPARAMETERS.H, DEFAULT SET TO 0x01000000 [-Wcpp]
 #warning CHECK FOR THE VALID DDR ADDRESS IN XPARAMETERS.H, \
  ^~~~~~~
../src/helloworld.c: In function 'main':
../src/helloworld.c:237:2: warning: implicit declaration of function 'printf' [-Wimplicit-function-declaration]
  printf("Sending packet \n");
  ^~~~~~
../src/helloworld.c:237:2: warning: incompatible implicit declaration of built-in function 'printf'
../src/helloworld.c:237:2: note: include '<stdio.h>' or provide a declaration of 'printf'
'Finished building: ../src/helloworld.c'
' '
'Building target: part2.elf'
'Invoking: ARM v7 gcc linker'
arm-none-eabi-gcc -mcpu=cortex-a9 -mfpu=vfpv3 -mfloat-abi=hard -Wl,-build-id=none -specs=Xilinx.spec -Wl,-T -Wl,../src/lscript.ld -L../../part2_bsp/ps7_cortexa9_0/lib -o "part2.elf"  ./src/helloworld.o ./src/platform.o   -Wl,--start-group,-lxil,-lgcc,-lc,--end-group
'Finished building target: part2.elf'
' '
'Invoking: ARM v7 Print Size'
arm-none-eabi-size part2.elf  |tee "part2.elf.size"
   text	   data	    bss	    dec	    hex	filename
  46866	   2256	  24504	  73626	  11f9a	part2.elf
'Finished building: part2.elf.size'
' '
19:12:42 **** Incremental Build of configuration Debug for project part2 ****
make pre-build main-build 
a9-linaro-pre-build-step
' '
make: Nothing to be done for `main-build'.
19:13:30 **** Auto Build of configuration Debug for project part2 ****
make pre-build main-build 
a9-linaro-pre-build-step
' '
'Building file: ../src/helloworld.c'
'Invoking: ARM v7 gcc compiler'
arm-none-eabi-gcc -Wall -O0 -g3 -c -fmessage-length=0 -MT"src/helloworld.o" -mcpu=cortex-a9 -mfpu=vfpv3 -mfloat-abi=hard -I../../part2_bsp/ps7_cortexa9_0/include -MMD -MP -MF"src/helloworld.d" -MT"src/helloworld.o" -o "src/helloworld.o" "../src/helloworld.c"
../src/helloworld.c:119:2: warning: #warning CHECK FOR THE VALID DDR ADDRESS IN XPARAMETERS.H, DEFAULT SET TO 0x01000000 [-Wcpp]
 #warning CHECK FOR THE VALID DDR ADDRESS IN XPARAMETERS.H, \
  ^~~~~~~
../src/helloworld.c: In function 'main':
../src/helloworld.c:237:2: warning: implicit declaration of function 'printf' [-Wimplicit-function-declaration]
  printf("Sending packet \n");
  ^~~~~~
../src/helloworld.c:237:2: warning: incompatible implicit declaration of built-in function 'printf'
../src/helloworld.c:237:2: note: include '<stdio.h>' or provide a declaration of 'printf'
'Finished building: ../src/helloworld.c'
' '
'Building target: part2.elf'
'Invoking: ARM v7 gcc linker'
arm-none-eabi-gcc -mcpu=cortex-a9 -mfpu=vfpv3 -mfloat-abi=hard -Wl,-build-id=none -specs=Xilinx.spec -Wl,-T -Wl,../src/lscript.ld -L../../part2_bsp/ps7_cortexa9_0/lib -o "part2.elf"  ./src/helloworld.o ./src/platform.o   -Wl,--start-group,-lxil,-lgcc,-lc,--end-group
'Finished building target: part2.elf'
' '
'Invoking: ARM v7 Print Size'
arm-none-eabi-size part2.elf  |tee "part2.elf.size"
   text	   data	    bss	    dec	    hex	filename
  46866	   2256	  24504	  73626	  11f9a	part2.elf
'Finished building: part2.elf.size'
' '
19:13:32 **** Incremental Build of configuration Debug for project part2 ****
make pre-build main-build 
a9-linaro-pre-build-step
' '
make: Nothing to be done for `main-build'.
19:13:52 **** Auto Build of configuration Debug for project part2 ****
make pre-build main-build 
a9-linaro-pre-build-step
' '
'Building file: ../src/helloworld.c'
'Invoking: ARM v7 gcc compiler'
arm-none-eabi-gcc -Wall -O0 -g3 -c -fmessage-length=0 -MT"src/helloworld.o" -mcpu=cortex-a9 -mfpu=vfpv3 -mfloat-abi=hard -I../../part2_bsp/ps7_cortexa9_0/include -MMD -MP -MF"src/helloworld.d" -MT"src/helloworld.o" -o "src/helloworld.o" "../src/helloworld.c"
../src/helloworld.c:119:2: warning: #warning CHECK FOR THE VALID DDR ADDRESS IN XPARAMETERS.H, DEFAULT SET TO 0x01000000 [-Wcpp]
 #warning CHECK FOR THE VALID DDR ADDRESS IN XPARAMETERS.H, \
  ^~~~~~~
../src/helloworld.c: In function 'main':
../src/helloworld.c:237:2: warning: implicit declaration of function 'printf' [-Wimplicit-function-declaration]
  printf("Sending packet \n");
  ^~~~~~
../src/helloworld.c:237:2: warning: incompatible implicit declaration of built-in function 'printf'
../src/helloworld.c:237:2: note: include '<stdio.h>' or provide a declaration of 'printf'
'Finished building: ../src/helloworld.c'
' '
'Building target: part2.elf'
'Invoking: ARM v7 gcc linker'
arm-none-eabi-gcc -mcpu=cortex-a9 -mfpu=vfpv3 -mfloat-abi=hard -Wl,-build-id=none -specs=Xilinx.spec -Wl,-T -Wl,../src/lscript.ld -L../../part2_bsp/ps7_cortexa9_0/lib -o "part2.elf"  ./src/helloworld.o ./src/platform.o   -Wl,--start-group,-lxil,-lgcc,-lc,--end-group
'Finished building target: part2.elf'
' '
'Invoking: ARM v7 Print Size'
arm-none-eabi-size part2.elf  |tee "part2.elf.size"
   text	   data	    bss	    dec	    hex	filename
  46866	   2256	  24504	  73626	  11f9a	part2.elf
'Finished building: part2.elf.size'
' '
19:13:54 **** Incremental Build of configuration Debug for project part2 ****
make pre-build main-build 
a9-linaro-pre-build-step
' '
make: Nothing to be done for `main-build'.
19:14:34 **** Auto Build of configuration Debug for project part2 ****
make pre-build main-build 
a9-linaro-pre-build-step
' '
'Building file: ../src/helloworld.c'
'Invoking: ARM v7 gcc compiler'
arm-none-eabi-gcc -Wall -O0 -g3 -c -fmessage-length=0 -MT"src/helloworld.o" -mcpu=cortex-a9 -mfpu=vfpv3 -mfloat-abi=hard -I../../part2_bsp/ps7_cortexa9_0/include -MMD -MP -MF"src/helloworld.d" -MT"src/helloworld.o" -o "src/helloworld.o" "../src/helloworld.c"
../src/helloworld.c:119:2: warning: #warning CHECK FOR THE VALID DDR ADDRESS IN XPARAMETERS.H, DEFAULT SET TO 0x01000000 [-Wcpp]
 #warning CHECK FOR THE VALID DDR ADDRESS IN XPARAMETERS.H, \
  ^~~~~~~
../src/helloworld.c: In function 'main':
../src/helloworld.c:237:2: warning: implicit declaration of function 'printf' [-Wimplicit-function-declaration]
  printf("Sending packet \n");
  ^~~~~~
../src/helloworld.c:237:2: warning: incompatible implicit declaration of built-in function 'printf'
../src/helloworld.c:237:2: note: include '<stdio.h>' or provide a declaration of 'printf'
'Finished building: ../src/helloworld.c'
' '
'Building target: part2.elf'
'Invoking: ARM v7 gcc linker'
arm-none-eabi-gcc -mcpu=cortex-a9 -mfpu=vfpv3 -mfloat-abi=hard -Wl,-build-id=none -specs=Xilinx.spec -Wl,-T -Wl,../src/lscript.ld -L../../part2_bsp/ps7_cortexa9_0/lib -o "part2.elf"  ./src/helloworld.o ./src/platform.o   -Wl,--start-group,-lxil,-lgcc,-lc,--end-group
'Finished building target: part2.elf'
' '
'Invoking: ARM v7 Print Size'
arm-none-eabi-size part2.elf  |tee "part2.elf.size"
   text	   data	    bss	    dec	    hex	filename
  46866	   2256	  24504	  73626	  11f9a	part2.elf
'Finished building: part2.elf.size'
' '
19:14:37 **** Incremental Build of configuration Debug for project part2 ****
make pre-build main-build 
a9-linaro-pre-build-step
' '
make: Nothing to be done for `main-build'.
19:36:57 **** Auto Build of configuration Debug for project part2 ****
make pre-build main-build 
a9-linaro-pre-build-step
' '
'Building file: ../src/helloworld.c'
'Invoking: ARM v7 gcc compiler'
arm-none-eabi-gcc -Wall -O0 -g3 -c -fmessage-length=0 -MT"src/helloworld.o" -mcpu=cortex-a9 -mfpu=vfpv3 -mfloat-abi=hard -I../../part2_bsp/ps7_cortexa9_0/include -MMD -MP -MF"src/helloworld.d" -MT"src/helloworld.o" -o "src/helloworld.o" "../src/helloworld.c"
../src/helloworld.c:119:2: warning: #warning CHECK FOR THE VALID DDR ADDRESS IN XPARAMETERS.H, DEFAULT SET TO 0x01000000 [-Wcpp]
 #warning CHECK FOR THE VALID DDR ADDRESS IN XPARAMETERS.H, \
  ^~~~~~~
../src/helloworld.c: In function 'main':
../src/helloworld.c:237:2: warning: implicit declaration of function 'printf' [-Wimplicit-function-declaration]
  printf("Sending packet \n");
  ^~~~~~
../src/helloworld.c:237:2: warning: incompatible implicit declaration of built-in function 'printf'
../src/helloworld.c:237:2: note: include '<stdio.h>' or provide a declaration of 'printf'
'Finished building: ../src/helloworld.c'
' '
'Building target: part2.elf'
'Invoking: ARM v7 gcc linker'
arm-none-eabi-gcc -mcpu=cortex-a9 -mfpu=vfpv3 -mfloat-abi=hard -Wl,-build-id=none -specs=Xilinx.spec -Wl,-T -Wl,../src/lscript.ld -L../../part2_bsp/ps7_cortexa9_0/lib -o "part2.elf"  ./src/helloworld.o ./src/platform.o   -Wl,--start-group,-lxil,-lgcc,-lc,--end-group
'Finished building target: part2.elf'
' '
'Invoking: ARM v7 Print Size'
arm-none-eabi-size part2.elf  |tee "part2.elf.size"
   text	   data	    bss	    dec	    hex	filename
  46866	   2256	  24504	  73626	  11f9a	part2.elf
'Finished building: part2.elf.size'
' '
19:37:42 **** Auto Build of configuration Debug for project part2 ****
make pre-build main-build 
a9-linaro-pre-build-step
' '
'Building file: ../src/helloworld.c'
'Invoking: ARM v7 gcc compiler'
arm-none-eabi-gcc -Wall -O0 -g3 -c -fmessage-length=0 -MT"src/helloworld.o" -mcpu=cortex-a9 -mfpu=vfpv3 -mfloat-abi=hard -I../../part2_bsp/ps7_cortexa9_0/include -MMD -MP -MF"src/helloworld.d" -MT"src/helloworld.o" -o "src/helloworld.o" "../src/helloworld.c"
../src/helloworld.c:119:2: warning: #warning CHECK FOR THE VALID DDR ADDRESS IN XPARAMETERS.H, DEFAULT SET TO 0x01000000 [-Wcpp]
 #warning CHECK FOR THE VALID DDR ADDRESS IN XPARAMETERS.H, \
  ^~~~~~~
../src/helloworld.c: In function 'main':
../src/helloworld.c:238:2: warning: implicit declaration of function 'printf' [-Wimplicit-function-declaration]
  printf("Sending packet \n");
  ^~~~~~
../src/helloworld.c:238:2: warning: incompatible implicit declaration of built-in function 'printf'
../src/helloworld.c:238:2: note: include '<stdio.h>' or provide a declaration of 'printf'
../src/helloworld.c:191:6: warning: unused variable 'array' [-Wunused-variable]
  int array[] = {10,11,12,13,14,15,16,17};
      ^~~~~
'Finished building: ../src/helloworld.c'
' '
'Building target: part2.elf'
'Invoking: ARM v7 gcc linker'
arm-none-eabi-gcc -mcpu=cortex-a9 -mfpu=vfpv3 -mfloat-abi=hard -Wl,-build-id=none -specs=Xilinx.spec -Wl,-T -Wl,../src/lscript.ld -L../../part2_bsp/ps7_cortexa9_0/lib -o "part2.elf"  ./src/helloworld.o ./src/platform.o   -Wl,--start-group,-lxil,-lgcc,-lc,--end-group
'Finished building target: part2.elf'
' '
'Invoking: ARM v7 Print Size'
arm-none-eabi-size part2.elf  |tee "part2.elf.size"
   text	   data	    bss	    dec	    hex	filename
  46962	   2256	  24504	  73722	  11ffa	part2.elf
'Finished building: part2.elf.size'
' '
19:40:34 **** Auto Build of configuration Debug for project part2 ****
make pre-build main-build 
a9-linaro-pre-build-step
' '
'Building file: ../src/helloworld.c'
'Invoking: ARM v7 gcc compiler'
arm-none-eabi-gcc -Wall -O0 -g3 -c -fmessage-length=0 -MT"src/helloworld.o" -mcpu=cortex-a9 -mfpu=vfpv3 -mfloat-abi=hard -I../../part2_bsp/ps7_cortexa9_0/include -MMD -MP -MF"src/helloworld.d" -MT"src/helloworld.o" -o "src/helloworld.o" "../src/helloworld.c"
../src/helloworld.c:119:2: warning: #warning CHECK FOR THE VALID DDR ADDRESS IN XPARAMETERS.H, DEFAULT SET TO 0x01000000 [-Wcpp]
 #warning CHECK FOR THE VALID DDR ADDRESS IN XPARAMETERS.H, \
  ^~~~~~~
../src/helloworld.c: In function 'main':
../src/helloworld.c:238:2: warning: implicit declaration of function 'printf' [-Wimplicit-function-declaration]
  printf("Sending packet \n");
  ^~~~~~
../src/helloworld.c:238:2: warning: incompatible implicit declaration of built-in function 'printf'
../src/helloworld.c:238:2: note: include '<stdio.h>' or provide a declaration of 'printf'
../src/helloworld.c:191:6: warning: unused variable 'array' [-Wunused-variable]
  int array[] = {10,11,12,13,14,15,16,17};
      ^~~~~
../src/helloworld.c: In function 'SendPacket':
../src/helloworld.c:508:11: warning: assignment from incompatible pointer type [-Wincompatible-pointer-types]
  TxPacket = (u32 *) Packet;
           ^
'Finished building: ../src/helloworld.c'
' '
'Building target: part2.elf'
'Invoking: ARM v7 gcc linker'
arm-none-eabi-gcc -mcpu=cortex-a9 -mfpu=vfpv3 -mfloat-abi=hard -Wl,-build-id=none -specs=Xilinx.spec -Wl,-T -Wl,../src/lscript.ld -L../../part2_bsp/ps7_cortexa9_0/lib -o "part2.elf"  ./src/helloworld.o ./src/platform.o   -Wl,--start-group,-lxil,-lgcc,-lc,--end-group
'Finished building target: part2.elf'
' '
'Invoking: ARM v7 Print Size'
arm-none-eabi-size part2.elf  |tee "part2.elf.size"
   text	   data	    bss	    dec	    hex	filename
  46962	   2256	  24504	  73722	  11ffa	part2.elf
'Finished building: part2.elf.size'
' '
19:40:53 **** Auto Build of configuration Debug for project part2 ****
make pre-build main-build 
a9-linaro-pre-build-step
' '
'Building file: ../src/helloworld.c'
'Invoking: ARM v7 gcc compiler'
arm-none-eabi-gcc -Wall -O0 -g3 -c -fmessage-length=0 -MT"src/helloworld.o" -mcpu=cortex-a9 -mfpu=vfpv3 -mfloat-abi=hard -I../../part2_bsp/ps7_cortexa9_0/include -MMD -MP -MF"src/helloworld.d" -MT"src/helloworld.o" -o "src/helloworld.o" "../src/helloworld.c"
../src/helloworld.c:119:2: warning: #warning CHECK FOR THE VALID DDR ADDRESS IN XPARAMETERS.H, DEFAULT SET TO 0x01000000 [-Wcpp]
 #warning CHECK FOR THE VALID DDR ADDRESS IN XPARAMETERS.H, \
  ^~~~~~~
../src/helloworld.c: In function 'main':
../src/helloworld.c:238:2: warning: implicit declaration of function 'printf' [-Wimplicit-function-declaration]
  printf("Sending packet \n");
  ^~~~~~
../src/helloworld.c:238:2: warning: incompatible implicit declaration of built-in function 'printf'
../src/helloworld.c:238:2: note: include '<stdio.h>' or provide a declaration of 'printf'
../src/helloworld.c:191:6: warning: unused variable 'array' [-Wunused-variable]
  int array[] = {10,11,12,13,14,15,16,17};
      ^~~~~
'Finished building: ../src/helloworld.c'
' '
'Building target: part2.elf'
'Invoking: ARM v7 gcc linker'
arm-none-eabi-gcc -mcpu=cortex-a9 -mfpu=vfpv3 -mfloat-abi=hard -Wl,-build-id=none -specs=Xilinx.spec -Wl,-T -Wl,../src/lscript.ld -L../../part2_bsp/ps7_cortexa9_0/lib -o "part2.elf"  ./src/helloworld.o ./src/platform.o   -Wl,--start-group,-lxil,-lgcc,-lc,--end-group
'Finished building target: part2.elf'
' '
'Invoking: ARM v7 Print Size'
arm-none-eabi-size part2.elf  |tee "part2.elf.size"
   text	   data	    bss	    dec	    hex	filename
  46962	   2256	  24504	  73722	  11ffa	part2.elf
'Finished building: part2.elf.size'
' '
19:41:28 **** Auto Build of configuration Debug for project part2 ****
make pre-build main-build 
a9-linaro-pre-build-step
' '
'Building file: ../src/helloworld.c'
'Invoking: ARM v7 gcc compiler'
arm-none-eabi-gcc -Wall -O0 -g3 -c -fmessage-length=0 -MT"src/helloworld.o" -mcpu=cortex-a9 -mfpu=vfpv3 -mfloat-abi=hard -I../../part2_bsp/ps7_cortexa9_0/include -MMD -MP -MF"src/helloworld.d" -MT"src/helloworld.o" -o "src/helloworld.o" "../src/helloworld.c"
../src/helloworld.c:119:2: warning: #warning CHECK FOR THE VALID DDR ADDRESS IN XPARAMETERS.H, DEFAULT SET TO 0x01000000 [-Wcpp]
 #warning CHECK FOR THE VALID DDR ADDRESS IN XPARAMETERS.H, \
  ^~~~~~~
../src/helloworld.c: In function 'main':
../src/helloworld.c:238:2: warning: implicit declaration of function 'printf' [-Wimplicit-function-declaration]
  printf("Sending packet \n");
  ^~~~~~
../src/helloworld.c:238:2: warning: incompatible implicit declaration of built-in function 'printf'
../src/helloworld.c:238:2: note: include '<stdio.h>' or provide a declaration of 'printf'
../src/helloworld.c:191:6: warning: unused variable 'array' [-Wunused-variable]
  int array[] = {10,11,12,13,14,15,16,17};
      ^~~~~
'Finished building: ../src/helloworld.c'
' '
'Building target: part2.elf'
'Invoking: ARM v7 gcc linker'
arm-none-eabi-gcc -mcpu=cortex-a9 -mfpu=vfpv3 -mfloat-abi=hard -Wl,-build-id=none -specs=Xilinx.spec -Wl,-T -Wl,../src/lscript.ld -L../../part2_bsp/ps7_cortexa9_0/lib -o "part2.elf"  ./src/helloworld.o ./src/platform.o   -Wl,--start-group,-lxil,-lgcc,-lc,--end-group
'Finished building target: part2.elf'
' '
'Invoking: ARM v7 Print Size'
arm-none-eabi-size part2.elf  |tee "part2.elf.size"
   text	   data	    bss	    dec	    hex	filename
  46898	   2256	  24504	  73658	  11fba	part2.elf
'Finished building: part2.elf.size'
' '
19:42:53 **** Incremental Build of configuration Debug for project part2 ****
make pre-build main-build 
a9-linaro-pre-build-step
' '
make: Nothing to be done for `main-build'.
19:43:53 **** Auto Build of configuration Debug for project part2 ****
make pre-build main-build 
a9-linaro-pre-build-step
' '
'Building file: ../src/helloworld.c'
'Invoking: ARM v7 gcc compiler'
arm-none-eabi-gcc -Wall -O0 -g3 -c -fmessage-length=0 -MT"src/helloworld.o" -mcpu=cortex-a9 -mfpu=vfpv3 -mfloat-abi=hard -I../../part2_bsp/ps7_cortexa9_0/include -MMD -MP -MF"src/helloworld.d" -MT"src/helloworld.o" -o "src/helloworld.o" "../src/helloworld.c"
../src/helloworld.c:119:2: warning: #warning CHECK FOR THE VALID DDR ADDRESS IN XPARAMETERS.H, DEFAULT SET TO 0x01000000 [-Wcpp]
 #warning CHECK FOR THE VALID DDR ADDRESS IN XPARAMETERS.H, \
  ^~~~~~~
../src/helloworld.c: In function 'main':
../src/helloworld.c:238:2: warning: implicit declaration of function 'printf' [-Wimplicit-function-declaration]
  printf("Sending packet \n");
  ^~~~~~
../src/helloworld.c:238:2: warning: incompatible implicit declaration of built-in function 'printf'
../src/helloworld.c:238:2: note: include '<stdio.h>' or provide a declaration of 'printf'
../src/helloworld.c:191:6: warning: unused variable 'array' [-Wunused-variable]
  int array[] = {10,11,12,13,14,15,16,17};
      ^~~~~
'Finished building: ../src/helloworld.c'
' '
'Building target: part2.elf'
'Invoking: ARM v7 gcc linker'
arm-none-eabi-gcc -mcpu=cortex-a9 -mfpu=vfpv3 -mfloat-abi=hard -Wl,-build-id=none -specs=Xilinx.spec -Wl,-T -Wl,../src/lscript.ld -L../../part2_bsp/ps7_cortexa9_0/lib -o "part2.elf"  ./src/helloworld.o ./src/platform.o   -Wl,--start-group,-lxil,-lgcc,-lc,--end-group
'Finished building target: part2.elf'
' '
'Invoking: ARM v7 Print Size'
arm-none-eabi-size part2.elf  |tee "part2.elf.size"
   text	   data	    bss	    dec	    hex	filename
  46898	   2256	  24504	  73658	  11fba	part2.elf
'Finished building: part2.elf.size'
' '
19:44:12 **** Auto Build of configuration Debug for project part2 ****
make pre-build main-build 
a9-linaro-pre-build-step
' '
'Building file: ../src/helloworld.c'
'Invoking: ARM v7 gcc compiler'
arm-none-eabi-gcc -Wall -O0 -g3 -c -fmessage-length=0 -MT"src/helloworld.o" -mcpu=cortex-a9 -mfpu=vfpv3 -mfloat-abi=hard -I../../part2_bsp/ps7_cortexa9_0/include -MMD -MP -MF"src/helloworld.d" -MT"src/helloworld.o" -o "src/helloworld.o" "../src/helloworld.c"
../src/helloworld.c:119:2: warning: #warning CHECK FOR THE VALID DDR ADDRESS IN XPARAMETERS.H, DEFAULT SET TO 0x01000000 [-Wcpp]
 #warning CHECK FOR THE VALID DDR ADDRESS IN XPARAMETERS.H, \
  ^~~~~~~
../src/helloworld.c: In function 'main':
../src/helloworld.c:238:2: warning: implicit declaration of function 'printf' [-Wimplicit-function-declaration]
  printf("Sending packet \n");
  ^~~~~~
../src/helloworld.c:238:2: warning: incompatible implicit declaration of built-in function 'printf'
../src/helloworld.c:238:2: note: include '<stdio.h>' or provide a declaration of 'printf'
../src/helloworld.c:191:6: warning: unused variable 'array' [-Wunused-variable]
  int array[] = {10,11,12,13,14,15,16,17};
      ^~~~~
'Finished building: ../src/helloworld.c'
' '
'Building target: part2.elf'
'Invoking: ARM v7 gcc linker'
arm-none-eabi-gcc -mcpu=cortex-a9 -mfpu=vfpv3 -mfloat-abi=hard -Wl,-build-id=none -specs=Xilinx.spec -Wl,-T -Wl,../src/lscript.ld -L../../part2_bsp/ps7_cortexa9_0/lib -o "part2.elf"  ./src/helloworld.o ./src/platform.o   -Wl,--start-group,-lxil,-lgcc,-lc,--end-group
'Finished building target: part2.elf'
' '
'Invoking: ARM v7 Print Size'
arm-none-eabi-size part2.elf  |tee "part2.elf.size"
   text	   data	    bss	    dec	    hex	filename
  46898	   2256	  24504	  73658	  11fba	part2.elf
'Finished building: part2.elf.size'
' '
19:44:13 **** Incremental Build of configuration Debug for project part2 ****
make pre-build main-build 
a9-linaro-pre-build-step
' '
make: Nothing to be done for `main-build'.
19:44:38 **** Auto Build of configuration Debug for project part2 ****
make pre-build main-build 
a9-linaro-pre-build-step
' '
'Building file: ../src/helloworld.c'
'Invoking: ARM v7 gcc compiler'
arm-none-eabi-gcc -Wall -O0 -g3 -c -fmessage-length=0 -MT"src/helloworld.o" -mcpu=cortex-a9 -mfpu=vfpv3 -mfloat-abi=hard -I../../part2_bsp/ps7_cortexa9_0/include -MMD -MP -MF"src/helloworld.d" -MT"src/helloworld.o" -o "src/helloworld.o" "../src/helloworld.c"
../src/helloworld.c:119:2: warning: #warning CHECK FOR THE VALID DDR ADDRESS IN XPARAMETERS.H, DEFAULT SET TO 0x01000000 [-Wcpp]
 #warning CHECK FOR THE VALID DDR ADDRESS IN XPARAMETERS.H, \
  ^~~~~~~
../src/helloworld.c: In function 'main':
../src/helloworld.c:238:2: warning: implicit declaration of function 'printf' [-Wimplicit-function-declaration]
  printf("Sending packet \n");
  ^~~~~~
../src/helloworld.c:238:2: warning: incompatible implicit declaration of built-in function 'printf'
../src/helloworld.c:238:2: note: include '<stdio.h>' or provide a declaration of 'printf'
../src/helloworld.c:191:6: warning: unused variable 'array' [-Wunused-variable]
  int array[] = {10,11,12,13,14,15,16,17};
      ^~~~~
../src/helloworld.c: In function 'SendPacket':
../src/helloworld.c:138:26: warning: large integer implicitly truncated to unsigned type [-Woverflow]
 #define TEST_START_VALUE 0x100
                          ^
../src/helloworld.c:510:10: note: in expansion of macro 'TEST_START_VALUE'
  Value = TEST_START_VALUE;
          ^~~~~~~~~~~~~~~~
../src/helloworld.c: In function 'CheckData':
../src/helloworld.c:138:26: warning: large integer implicitly truncated to unsigned type [-Woverflow]
 #define TEST_START_VALUE 0x100
                          ^
../src/helloworld.c:600:10: note: in expansion of macro 'TEST_START_VALUE'
  Value = TEST_START_VALUE;
          ^~~~~~~~~~~~~~~~
'Finished building: ../src/helloworld.c'
' '
'Building target: part2.elf'
'Invoking: ARM v7 gcc linker'
arm-none-eabi-gcc -mcpu=cortex-a9 -mfpu=vfpv3 -mfloat-abi=hard -Wl,-build-id=none -specs=Xilinx.spec -Wl,-T -Wl,../src/lscript.ld -L../../part2_bsp/ps7_cortexa9_0/lib -o "part2.elf"  ./src/helloworld.o ./src/platform.o   -Wl,--start-group,-lxil,-lgcc,-lc,--end-group
'Finished building target: part2.elf'
' '
'Invoking: ARM v7 Print Size'
arm-none-eabi-size part2.elf  |tee "part2.elf.size"
   text	   data	    bss	    dec	    hex	filename
  46898	   2256	  24504	  73658	  11fba	part2.elf
'Finished building: part2.elf.size'
' '
19:44:43 **** Incremental Build of configuration Debug for project part2 ****
make pre-build main-build 
a9-linaro-pre-build-step
' '
make: Nothing to be done for `main-build'.
19:45:01 **** Auto Build of configuration Debug for project part2 ****
make pre-build main-build 
a9-linaro-pre-build-step
' '
'Building file: ../src/helloworld.c'
'Invoking: ARM v7 gcc compiler'
arm-none-eabi-gcc -Wall -O0 -g3 -c -fmessage-length=0 -MT"src/helloworld.o" -mcpu=cortex-a9 -mfpu=vfpv3 -mfloat-abi=hard -I../../part2_bsp/ps7_cortexa9_0/include -MMD -MP -MF"src/helloworld.d" -MT"src/helloworld.o" -o "src/helloworld.o" "../src/helloworld.c"
../src/helloworld.c:119:2: warning: #warning CHECK FOR THE VALID DDR ADDRESS IN XPARAMETERS.H, DEFAULT SET TO 0x01000000 [-Wcpp]
 #warning CHECK FOR THE VALID DDR ADDRESS IN XPARAMETERS.H, \
  ^~~~~~~
../src/helloworld.c: In function 'main':
../src/helloworld.c:238:2: warning: implicit declaration of function 'printf' [-Wimplicit-function-declaration]
  printf("Sending packet \n");
  ^~~~~~
../src/helloworld.c:238:2: warning: incompatible implicit declaration of built-in function 'printf'
../src/helloworld.c:238:2: note: include '<stdio.h>' or provide a declaration of 'printf'
../src/helloworld.c:191:6: warning: unused variable 'array' [-Wunused-variable]
  int array[] = {10,11,12,13,14,15,16,17};
      ^~~~~
../src/helloworld.c: In function 'SendPacket':
../src/helloworld.c:138:26: warning: large integer implicitly truncated to unsigned type [-Woverflow]
 #define TEST_START_VALUE 0x100
                          ^
../src/helloworld.c:510:10: note: in expansion of macro 'TEST_START_VALUE'
  Value = TEST_START_VALUE;
          ^~~~~~~~~~~~~~~~
../src/helloworld.c: In function 'CheckData':
../src/helloworld.c:138:26: warning: large integer implicitly truncated to unsigned type [-Woverflow]
 #define TEST_START_VALUE 0x100
                          ^
../src/helloworld.c:600:10: note: in expansion of macro 'TEST_START_VALUE'
  Value = TEST_START_VALUE;
          ^~~~~~~~~~~~~~~~
'Finished building: ../src/helloworld.c'
' '
'Building target: part2.elf'
'Invoking: ARM v7 gcc linker'
arm-none-eabi-gcc -mcpu=cortex-a9 -mfpu=vfpv3 -mfloat-abi=hard -Wl,-build-id=none -specs=Xilinx.spec -Wl,-T -Wl,../src/lscript.ld -L../../part2_bsp/ps7_cortexa9_0/lib -o "part2.elf"  ./src/helloworld.o ./src/platform.o   -Wl,--start-group,-lxil,-lgcc,-lc,--end-group
'Finished building target: part2.elf'
' '
'Invoking: ARM v7 Print Size'
arm-none-eabi-size part2.elf  |tee "part2.elf.size"
   text	   data	    bss	    dec	    hex	filename
  46898	   2256	  24504	  73658	  11fba	part2.elf
'Finished building: part2.elf.size'
' '
19:45:04 **** Incremental Build of configuration Debug for project part2 ****
make pre-build main-build 
a9-linaro-pre-build-step
' '
make: Nothing to be done for `main-build'.
19:46:20 **** Auto Build of configuration Debug for project part2 ****
make pre-build main-build 
a9-linaro-pre-build-step
' '
'Building file: ../src/helloworld.c'
'Invoking: ARM v7 gcc compiler'
arm-none-eabi-gcc -Wall -O0 -g3 -c -fmessage-length=0 -MT"src/helloworld.o" -mcpu=cortex-a9 -mfpu=vfpv3 -mfloat-abi=hard -I../../part2_bsp/ps7_cortexa9_0/include -MMD -MP -MF"src/helloworld.d" -MT"src/helloworld.o" -o "src/helloworld.o" "../src/helloworld.c"
../src/helloworld.c:119:2: warning: #warning CHECK FOR THE VALID DDR ADDRESS IN XPARAMETERS.H, DEFAULT SET TO 0x01000000 [-Wcpp]
 #warning CHECK FOR THE VALID DDR ADDRESS IN XPARAMETERS.H, \
  ^~~~~~~
../src/helloworld.c: In function 'main':
../src/helloworld.c:238:2: warning: implicit declaration of function 'printf' [-Wimplicit-function-declaration]
  printf("Sending packet \n");
  ^~~~~~
../src/helloworld.c:238:2: warning: incompatible implicit declaration of built-in function 'printf'
../src/helloworld.c:238:2: note: include '<stdio.h>' or provide a declaration of 'printf'
../src/helloworld.c:191:6: warning: unused variable 'array' [-Wunused-variable]
  int array[] = {10,11,12,13,14,15,16,17};
      ^~~~~
../src/helloworld.c: In function 'SendPacket':
../src/helloworld.c:138:26: warning: large integer implicitly truncated to unsigned type [-Woverflow]
 #define TEST_START_VALUE 0x100
                          ^
../src/helloworld.c:510:10: note: in expansion of macro 'TEST_START_VALUE'
  Value = TEST_START_VALUE;
          ^~~~~~~~~~~~~~~~
../src/helloworld.c: In function 'CheckData':
../src/helloworld.c:138:26: warning: large integer implicitly truncated to unsigned type [-Woverflow]
 #define TEST_START_VALUE 0x100
                          ^
../src/helloworld.c:600:10: note: in expansion of macro 'TEST_START_VALUE'
  Value = TEST_START_VALUE;
          ^~~~~~~~~~~~~~~~
'Finished building: ../src/helloworld.c'
' '
'Building target: part2.elf'
'Invoking: ARM v7 gcc linker'
arm-none-eabi-gcc -mcpu=cortex-a9 -mfpu=vfpv3 -mfloat-abi=hard -Wl,-build-id=none -specs=Xilinx.spec -Wl,-T -Wl,../src/lscript.ld -L../../part2_bsp/ps7_cortexa9_0/lib -o "part2.elf"  ./src/helloworld.o ./src/platform.o   -Wl,--start-group,-lxil,-lgcc,-lc,--end-group
'Finished building target: part2.elf'
' '
'Invoking: ARM v7 Print Size'
arm-none-eabi-size part2.elf  |tee "part2.elf.size"
   text	   data	    bss	    dec	    hex	filename
  46898	   2256	  24504	  73658	  11fba	part2.elf
'Finished building: part2.elf.size'
' '
19:46:23 **** Incremental Build of configuration Debug for project part2 ****
make pre-build main-build 
a9-linaro-pre-build-step
' '
make: Nothing to be done for `main-build'.
19:48:22 **** Auto Build of configuration Debug for project part2 ****
make pre-build main-build 
a9-linaro-pre-build-step
' '
'Building file: ../src/helloworld.c'
'Invoking: ARM v7 gcc compiler'
arm-none-eabi-gcc -Wall -O0 -g3 -c -fmessage-length=0 -MT"src/helloworld.o" -mcpu=cortex-a9 -mfpu=vfpv3 -mfloat-abi=hard -I../../part2_bsp/ps7_cortexa9_0/include -MMD -MP -MF"src/helloworld.d" -MT"src/helloworld.o" -o "src/helloworld.o" "../src/helloworld.c"
../src/helloworld.c:119:2: warning: #warning CHECK FOR THE VALID DDR ADDRESS IN XPARAMETERS.H, DEFAULT SET TO 0x01000000 [-Wcpp]
 #warning CHECK FOR THE VALID DDR ADDRESS IN XPARAMETERS.H, \
  ^~~~~~~
../src/helloworld.c: In function 'main':
../src/helloworld.c:238:2: warning: implicit declaration of function 'printf' [-Wimplicit-function-declaration]
  printf("Sending packet \n");
  ^~~~~~
../src/helloworld.c:238:2: warning: incompatible implicit declaration of built-in function 'printf'
../src/helloworld.c:238:2: note: include '<stdio.h>' or provide a declaration of 'printf'
../src/helloworld.c:191:6: warning: unused variable 'array' [-Wunused-variable]
  int array[] = {10,11,12,13,14,15,16,17};
      ^~~~~
../src/helloworld.c: In function 'SendPacket':
../src/helloworld.c:138:26: warning: large integer implicitly truncated to unsigned type [-Woverflow]
 #define TEST_START_VALUE 0x105
                          ^
../src/helloworld.c:510:10: note: in expansion of macro 'TEST_START_VALUE'
  Value = TEST_START_VALUE;
          ^~~~~~~~~~~~~~~~
../src/helloworld.c: In function 'CheckData':
../src/helloworld.c:138:26: warning: large integer implicitly truncated to unsigned type [-Woverflow]
 #define TEST_START_VALUE 0x105
                          ^
../src/helloworld.c:600:10: note: in expansion of macro 'TEST_START_VALUE'
  Value = TEST_START_VALUE;
          ^~~~~~~~~~~~~~~~
'Finished building: ../src/helloworld.c'
' '
'Building target: part2.elf'
'Invoking: ARM v7 gcc linker'
arm-none-eabi-gcc -mcpu=cortex-a9 -mfpu=vfpv3 -mfloat-abi=hard -Wl,-build-id=none -specs=Xilinx.spec -Wl,-T -Wl,../src/lscript.ld -L../../part2_bsp/ps7_cortexa9_0/lib -o "part2.elf"  ./src/helloworld.o ./src/platform.o   -Wl,--start-group,-lxil,-lgcc,-lc,--end-group
'Finished building target: part2.elf'
' '
'Invoking: ARM v7 Print Size'
arm-none-eabi-size part2.elf  |tee "part2.elf.size"
   text	   data	    bss	    dec	    hex	filename
  46898	   2256	  24504	  73658	  11fba	part2.elf
'Finished building: part2.elf.size'
' '
19:48:23 **** Incremental Build of configuration Debug for project part2 ****
make pre-build main-build 
a9-linaro-pre-build-step
' '
make: Nothing to be done for `main-build'.
19:48:46 **** Auto Build of configuration Debug for project part2 ****
make pre-build main-build 
a9-linaro-pre-build-step
' '
'Building file: ../src/helloworld.c'
'Invoking: ARM v7 gcc compiler'
arm-none-eabi-gcc -Wall -O0 -g3 -c -fmessage-length=0 -MT"src/helloworld.o" -mcpu=cortex-a9 -mfpu=vfpv3 -mfloat-abi=hard -I../../part2_bsp/ps7_cortexa9_0/include -MMD -MP -MF"src/helloworld.d" -MT"src/helloworld.o" -o "src/helloworld.o" "../src/helloworld.c"
../src/helloworld.c:119:2: warning: #warning CHECK FOR THE VALID DDR ADDRESS IN XPARAMETERS.H, DEFAULT SET TO 0x01000000 [-Wcpp]
 #warning CHECK FOR THE VALID DDR ADDRESS IN XPARAMETERS.H, \
  ^~~~~~~
[...]
   text	   data	    bss	    dec	    hex	filename
  47022	   2288	  24504	  73814	  12056	part2.elf
'Finished building: part2.elf.size'
' '
16:56:04 **** Incremental Build of configuration Debug for project part2 ****
make pre-build main-build 
a9-linaro-pre-build-step
' '
make: Nothing to be done for `main-build'.
16:57:17 **** Auto Build of configuration Debug for project part2 ****
make pre-build main-build 
a9-linaro-pre-build-step
' '
'Building file: ../src/helloworld.c'
'Invoking: ARM v7 gcc compiler'
arm-none-eabi-gcc -Wall -O0 -g3 -c -fmessage-length=0 -MT"src/helloworld.o" -mcpu=cortex-a9 -mfpu=vfpv3 -mfloat-abi=hard -I../../part2_bsp/ps7_cortexa9_0/include -MMD -MP -MF"src/helloworld.d" -MT"src/helloworld.o" -o "src/helloworld.o" "../src/helloworld.c"
../src/helloworld.c:120:2: warning: #warning CHECK FOR THE VALID DDR ADDRESS IN XPARAMETERS.H, DEFAULT SET TO 0x01000000 [-Wcpp]
 #warning CHECK FOR THE VALID DDR ADDRESS IN XPARAMETERS.H, \
  ^~~~~~~
../src/helloworld.c: In function 'main':
../src/helloworld.c:239:2: warning: implicit declaration of function 'printf' [-Wimplicit-function-declaration]
  printf("Sending packet \n");
  ^~~~~~
../src/helloworld.c:239:2: warning: incompatible implicit declaration of built-in function 'printf'
../src/helloworld.c:239:2: note: include '<stdio.h>' or provide a declaration of 'printf'
../src/helloworld.c: In function 'SendPacket':
../src/helloworld.c:501:5: warning: variable 'Value' set but not used [-Wunused-but-set-variable]
  u8 Value;
     ^~~~~
'Finished building: ../src/helloworld.c'
' '
'Building target: part2.elf'
'Invoking: ARM v7 gcc linker'
arm-none-eabi-gcc -mcpu=cortex-a9 -mfpu=vfpv3 -mfloat-abi=hard -Wl,-build-id=none -specs=Xilinx.spec -Wl,-T -Wl,../src/lscript.ld -L../../part2_bsp/ps7_cortexa9_0/lib -o "part2.elf"  ./src/helloworld.o ./src/platform.o   -Wl,--start-group,-lxil,-lgcc,-lc,--end-group
'Finished building target: part2.elf'
' '
'Invoking: ARM v7 Print Size'
arm-none-eabi-size part2.elf  |tee "part2.elf.size"
   text	   data	    bss	    dec	    hex	filename
  47022	   2288	  24504	  73814	  12056	part2.elf
'Finished building: part2.elf.size'
' '
16:57:18 **** Incremental Build of configuration Debug for project part2 ****
make pre-build main-build 
a9-linaro-pre-build-step
' '
make: Nothing to be done for `main-build'.
16:57:32 **** Auto Build of configuration Debug for project part2 ****
make pre-build main-build 
a9-linaro-pre-build-step
' '
'Building file: ../src/helloworld.c'
'Invoking: ARM v7 gcc compiler'
arm-none-eabi-gcc -Wall -O0 -g3 -c -fmessage-length=0 -MT"src/helloworld.o" -mcpu=cortex-a9 -mfpu=vfpv3 -mfloat-abi=hard -I../../part2_bsp/ps7_cortexa9_0/include -MMD -MP -MF"src/helloworld.d" -MT"src/helloworld.o" -o "src/helloworld.o" "../src/helloworld.c"
../src/helloworld.c:120:2: warning: #warning CHECK FOR THE VALID DDR ADDRESS IN XPARAMETERS.H, DEFAULT SET TO 0x01000000 [-Wcpp]
 #warning CHECK FOR THE VALID DDR ADDRESS IN XPARAMETERS.H, \
  ^~~~~~~
../src/helloworld.c: In function 'main':
../src/helloworld.c:239:2: warning: implicit declaration of function 'printf' [-Wimplicit-function-declaration]
  printf("Sending packet \n");
  ^~~~~~
../src/helloworld.c:239:2: warning: incompatible implicit declaration of built-in function 'printf'
../src/helloworld.c:239:2: note: include '<stdio.h>' or provide a declaration of 'printf'
../src/helloworld.c: In function 'SendPacket':
../src/helloworld.c:501:5: warning: variable 'Value' set but not used [-Wunused-but-set-variable]
  u8 Value;
     ^~~~~
'Finished building: ../src/helloworld.c'
' '
'Building target: part2.elf'
'Invoking: ARM v7 gcc linker'
arm-none-eabi-gcc -mcpu=cortex-a9 -mfpu=vfpv3 -mfloat-abi=hard -Wl,-build-id=none -specs=Xilinx.spec -Wl,-T -Wl,../src/lscript.ld -L../../part2_bsp/ps7_cortexa9_0/lib -o "part2.elf"  ./src/helloworld.o ./src/platform.o   -Wl,--start-group,-lxil,-lgcc,-lc,--end-group
'Finished building target: part2.elf'
' '
'Invoking: ARM v7 Print Size'
arm-none-eabi-size part2.elf  |tee "part2.elf.size"
   text	   data	    bss	    dec	    hex	filename
  47022	   2288	  24504	  73814	  12056	part2.elf
'Finished building: part2.elf.size'
' '
16:57:33 **** Incremental Build of configuration Debug for project part2 ****
make pre-build main-build 
a9-linaro-pre-build-step
' '
make: Nothing to be done for `main-build'.
16:58:04 **** Auto Build of configuration Debug for project part2 ****
make pre-build main-build 
a9-linaro-pre-build-step
' '
'Building file: ../src/helloworld.c'
'Invoking: ARM v7 gcc compiler'
arm-none-eabi-gcc -Wall -O0 -g3 -c -fmessage-length=0 -MT"src/helloworld.o" -mcpu=cortex-a9 -mfpu=vfpv3 -mfloat-abi=hard -I../../part2_bsp/ps7_cortexa9_0/include -MMD -MP -MF"src/helloworld.d" -MT"src/helloworld.o" -o "src/helloworld.o" "../src/helloworld.c"
../src/helloworld.c:120:2: warning: #warning CHECK FOR THE VALID DDR ADDRESS IN XPARAMETERS.H, DEFAULT SET TO 0x01000000 [-Wcpp]
 #warning CHECK FOR THE VALID DDR ADDRESS IN XPARAMETERS.H, \
  ^~~~~~~
../src/helloworld.c: In function 'main':
../src/helloworld.c:240:2: warning: implicit declaration of function 'printf' [-Wimplicit-function-declaration]
  printf("Sending packet \n");
  ^~~~~~
../src/helloworld.c:240:2: warning: incompatible implicit declaration of built-in function 'printf'
../src/helloworld.c:240:2: note: include '<stdio.h>' or provide a declaration of 'printf'
../src/helloworld.c: In function 'SendPacket':
../src/helloworld.c:502:5: warning: variable 'Value' set but not used [-Wunused-but-set-variable]
  u8 Value;
     ^~~~~
'Finished building: ../src/helloworld.c'
' '
'Building target: part2.elf'
'Invoking: ARM v7 gcc linker'
arm-none-eabi-gcc -mcpu=cortex-a9 -mfpu=vfpv3 -mfloat-abi=hard -Wl,-build-id=none -specs=Xilinx.spec -Wl,-T -Wl,../src/lscript.ld -L../../part2_bsp/ps7_cortexa9_0/lib -o "part2.elf"  ./src/helloworld.o ./src/platform.o   -Wl,--start-group,-lxil,-lgcc,-lc,--end-group
'Finished building target: part2.elf'
' '
'Invoking: ARM v7 Print Size'
arm-none-eabi-size part2.elf  |tee "part2.elf.size"
   text	   data	    bss	    dec	    hex	filename
  47022	   2288	  24504	  73814	  12056	part2.elf
'Finished building: part2.elf.size'
' '
16:58:07 **** Auto Build of configuration Debug for project part2 ****
make pre-build main-build 
a9-linaro-pre-build-step
' '
'Building file: ../src/helloworld.c'
'Invoking: ARM v7 gcc compiler'
arm-none-eabi-gcc -Wall -O0 -g3 -c -fmessage-length=0 -MT"src/helloworld.o" -mcpu=cortex-a9 -mfpu=vfpv3 -mfloat-abi=hard -I../../part2_bsp/ps7_cortexa9_0/include -MMD -MP -MF"src/helloworld.d" -MT"src/helloworld.o" -o "src/helloworld.o" "../src/helloworld.c"
../src/helloworld.c:120:2: warning: #warning CHECK FOR THE VALID DDR ADDRESS IN XPARAMETERS.H, DEFAULT SET TO 0x01000000 [-Wcpp]
 #warning CHECK FOR THE VALID DDR ADDRESS IN XPARAMETERS.H, \
  ^~~~~~~
../src/helloworld.c: In function 'main':
../src/helloworld.c:240:2: warning: implicit declaration of function 'printf' [-Wimplicit-function-declaration]
  printf("Sending packet \n");
  ^~~~~~
../src/helloworld.c:240:2: warning: incompatible implicit declaration of built-in function 'printf'
../src/helloworld.c:240:2: note: include '<stdio.h>' or provide a declaration of 'printf'
../src/helloworld.c: In function 'SendPacket':
../src/helloworld.c:502:5: warning: variable 'Value' set but not used [-Wunused-but-set-variable]
  u8 Value;
     ^~~~~
'Finished building: ../src/helloworld.c'
' '
'Building target: part2.elf'
'Invoking: ARM v7 gcc linker'
arm-none-eabi-gcc -mcpu=cortex-a9 -mfpu=vfpv3 -mfloat-abi=hard -Wl,-build-id=none -specs=Xilinx.spec -Wl,-T -Wl,../src/lscript.ld -L../../part2_bsp/ps7_cortexa9_0/lib -o "part2.elf"  ./src/helloworld.o ./src/platform.o   -Wl,--start-group,-lxil,-lgcc,-lc,--end-group
'Finished building target: part2.elf'
' '
'Invoking: ARM v7 Print Size'
arm-none-eabi-size part2.elf  |tee "part2.elf.size"
   text	   data	    bss	    dec	    hex	filename
  47022	   2288	  24504	  73814	  12056	part2.elf
'Finished building: part2.elf.size'
' '
16:58:44 **** Auto Build of configuration Debug for project part2 ****
make pre-build main-build 
a9-linaro-pre-build-step
' '
'Building file: ../src/helloworld.c'
'Invoking: ARM v7 gcc compiler'
arm-none-eabi-gcc -Wall -O0 -g3 -c -fmessage-length=0 -MT"src/helloworld.o" -mcpu=cortex-a9 -mfpu=vfpv3 -mfloat-abi=hard -I../../part2_bsp/ps7_cortexa9_0/include -MMD -MP -MF"src/helloworld.d" -MT"src/helloworld.o" -o "src/helloworld.o" "../src/helloworld.c"
../src/helloworld.c:120:2: warning: #warning CHECK FOR THE VALID DDR ADDRESS IN XPARAMETERS.H, DEFAULT SET TO 0x01000000 [-Wcpp]
 #warning CHECK FOR THE VALID DDR ADDRESS IN XPARAMETERS.H, \
  ^~~~~~~
../src/helloworld.c: In function 'main':
../src/helloworld.c:240:2: warning: implicit declaration of function 'printf' [-Wimplicit-function-declaration]
  printf("Sending packet \n");
  ^~~~~~
../src/helloworld.c:240:2: warning: incompatible implicit declaration of built-in function 'printf'
../src/helloworld.c:240:2: note: include '<stdio.h>' or provide a declaration of 'printf'
../src/helloworld.c: In function 'SendPacket':
../src/helloworld.c:502:5: warning: variable 'Value' set but not used [-Wunused-but-set-variable]
  u8 Value;
     ^~~~~
'Finished building: ../src/helloworld.c'
' '
'Building target: part2.elf'
'Invoking: ARM v7 gcc linker'
arm-none-eabi-gcc -mcpu=cortex-a9 -mfpu=vfpv3 -mfloat-abi=hard -Wl,-build-id=none -specs=Xilinx.spec -Wl,-T -Wl,../src/lscript.ld -L../../part2_bsp/ps7_cortexa9_0/lib -o "part2.elf"  ./src/helloworld.o ./src/platform.o   -Wl,--start-group,-lxil,-lgcc,-lc,--end-group
'Finished building target: part2.elf'
' '
'Invoking: ARM v7 Print Size'
arm-none-eabi-size part2.elf  |tee "part2.elf.size"
   text	   data	    bss	    dec	    hex	filename
  47022	   2288	  24504	  73814	  12056	part2.elf
'Finished building: part2.elf.size'
' '
16:58:46 **** Incremental Build of configuration Debug for project part2 ****
make pre-build main-build 
a9-linaro-pre-build-step
' '
make: Nothing to be done for `main-build'.
16:59:35 **** Auto Build of configuration Debug for project part2 ****
make pre-build main-build 
a9-linaro-pre-build-step
' '
'Building file: ../src/helloworld.c'
'Invoking: ARM v7 gcc compiler'
arm-none-eabi-gcc -Wall -O0 -g3 -c -fmessage-length=0 -MT"src/helloworld.o" -mcpu=cortex-a9 -mfpu=vfpv3 -mfloat-abi=hard -I../../part2_bsp/ps7_cortexa9_0/include -MMD -MP -MF"src/helloworld.d" -MT"src/helloworld.o" -o "src/helloworld.o" "../src/helloworld.c"
../src/helloworld.c:120:2: warning: #warning CHECK FOR THE VALID DDR ADDRESS IN XPARAMETERS.H, DEFAULT SET TO 0x01000000 [-Wcpp]
 #warning CHECK FOR THE VALID DDR ADDRESS IN XPARAMETERS.H, \
  ^~~~~~~
../src/helloworld.c: In function 'main':
../src/helloworld.c:240:2: warning: implicit declaration of function 'printf' [-Wimplicit-function-declaration]
  printf("Sending packet \n");
  ^~~~~~
../src/helloworld.c:240:2: warning: incompatible implicit declaration of built-in function 'printf'
../src/helloworld.c:240:2: note: include '<stdio.h>' or provide a declaration of 'printf'
../src/helloworld.c: In function 'SendPacket':
../src/helloworld.c:502:5: warning: variable 'Value' set but not used [-Wunused-but-set-variable]
  u8 Value;
     ^~~~~
'Finished building: ../src/helloworld.c'
' '
'Building target: part2.elf'
'Invoking: ARM v7 gcc linker'
arm-none-eabi-gcc -mcpu=cortex-a9 -mfpu=vfpv3 -mfloat-abi=hard -Wl,-build-id=none -specs=Xilinx.spec -Wl,-T -Wl,../src/lscript.ld -L../../part2_bsp/ps7_cortexa9_0/lib -o "part2.elf"  ./src/helloworld.o ./src/platform.o   -Wl,--start-group,-lxil,-lgcc,-lc,--end-group
'Finished building target: part2.elf'
' '
'Invoking: ARM v7 Print Size'
arm-none-eabi-size part2.elf  |tee "part2.elf.size"
   text	   data	    bss	    dec	    hex	filename
  47022	   2288	  24504	  73814	  12056	part2.elf
'Finished building: part2.elf.size'
' '
16:59:44 **** Auto Build of configuration Debug for project part2 ****
make pre-build main-build 
a9-linaro-pre-build-step
' '
'Building file: ../src/helloworld.c'
'Invoking: ARM v7 gcc compiler'
arm-none-eabi-gcc -Wall -O0 -g3 -c -fmessage-length=0 -MT"src/helloworld.o" -mcpu=cortex-a9 -mfpu=vfpv3 -mfloat-abi=hard -I../../part2_bsp/ps7_cortexa9_0/include -MMD -MP -MF"src/helloworld.d" -MT"src/helloworld.o" -o "src/helloworld.o" "../src/helloworld.c"
../src/helloworld.c:120:2: warning: #warning CHECK FOR THE VALID DDR ADDRESS IN XPARAMETERS.H, DEFAULT SET TO 0x01000000 [-Wcpp]
 #warning CHECK FOR THE VALID DDR ADDRESS IN XPARAMETERS.H, \
  ^~~~~~~
../src/helloworld.c: In function 'main':
../src/helloworld.c:240:2: warning: implicit declaration of function 'printf' [-Wimplicit-function-declaration]
  printf("Sending packet \n");
  ^~~~~~
../src/helloworld.c:240:2: warning: incompatible implicit declaration of built-in function 'printf'
../src/helloworld.c:240:2: note: include '<stdio.h>' or provide a declaration of 'printf'
../src/helloworld.c: In function 'SendPacket':
../src/helloworld.c:502:5: warning: variable 'Value' set but not used [-Wunused-but-set-variable]
  u8 Value;
     ^~~~~
'Finished building: ../src/helloworld.c'
' '
'Building target: part2.elf'
'Invoking: ARM v7 gcc linker'
arm-none-eabi-gcc -mcpu=cortex-a9 -mfpu=vfpv3 -mfloat-abi=hard -Wl,-build-id=none -specs=Xilinx.spec -Wl,-T -Wl,../src/lscript.ld -L../../part2_bsp/ps7_cortexa9_0/lib -o "part2.elf"  ./src/helloworld.o ./src/platform.o   -Wl,--start-group,-lxil,-lgcc,-lc,--end-group
'Finished building target: part2.elf'
' '
'Invoking: ARM v7 Print Size'
arm-none-eabi-size part2.elf  |tee "part2.elf.size"
   text	   data	    bss	    dec	    hex	filename
  47022	   2288	  24504	  73814	  12056	part2.elf
'Finished building: part2.elf.size'
' '
16:59:46 **** Incremental Build of configuration Debug for project part2 ****
make pre-build main-build 
a9-linaro-pre-build-step
' '
make: Nothing to be done for `main-build'.
17:00:08 **** Auto Build of configuration Debug for project part2 ****
make pre-build main-build 
a9-linaro-pre-build-step
' '
'Building file: ../src/helloworld.c'
'Invoking: ARM v7 gcc compiler'
arm-none-eabi-gcc -Wall -O0 -g3 -c -fmessage-length=0 -MT"src/helloworld.o" -mcpu=cortex-a9 -mfpu=vfpv3 -mfloat-abi=hard -I../../part2_bsp/ps7_cortexa9_0/include -MMD -MP -MF"src/helloworld.d" -MT"src/helloworld.o" -o "src/helloworld.o" "../src/helloworld.c"
../src/helloworld.c:120:2: warning: #warning CHECK FOR THE VALID DDR ADDRESS IN XPARAMETERS.H, DEFAULT SET TO 0x01000000 [-Wcpp]
 #warning CHECK FOR THE VALID DDR ADDRESS IN XPARAMETERS.H, \
  ^~~~~~~
../src/helloworld.c: In function 'main':
../src/helloworld.c:240:2: warning: implicit declaration of function 'printf' [-Wimplicit-function-declaration]
  printf("Sending packet \n");
  ^~~~~~
../src/helloworld.c:240:2: warning: incompatible implicit declaration of built-in function 'printf'
../src/helloworld.c:240:2: note: include '<stdio.h>' or provide a declaration of 'printf'
../src/helloworld.c: In function 'SendPacket':
../src/helloworld.c:502:5: warning: variable 'Value' set but not used [-Wunused-but-set-variable]
  u8 Value;
     ^~~~~
'Finished building: ../src/helloworld.c'
' '
'Building target: part2.elf'
'Invoking: ARM v7 gcc linker'
arm-none-eabi-gcc -mcpu=cortex-a9 -mfpu=vfpv3 -mfloat-abi=hard -Wl,-build-id=none -specs=Xilinx.spec -Wl,-T -Wl,../src/lscript.ld -L../../part2_bsp/ps7_cortexa9_0/lib -o "part2.elf"  ./src/helloworld.o ./src/platform.o   -Wl,--start-group,-lxil,-lgcc,-lc,--end-group
'Finished building target: part2.elf'
' '
'Invoking: ARM v7 Print Size'
arm-none-eabi-size part2.elf  |tee "part2.elf.size"
   text	   data	    bss	    dec	    hex	filename
  47022	   2288	  24504	  73814	  12056	part2.elf
'Finished building: part2.elf.size'
' '
17:00:10 **** Incremental Build of configuration Debug for project part2 ****
make pre-build main-build 
a9-linaro-pre-build-step
' '
make: Nothing to be done for `main-build'.
17:00:23 **** Auto Build of configuration Debug for project part2 ****
make pre-build main-build 
a9-linaro-pre-build-step
' '
'Building file: ../src/helloworld.c'
'Invoking: ARM v7 gcc compiler'
arm-none-eabi-gcc -Wall -O0 -g3 -c -fmessage-length=0 -MT"src/helloworld.o" -mcpu=cortex-a9 -mfpu=vfpv3 -mfloat-abi=hard -I../../part2_bsp/ps7_cortexa9_0/include -MMD -MP -MF"src/helloworld.d" -MT"src/helloworld.o" -o "src/helloworld.o" "../src/helloworld.c"
../src/helloworld.c:120:2: warning: #warning CHECK FOR THE VALID DDR ADDRESS IN XPARAMETERS.H, DEFAULT SET TO 0x01000000 [-Wcpp]
 #warning CHECK FOR THE VALID DDR ADDRESS IN XPARAMETERS.H, \
  ^~~~~~~
../src/helloworld.c: In function 'main':
../src/helloworld.c:240:2: warning: implicit declaration of function 'printf' [-Wimplicit-function-declaration]
  printf("Sending packet \n");
  ^~~~~~
../src/helloworld.c:240:2: warning: incompatible implicit declaration of built-in function 'printf'
../src/helloworld.c:240:2: note: include '<stdio.h>' or provide a declaration of 'printf'
../src/helloworld.c: In function 'SendPacket':
../src/helloworld.c:502:5: warning: variable 'Value' set but not used [-Wunused-but-set-variable]
  u8 Value;
     ^~~~~
'Finished building: ../src/helloworld.c'
' '
'Building target: part2.elf'
'Invoking: ARM v7 gcc linker'
arm-none-eabi-gcc -mcpu=cortex-a9 -mfpu=vfpv3 -mfloat-abi=hard -Wl,-build-id=none -specs=Xilinx.spec -Wl,-T -Wl,../src/lscript.ld -L../../part2_bsp/ps7_cortexa9_0/lib -o "part2.elf"  ./src/helloworld.o ./src/platform.o   -Wl,--start-group,-lxil,-lgcc,-lc,--end-group
'Finished building target: part2.elf'
' '
'Invoking: ARM v7 Print Size'
arm-none-eabi-size part2.elf  |tee "part2.elf.size"
   text	   data	    bss	    dec	    hex	filename
  47022	   2288	  24504	  73814	  12056	part2.elf
'Finished building: part2.elf.size'
' '
17:00:26 **** Incremental Build of configuration Debug for project part2 ****
make pre-build main-build 
a9-linaro-pre-build-step
' '
make: Nothing to be done for `main-build'.
17:00:56 **** Auto Build of configuration Debug for project part2 ****
make pre-build main-build 
a9-linaro-pre-build-step
' '
'Building file: ../src/helloworld.c'
'Invoking: ARM v7 gcc compiler'
arm-none-eabi-gcc -Wall -O0 -g3 -c -fmessage-length=0 -MT"src/helloworld.o" -mcpu=cortex-a9 -mfpu=vfpv3 -mfloat-abi=hard -I../../part2_bsp/ps7_cortexa9_0/include -MMD -MP -MF"src/helloworld.d" -MT"src/helloworld.o" -o "src/helloworld.o" "../src/helloworld.c"
../src/helloworld.c:120:2: warning: #warning CHECK FOR THE VALID DDR ADDRESS IN XPARAMETERS.H, DEFAULT SET TO 0x01000000 [-Wcpp]
 #warning CHECK FOR THE VALID DDR ADDRESS IN XPARAMETERS.H, \
  ^~~~~~~
../src/helloworld.c: In function 'main':
../src/helloworld.c:240:2: warning: implicit declaration of function 'printf' [-Wimplicit-function-declaration]
  printf("Sending packet \n");
  ^~~~~~
../src/helloworld.c:240:2: warning: incompatible implicit declaration of built-in function 'printf'
../src/helloworld.c:240:2: note: include '<stdio.h>' or provide a declaration of 'printf'
../src/helloworld.c: In function 'SendPacket':
../src/helloworld.c:502:5: warning: variable 'Value' set but not used [-Wunused-but-set-variable]
  u8 Value;
     ^~~~~
'Finished building: ../src/helloworld.c'
' '
'Building target: part2.elf'
'Invoking: ARM v7 gcc linker'
arm-none-eabi-gcc -mcpu=cortex-a9 -mfpu=vfpv3 -mfloat-abi=hard -Wl,-build-id=none -specs=Xilinx.spec -Wl,-T -Wl,../src/lscript.ld -L../../part2_bsp/ps7_cortexa9_0/lib -o "part2.elf"  ./src/helloworld.o ./src/platform.o   -Wl,--start-group,-lxil,-lgcc,-lc,--end-group
'Finished building target: part2.elf'
' '
'Invoking: ARM v7 Print Size'
arm-none-eabi-size part2.elf  |tee "part2.elf.size"
   text	   data	    bss	    dec	    hex	filename
  47022	   2288	  24504	  73814	  12056	part2.elf
'Finished building: part2.elf.size'
' '
17:01:00 **** Incremental Build of configuration Debug for project part2 ****
make pre-build main-build 
a9-linaro-pre-build-step
' '
make: Nothing to be done for `main-build'.
