17:34:37 **** Auto Build of configuration Debug for project exp ****
make pre-build main-build 
a9-linaro-pre-build-step
' '
'Building file: ../src/helloworld.c'
'Invoking: ARM v7 gcc compiler'
arm-none-eabi-gcc -Wall -O0 -g3 -c -fmessage-length=0 -MT"src/helloworld.o" -mcpu=cortex-a9 -mfpu=vfpv3 -mfloat-abi=hard -I../../exp_bsp/ps7_cortexa9_0/include -MMD -MP -MF"src/helloworld.d" -MT"src/helloworld.o" -o "src/helloworld.o" "../src/helloworld.c"
../src/helloworld.c: In function 'PSPL_Reg_SelfTest':
../src/helloworld.c:41:6: warning: unused variable 'Index' [-Wunused-variable]
  int Index;
      ^~~~~
../src/helloworld.c: In function 'main':
../src/helloworld.c:72:16: warning: initialization makes pointer from integer without a cast [-Wint-conversion]
  void * addr = 0x43C00000;
                ^~~~~~~~~~
'Finished building: ../src/helloworld.c'
' '
'Building target: exp.elf'
'Invoking: ARM v7 gcc linker'
arm-none-eabi-gcc -mcpu=cortex-a9 -mfpu=vfpv3 -mfloat-abi=hard -Wl,-build-id=none -specs=Xilinx.spec -Wl,-T -Wl,../src/lscript.ld -L../../exp_bsp/ps7_cortexa9_0/lib -o "exp.elf"  ./src/helloworld.o ./src/platform.o   -Wl,--start-group,-lxil,-lgcc,-lc,--end-group
'Finished building target: exp.elf'
' '
'Invoking: ARM v7 Print Size'
arm-none-eabi-size exp.elf  |tee "exp.elf.size"
   text	   data	    bss	    dec	    hex	filename
  39316	   2408	  22664	  64388	   fb84	exp.elf
'Finished building: exp.elf.size'
' '

17:34:39 Build Finished (took 2s.89ms)

