

================================================================
== Vivado HLS Report for 'convolution_3'
================================================================
* Date:           Wed Oct 31 20:17:29 2018

* Version:        2018.2 (Build 2258646 on Thu Jun 14 20:25:20 MDT 2018)
* Project:        lenet
* Solution:       lenet
* Product family: zynq
* Target device:  xc7z020clg484-1


================================================================
== Performance Estimates
================================================================
+ Timing (ns): 
    * Summary: 
    +--------+-------+----------+------------+
    |  Clock | Target| Estimated| Uncertainty|
    +--------+-------+----------+------------+
    |ap_clk  |  10.00|     9.571|        1.25|
    +--------+-------+----------+------------+

+ Latency (clock cycles): 
    * Summary: 
    +--------+--------+--------+--------+---------+
    |     Latency     |     Interval    | Pipeline|
    |   min  |   max  |   min  |   max  |   Type  |
    +--------+--------+--------+--------+---------+
    |  120692|  120692|  120692|  120692|   none  |
    +--------+--------+--------+--------+---------+

    + Detail: 
        * Instance: 
        N/A

        * Loop: 
        +----------+--------+--------+----------+-----------+-----------+------+----------+
        |          |     Latency     | Iteration|  Initiation Interval  | Trip |          |
        | Loop Name|   min  |   max  |  Latency |  achieved |   target  | Count| Pipelined|
        +----------+--------+--------+----------+-----------+-----------+------+----------+
        |- Loop 1  |  120690|  120690|       766|         75|         75|  1600|    yes   |
        +----------+--------+--------+----------+-----------+-----------+------+----------+



================================================================
== Utilization Estimates
================================================================
* Summary: 
+-----------------+---------+-------+--------+-------+
|       Name      | BRAM_18K| DSP48E|   FF   |  LUT  |
+-----------------+---------+-------+--------+-------+
|DSP              |        -|      1|       -|      -|
|Expression       |        -|      0|       0|   5190|
|FIFO             |        -|      -|       -|      -|
|Instance         |        -|     12|     901|   1812|
|Memory           |        -|      -|       -|      -|
|Multiplexer      |        -|      -|       -|   2941|
|Register         |        0|      -|   14829|   3840|
+-----------------+---------+-------+--------+-------+
|Total            |        0|     13|   15730|  13783|
+-----------------+---------+-------+--------+-------+
|Available        |      280|    220|  106400|  53200|
+-----------------+---------+-------+--------+-------+
|Utilization (%)  |        0|      5|      14|     25|
+-----------------+---------+-------+--------+-------+

+ Detail: 
    * Instance: 
    +--------------------------+----------------------+---------+-------+-----+-----+
    |         Instance         |        Module        | BRAM_18K| DSP48E|  FF | LUT |
    +--------------------------+----------------------+---------+-------+-----+-----+
    |conv1_fadd_32ns_3bkb_U40  |conv1_fadd_32ns_3bkb  |        0|      2|  205|  390|
    |conv1_fadd_32ns_3bkb_U41  |conv1_fadd_32ns_3bkb  |        0|      2|  205|  390|
    |conv1_fadd_32ns_3bkb_U42  |conv1_fadd_32ns_3bkb  |        0|      2|  205|  390|
    |conv1_fmul_32ns_3cud_U43  |conv1_fmul_32ns_3cud  |        0|      3|  143|  321|
    |conv1_fmul_32ns_3cud_U44  |conv1_fmul_32ns_3cud  |        0|      3|  143|  321|
    +--------------------------+----------------------+---------+-------+-----+-----+
    |Total                     |                      |        0|     12|  901| 1812|
    +--------------------------+----------------------+---------+-------+-----+-----+

    * DSP48: 
    +--------------------------+----------------------+-----------+
    |         Instance         |        Module        | Expression|
    +--------------------------+----------------------+-----------+
    |conv1_mul_mul_6nseOg_U45  |conv1_mul_mul_6nseOg  |  i0 * i1  |
    +--------------------------+----------------------+-----------+

    * Memory: 
    N/A

    * FIFO: 
    N/A

    * Expression: 
    +---------------------------------+----------+-------+---+----+------------+------------+
    |          Variable Name          | Operation| DSP48E| FF| LUT| Bitwidth P0| Bitwidth P1|
    +---------------------------------+----------+-------+---+----+------------+------------+
    |tmp_169_fu_3128_p2               |     *    |      0|  0|  41|           8|           5|
    |co_3_fu_3096_p2                  |     +    |      0|  0|  15|           1|           5|
    |h_3_fu_3060_p2                   |     +    |      0|  0|  13|           4|           1|
    |h_4_dup_fu_3184_p2               |     +    |      0|  0|  13|           1|           4|
    |h_4_mid1_fu_3212_p2              |     +    |      0|  0|  13|           2|           4|
    |indvar_flatten_next5_fu_3090_p2  |     +    |      0|  0|  13|          11|           1|
    |indvar_flatten_op_fu_3268_p2     |     +    |      0|  0|  15|           1|           8|
    |tmp_172_fu_3324_p2               |     +    |      0|  0|  17|           6|          13|
    |tmp_173_fu_3412_p2               |     +    |      0|  0|  17|           7|          13|
    |tmp_174_fu_3452_p2               |     +    |      0|  0|  17|           7|          13|
    |tmp_175_fu_3462_p2               |     +    |      0|  0|  17|           7|          13|
    |tmp_177_fu_3512_p2               |     +    |      0|  0|  17|           1|          13|
    |tmp_179_fu_3561_p2               |     +    |      0|  0|  17|           7|          13|
    |tmp_181_fu_3599_p2               |     +    |      0|  0|  17|           7|          13|
    |tmp_182_fu_3627_p2               |     +    |      0|  0|  17|           2|          13|
    |tmp_183_fu_3637_p2               |     +    |      0|  0|  17|           2|          13|
    |tmp_184_fu_3676_p2               |     +    |      0|  0|  17|           6|          13|
    |tmp_185_fu_3686_p2               |     +    |      0|  0|  17|           7|          13|
    |tmp_186_fu_3714_p2               |     +    |      0|  0|  17|           7|          13|
    |tmp_187_fu_3724_p2               |     +    |      0|  0|  17|           7|          13|
    |tmp_188_fu_3752_p2               |     +    |      0|  0|  17|           2|          13|
    |tmp_189_fu_3762_p2               |     +    |      0|  0|  17|           2|          13|
    |tmp_190_fu_3801_p2               |     +    |      0|  0|  17|           6|          13|
    |tmp_191_fu_3811_p2               |     +    |      0|  0|  17|           7|          13|
    |tmp_192_fu_3839_p2               |     +    |      0|  0|  17|           7|          13|
    |tmp_193_fu_3849_p2               |     +    |      0|  0|  17|           8|          13|
    |tmp_194_fu_3877_p2               |     +    |      0|  0|  17|           3|          13|
    |tmp_195_fu_3887_p2               |     +    |      0|  0|  17|           3|          13|
    |tmp_196_fu_3926_p2               |     +    |      0|  0|  17|           6|          13|
    |tmp_197_fu_3936_p2               |     +    |      0|  0|  17|           7|          13|
    |tmp_198_fu_3964_p2               |     +    |      0|  0|  17|           7|          13|
    |tmp_199_fu_3974_p2               |     +    |      0|  0|  17|           8|          13|
    |tmp_201_fu_4048_p2               |     +    |      0|  0|  17|          13|          13|
    |tmp_202_fu_4059_p2               |     +    |      0|  0|  17|           3|          13|
    |tmp_203_fu_4123_p2               |     +    |      0|  0|  17|           6|          13|
    |tmp_204_fu_4133_p2               |     +    |      0|  0|  17|           7|          13|
    |tmp_205_fu_4173_p2               |     +    |      0|  0|  17|           7|          13|
    |tmp_206_fu_4183_p2               |     +    |      0|  0|  17|           8|          13|
    |tmp_207_fu_4223_p2               |     +    |      0|  0|  17|           1|          13|
    |tmp_208_fu_4233_p2               |     +    |      0|  0|  17|           3|          13|
    |tmp_209_fu_4261_p2               |     +    |      0|  0|  17|           6|          13|
    |tmp_210_fu_4271_p2               |     +    |      0|  0|  17|           7|          13|
    |tmp_211_fu_4299_p2               |     +    |      0|  0|  17|           7|          13|
    |tmp_212_fu_4309_p2               |     +    |      0|  0|  17|           8|          13|
    |tmp_213_fu_4337_p2               |     +    |      0|  0|  17|           2|          13|
    |tmp_214_fu_4347_p2               |     +    |      0|  0|  17|           3|          13|
    |tmp_215_fu_4375_p2               |     +    |      0|  0|  17|           6|          13|
    |tmp_216_fu_4385_p2               |     +    |      0|  0|  17|           7|          13|
    |tmp_217_fu_4413_p2               |     +    |      0|  0|  17|           7|          13|
    |tmp_218_fu_4423_p2               |     +    |      0|  0|  17|           8|          13|
    |tmp_219_fu_4451_p2               |     +    |      0|  0|  17|           2|          13|
    |tmp_220_fu_4461_p2               |     +    |      0|  0|  17|           4|          13|
    |tmp_221_fu_4489_p2               |     +    |      0|  0|  17|           6|          13|
    |tmp_222_fu_4499_p2               |     +    |      0|  0|  17|           7|          13|
    |tmp_223_fu_4527_p2               |     +    |      0|  0|  17|           7|          13|
    |tmp_224_fu_4537_p2               |     +    |      0|  0|  17|           8|          13|
    |tmp_225_fu_4565_p2               |     +    |      0|  0|  17|           3|          13|
    |tmp_226_fu_4575_p2               |     +    |      0|  0|  17|           4|          13|
    |tmp_227_fu_4603_p2               |     +    |      0|  0|  17|           6|          13|
    |tmp_228_fu_4613_p2               |     +    |      0|  0|  17|           7|          13|
    |tmp_229_fu_4641_p2               |     +    |      0|  0|  17|           7|          13|
    |tmp_230_fu_4651_p2               |     +    |      0|  0|  17|           8|          13|
    |tmp_231_fu_4679_p2               |     +    |      0|  0|  17|           4|          13|
    |tmp_232_fu_4689_p2               |     +    |      0|  0|  17|           4|          13|
    |tmp_233_fu_4753_p2               |     +    |      0|  0|  17|           6|          13|
    |tmp_234_fu_4763_p2               |     +    |      0|  0|  17|           7|          13|
    |tmp_235_fu_4803_p2               |     +    |      0|  0|  17|           7|          13|
    |tmp_236_fu_4813_p2               |     +    |      0|  0|  17|           8|          13|
    |tmp_237_fu_4853_p2               |     +    |      0|  0|  17|           4|          13|
    |tmp_238_fu_4863_p2               |     +    |      0|  0|  17|           4|          13|
    |tmp_239_fu_4891_p2               |     +    |      0|  0|  17|           6|          13|
    |tmp_240_fu_4901_p2               |     +    |      0|  0|  17|           7|          13|
    |tmp_241_fu_4929_p2               |     +    |      0|  0|  17|           7|          13|
    |tmp_242_fu_4939_p2               |     +    |      0|  0|  17|           8|          13|
    |tmp_243_fu_4967_p2               |     +    |      0|  0|  17|           4|          13|
    |tmp_244_fu_4977_p2               |     +    |      0|  0|  17|           4|          13|
    |tmp_245_fu_5005_p2               |     +    |      0|  0|  17|           6|          13|
    |tmp_246_fu_5015_p2               |     +    |      0|  0|  17|           7|          13|
    |tmp_247_fu_5043_p2               |     +    |      0|  0|  17|           7|          13|
    |tmp_248_fu_5053_p2               |     +    |      0|  0|  17|           8|          13|
    |tmp_249_fu_5081_p2               |     +    |      0|  0|  17|           4|          13|
    |tmp_250_fu_5091_p2               |     +    |      0|  0|  17|           4|          13|
    |tmp_251_fu_5119_p2               |     +    |      0|  0|  17|           6|          13|
    |tmp_252_fu_5129_p2               |     +    |      0|  0|  17|           7|          13|
    |tmp_253_fu_5157_p2               |     +    |      0|  0|  17|           7|          13|
    |tmp_254_fu_5167_p2               |     +    |      0|  0|  17|           8|          13|
    |tmp_255_fu_5195_p2               |     +    |      0|  0|  17|           4|          13|
    |tmp_256_fu_5205_p2               |     +    |      0|  0|  17|           4|          13|
    |tmp_257_fu_5233_p2               |     +    |      0|  0|  17|           7|          13|
    |tmp_258_fu_5243_p2               |     +    |      0|  0|  17|           7|          13|
    |tmp_259_fu_5271_p2               |     +    |      0|  0|  17|           7|          13|
    |tmp_260_fu_5281_p2               |     +    |      0|  0|  17|           8|          13|
    |tmp_261_fu_5309_p2               |     +    |      0|  0|  17|           4|          13|
    |tmp_262_fu_5319_p2               |     +    |      0|  0|  17|           4|          13|
    |tmp_263_fu_5383_p2               |     +    |      0|  0|  17|           7|          13|
    |tmp_264_fu_5393_p2               |     +    |      0|  0|  17|           7|          13|
    |tmp_265_fu_5433_p2               |     +    |      0|  0|  17|           7|          13|
    |tmp_266_fu_5443_p2               |     +    |      0|  0|  17|           8|          13|
    |tmp_267_fu_5483_p2               |     +    |      0|  0|  17|           5|          13|
    |tmp_268_fu_5493_p2               |     +    |      0|  0|  17|           5|          13|
    |tmp_269_fu_5521_p2               |     +    |      0|  0|  17|           7|          13|
    |tmp_270_fu_5531_p2               |     +    |      0|  0|  17|           7|          13|
    |tmp_271_fu_5559_p2               |     +    |      0|  0|  17|           7|          13|
    |tmp_272_fu_5569_p2               |     +    |      0|  0|  17|           8|          13|
    |tmp_273_fu_5597_p2               |     +    |      0|  0|  17|           5|          13|
    |tmp_274_fu_5607_p2               |     +    |      0|  0|  17|           5|          13|
    |tmp_275_fu_5635_p2               |     +    |      0|  0|  17|           7|          13|
    |tmp_276_fu_5645_p2               |     +    |      0|  0|  17|           7|          13|
    |tmp_277_fu_5673_p2               |     +    |      0|  0|  17|           7|          13|
    |tmp_278_fu_5683_p2               |     +    |      0|  0|  17|           8|          13|
    |tmp_279_fu_5711_p2               |     +    |      0|  0|  17|           5|          13|
    |tmp_280_fu_5721_p2               |     +    |      0|  0|  17|           5|          13|
    |tmp_281_fu_5749_p2               |     +    |      0|  0|  17|           7|          13|
    |tmp_282_fu_5759_p2               |     +    |      0|  0|  17|           7|          13|
    |tmp_283_fu_5787_p2               |     +    |      0|  0|  17|           7|          13|
    |tmp_284_fu_5797_p2               |     +    |      0|  0|  17|           8|          13|
    |tmp_285_fu_5825_p2               |     +    |      0|  0|  17|           5|          13|
    |tmp_286_fu_5835_p2               |     +    |      0|  0|  17|           5|          13|
    |tmp_287_fu_5863_p2               |     +    |      0|  0|  17|           7|          13|
    |tmp_288_fu_5873_p2               |     +    |      0|  0|  17|           7|          13|
    |tmp_289_fu_5901_p2               |     +    |      0|  0|  17|           7|          13|
    |tmp_290_fu_5911_p2               |     +    |      0|  0|  17|           8|          13|
    |tmp_291_fu_5939_p2               |     +    |      0|  0|  17|           5|          13|
    |tmp_292_fu_5949_p2               |     +    |      0|  0|  17|           5|          13|
    |tmp_293_fu_6013_p2               |     +    |      0|  0|  17|           7|          13|
    |tmp_294_fu_6023_p2               |     +    |      0|  0|  17|           7|          13|
    |tmp_295_fu_6063_p2               |     +    |      0|  0|  17|           7|          13|
    |tmp_296_fu_6073_p2               |     +    |      0|  0|  17|           8|          13|
    |tmp_297_fu_6142_p2               |     +    |      0|  0|  17|           5|          13|
    |tmp_298_fu_6152_p2               |     +    |      0|  0|  17|           5|          13|
    |tmp_299_fu_6180_p2               |     +    |      0|  0|  17|           7|          13|
    |tmp_300_fu_6190_p2               |     +    |      0|  0|  17|           7|          13|
    |tmp_301_fu_6218_p2               |     +    |      0|  0|  17|           7|          13|
    |tmp_302_fu_6228_p2               |     +    |      0|  0|  17|           8|          13|
    |tmp_303_fu_6256_p2               |     +    |      0|  0|  17|           5|          13|
    |tmp_304_fu_6266_p2               |     +    |      0|  0|  17|           5|          13|
    |tmp_305_fu_6294_p2               |     +    |      0|  0|  17|           7|          13|
    |tmp_306_fu_6304_p2               |     +    |      0|  0|  17|           7|          13|
    |tmp_307_fu_6332_p2               |     +    |      0|  0|  17|           7|          13|
    |tmp_308_fu_6342_p2               |     +    |      0|  0|  17|           8|          13|
    |tmp_309_fu_6370_p2               |     +    |      0|  0|  17|           5|          13|
    |tmp_310_fu_6380_p2               |     +    |      0|  0|  17|           5|          13|
    |tmp_311_fu_6408_p2               |     +    |      0|  0|  17|           7|          13|
    |tmp_312_fu_6418_p2               |     +    |      0|  0|  17|           7|          13|
    |tmp_313_fu_6446_p2               |     +    |      0|  0|  17|           7|          13|
    |tmp_314_fu_6456_p2               |     +    |      0|  0|  17|           8|          13|
    |tmp_315_fu_6508_p2               |     +    |      0|  0|  17|           5|          13|
    |tmp_316_fu_6518_p2               |     +    |      0|  0|  17|           5|          13|
    |tmp_317_fu_6536_p2               |     +    |      0|  0|  17|           7|          13|
    |tmp_318_fu_6546_p2               |     +    |      0|  0|  17|           7|          13|
    |tmp_319_fu_6564_p2               |     +    |      0|  0|  17|           7|          13|
    |tmp_320_fu_6574_p2               |     +    |      0|  0|  17|           8|          13|
    |tmp_321_fu_3334_p2               |     +    |      0|  0|  17|           9|           9|
    |tmp_326_fu_3371_p2               |     +    |      0|  0|  12|           8|          12|
    |tmp_327_fu_3422_p2               |     +    |      0|  0|  12|           9|          12|
    |tmp_328_fu_3427_p2               |     +    |      0|  0|  12|          10|          12|
    |tmp_329_fu_3472_p2               |     +    |      0|  0|  12|          10|          12|
    |tmp_330_fu_3477_p2               |     +    |      0|  0|  12|          10|          12|
    |tmp_331_fu_3377_p2               |     +    |      0|  0|  17|           9|           9|
    |tmp_333_fu_6101_p2               |     +    |      0|  0|  17|          12|          12|
    |tmp_337_fu_4097_p2               |     +    |      0|  0|  12|           8|          12|
    |tmp_338_fu_4143_p2               |     +    |      0|  0|  12|           9|          12|
    |tmp_339_fu_4148_p2               |     +    |      0|  0|  12|          10|          12|
    |tmp_340_fu_4193_p2               |     +    |      0|  0|  12|          10|          12|
    |tmp_341_fu_4198_p2               |     +    |      0|  0|  12|          10|          12|
    |tmp_345_fu_4727_p2               |     +    |      0|  0|  12|           8|          12|
    |tmp_346_fu_4773_p2               |     +    |      0|  0|  12|           9|          12|
    |tmp_347_fu_4778_p2               |     +    |      0|  0|  12|          10|          12|
    |tmp_348_fu_4823_p2               |     +    |      0|  0|  12|          10|          12|
    |tmp_349_fu_4828_p2               |     +    |      0|  0|  12|          10|          12|
    |tmp_353_fu_5357_p2               |     +    |      0|  0|  12|           8|          12|
    |tmp_354_fu_5403_p2               |     +    |      0|  0|  12|           9|          12|
    |tmp_355_fu_5408_p2               |     +    |      0|  0|  12|          10|          12|
    |tmp_356_fu_5453_p2               |     +    |      0|  0|  12|          10|          12|
    |tmp_357_fu_5458_p2               |     +    |      0|  0|  12|          10|          12|
    |tmp_361_fu_5987_p2               |     +    |      0|  0|  12|           8|          12|
    |tmp_362_fu_6033_p2               |     +    |      0|  0|  12|           9|          12|
    |tmp_363_fu_6038_p2               |     +    |      0|  0|  12|          10|          12|
    |tmp_364_fu_6107_p2               |     +    |      0|  0|  12|          10|          12|
    |tmp_365_fu_6112_p2               |     +    |      0|  0|  12|          10|          12|
    |tmp_366_fu_3386_p2               |     +    |      0|  0|  12|          12|          12|
    |tmp_367_fu_3397_p2               |     +    |      0|  0|  12|          12|          12|
    |tmp_368_fu_3432_p2               |     +    |      0|  0|  12|          12|          12|
    |tmp_369_fu_3442_p2               |     +    |      0|  0|  12|          12|          12|
    |tmp_370_fu_3482_p2               |     +    |      0|  0|  12|          12|          12|
    |tmp_371_fu_3492_p2               |     +    |      0|  0|  12|          12|          12|
    |tmp_372_fu_4103_p2               |     +    |      0|  0|  12|          12|          12|
    |tmp_373_fu_4113_p2               |     +    |      0|  0|  12|          12|          12|
    |tmp_374_fu_4153_p2               |     +    |      0|  0|  12|          12|          12|
    |tmp_375_fu_4163_p2               |     +    |      0|  0|  12|          12|          12|
    |tmp_376_fu_4203_p2               |     +    |      0|  0|  12|          12|          12|
    |tmp_377_fu_4213_p2               |     +    |      0|  0|  12|          12|          12|
    |tmp_378_fu_4733_p2               |     +    |      0|  0|  12|          12|          12|
    |tmp_379_fu_4743_p2               |     +    |      0|  0|  12|          12|          12|
    |tmp_380_fu_4783_p2               |     +    |      0|  0|  12|          12|          12|
    |tmp_381_fu_4793_p2               |     +    |      0|  0|  12|          12|          12|
    |tmp_382_fu_4833_p2               |     +    |      0|  0|  12|          12|          12|
    |tmp_383_fu_4843_p2               |     +    |      0|  0|  12|          12|          12|
    |tmp_384_fu_5363_p2               |     +    |      0|  0|  12|          12|          12|
    |tmp_385_fu_5373_p2               |     +    |      0|  0|  12|          12|          12|
    |tmp_386_fu_5413_p2               |     +    |      0|  0|  12|          12|          12|
    |tmp_387_fu_5423_p2               |     +    |      0|  0|  12|          12|          12|
    |tmp_388_fu_5463_p2               |     +    |      0|  0|  12|          12|          12|
    |tmp_389_fu_5473_p2               |     +    |      0|  0|  12|          12|          12|
    |tmp_390_fu_5993_p2               |     +    |      0|  0|  12|          12|          12|
    |tmp_391_fu_6003_p2               |     +    |      0|  0|  12|          12|          12|
    |tmp_392_fu_6043_p2               |     +    |      0|  0|  12|          12|          12|
    |tmp_393_fu_6053_p2               |     +    |      0|  0|  12|          12|          12|
    |tmp_394_fu_6117_p2               |     +    |      0|  0|  12|          12|          12|
    |tmp_395_fu_6127_p2               |     +    |      0|  0|  12|          12|          12|
    |tmp_396_fu_6137_p2               |     +    |      0|  0|  17|          12|          12|
    |tmp_397_fu_3531_p2               |     +    |      0|  0|  12|          12|          12|
    |tmp_398_fu_3541_p2               |     +    |      0|  0|  12|          12|          12|
    |tmp_399_fu_3571_p2               |     +    |      0|  0|  12|          12|          12|
    |tmp_400_fu_3580_p2               |     +    |      0|  0|  12|          12|          12|
    |tmp_401_fu_3609_p2               |     +    |      0|  0|  12|          12|          12|
    |tmp_402_fu_3618_p2               |     +    |      0|  0|  12|          12|          12|
    |tmp_403_fu_4243_p2               |     +    |      0|  0|  12|          12|          12|
    |tmp_404_fu_4252_p2               |     +    |      0|  0|  12|          12|          12|
    |tmp_405_fu_4281_p2               |     +    |      0|  0|  12|          12|          12|
    |tmp_406_fu_4290_p2               |     +    |      0|  0|  12|          12|          12|
    |tmp_407_fu_4319_p2               |     +    |      0|  0|  12|          12|          12|
    |tmp_408_fu_4328_p2               |     +    |      0|  0|  12|          12|          12|
    |tmp_409_fu_4873_p2               |     +    |      0|  0|  12|          12|          12|
    |tmp_410_fu_4882_p2               |     +    |      0|  0|  12|          12|          12|
    |tmp_411_fu_4911_p2               |     +    |      0|  0|  12|          12|          12|
    |tmp_412_fu_4920_p2               |     +    |      0|  0|  12|          12|          12|
    |tmp_413_fu_4949_p2               |     +    |      0|  0|  12|          12|          12|
    |tmp_414_fu_4958_p2               |     +    |      0|  0|  12|          12|          12|
    |tmp_415_fu_5503_p2               |     +    |      0|  0|  12|          12|          12|
    |tmp_416_fu_5512_p2               |     +    |      0|  0|  12|          12|          12|
    |tmp_417_fu_5541_p2               |     +    |      0|  0|  12|          12|          12|
    |tmp_418_fu_5550_p2               |     +    |      0|  0|  12|          12|          12|
    |tmp_419_fu_5579_p2               |     +    |      0|  0|  12|          12|          12|
    |tmp_420_fu_5588_p2               |     +    |      0|  0|  12|          12|          12|
    |tmp_421_fu_6162_p2               |     +    |      0|  0|  12|          12|          12|
    |tmp_422_fu_6171_p2               |     +    |      0|  0|  12|          12|          12|
    |tmp_423_fu_6200_p2               |     +    |      0|  0|  12|          12|          12|
    |tmp_424_fu_6209_p2               |     +    |      0|  0|  12|          12|          12|
    |tmp_425_fu_6238_p2               |     +    |      0|  0|  12|          12|          12|
    |tmp_426_fu_6247_p2               |     +    |      0|  0|  12|          12|          12|
    |tmp_427_fu_3656_p2               |     +    |      0|  0|  12|          12|          12|
    |tmp_428_fu_3666_p2               |     +    |      0|  0|  12|          12|          12|
    |tmp_429_fu_3696_p2               |     +    |      0|  0|  12|          12|          12|
    |tmp_430_fu_3705_p2               |     +    |      0|  0|  12|          12|          12|
    |tmp_431_fu_3734_p2               |     +    |      0|  0|  12|          12|          12|
    |tmp_432_fu_3743_p2               |     +    |      0|  0|  12|          12|          12|
    |tmp_433_fu_4357_p2               |     +    |      0|  0|  12|          12|          12|
    |tmp_434_fu_4366_p2               |     +    |      0|  0|  12|          12|          12|
    |tmp_435_fu_4395_p2               |     +    |      0|  0|  12|          12|          12|
    |tmp_436_fu_4404_p2               |     +    |      0|  0|  12|          12|          12|
    |tmp_437_fu_4433_p2               |     +    |      0|  0|  12|          12|          12|
    |tmp_438_fu_4442_p2               |     +    |      0|  0|  12|          12|          12|
    |tmp_439_fu_4987_p2               |     +    |      0|  0|  12|          12|          12|
    |tmp_440_fu_4996_p2               |     +    |      0|  0|  12|          12|          12|
    |tmp_441_fu_5025_p2               |     +    |      0|  0|  12|          12|          12|
    |tmp_442_fu_5034_p2               |     +    |      0|  0|  12|          12|          12|
    |tmp_443_fu_5063_p2               |     +    |      0|  0|  12|          12|          12|
    |tmp_444_fu_5072_p2               |     +    |      0|  0|  12|          12|          12|
    |tmp_445_fu_5617_p2               |     +    |      0|  0|  12|          12|          12|
    |tmp_446_fu_5626_p2               |     +    |      0|  0|  12|          12|          12|
    |tmp_447_fu_5655_p2               |     +    |      0|  0|  12|          12|          12|
    |tmp_448_fu_5664_p2               |     +    |      0|  0|  12|          12|          12|
    |tmp_449_fu_5693_p2               |     +    |      0|  0|  12|          12|          12|
    |tmp_450_fu_5702_p2               |     +    |      0|  0|  12|          12|          12|
    |tmp_451_fu_6276_p2               |     +    |      0|  0|  12|          12|          12|
    |tmp_452_fu_6285_p2               |     +    |      0|  0|  12|          12|          12|
    |tmp_453_fu_6314_p2               |     +    |      0|  0|  12|          12|          12|
    |tmp_454_fu_6323_p2               |     +    |      0|  0|  12|          12|          12|
    |tmp_455_fu_6352_p2               |     +    |      0|  0|  12|          12|          12|
    |tmp_456_fu_6361_p2               |     +    |      0|  0|  12|          12|          12|
    |tmp_457_fu_3781_p2               |     +    |      0|  0|  12|          12|          12|
    |tmp_458_fu_3791_p2               |     +    |      0|  0|  12|          12|          12|
    |tmp_459_fu_3821_p2               |     +    |      0|  0|  12|          12|          12|
    |tmp_460_fu_3830_p2               |     +    |      0|  0|  12|          12|          12|
    |tmp_461_fu_3859_p2               |     +    |      0|  0|  12|          12|          12|
    |tmp_462_fu_3868_p2               |     +    |      0|  0|  12|          12|          12|
    |tmp_463_fu_4471_p2               |     +    |      0|  0|  12|          12|          12|
    |tmp_464_fu_4480_p2               |     +    |      0|  0|  12|          12|          12|
    |tmp_465_fu_4509_p2               |     +    |      0|  0|  12|          12|          12|
    |tmp_466_fu_4518_p2               |     +    |      0|  0|  12|          12|          12|
    |tmp_467_fu_4547_p2               |     +    |      0|  0|  12|          12|          12|
    |tmp_468_fu_4556_p2               |     +    |      0|  0|  12|          12|          12|
    |tmp_469_fu_5101_p2               |     +    |      0|  0|  12|          12|          12|
    |tmp_470_fu_5110_p2               |     +    |      0|  0|  12|          12|          12|
    |tmp_471_fu_5139_p2               |     +    |      0|  0|  12|          12|          12|
    |tmp_472_fu_5148_p2               |     +    |      0|  0|  12|          12|          12|
    |tmp_473_fu_5177_p2               |     +    |      0|  0|  12|          12|          12|
    |tmp_474_fu_5186_p2               |     +    |      0|  0|  12|          12|          12|
    |tmp_475_fu_5731_p2               |     +    |      0|  0|  12|          12|          12|
    |tmp_476_fu_5740_p2               |     +    |      0|  0|  12|          12|          12|
    |tmp_477_fu_5769_p2               |     +    |      0|  0|  12|          12|          12|
    |tmp_478_fu_5778_p2               |     +    |      0|  0|  12|          12|          12|
    |tmp_479_fu_5807_p2               |     +    |      0|  0|  12|          12|          12|
    |tmp_480_fu_5816_p2               |     +    |      0|  0|  12|          12|          12|
    |tmp_481_fu_6390_p2               |     +    |      0|  0|  12|          12|          12|
    |tmp_482_fu_6399_p2               |     +    |      0|  0|  12|          12|          12|
    |tmp_483_fu_6428_p2               |     +    |      0|  0|  12|          12|          12|
    |tmp_484_fu_6437_p2               |     +    |      0|  0|  12|          12|          12|
    |tmp_485_fu_6466_p2               |     +    |      0|  0|  12|          12|          12|
    |tmp_486_fu_6475_p2               |     +    |      0|  0|  12|          12|          12|
    |tmp_487_fu_3906_p2               |     +    |      0|  0|  12|          12|          12|
    |tmp_488_fu_3916_p2               |     +    |      0|  0|  12|          12|          12|
    |tmp_489_fu_3946_p2               |     +    |      0|  0|  12|          12|          12|
    |tmp_490_fu_3955_p2               |     +    |      0|  0|  12|          12|          12|
    |tmp_491_fu_3984_p2               |     +    |      0|  0|  12|          12|          12|
    |tmp_492_fu_3993_p2               |     +    |      0|  0|  12|          12|          12|
    |tmp_493_fu_4585_p2               |     +    |      0|  0|  12|          12|          12|
    |tmp_494_fu_4594_p2               |     +    |      0|  0|  12|          12|          12|
    |tmp_495_fu_4623_p2               |     +    |      0|  0|  12|          12|          12|
    |tmp_496_fu_4632_p2               |     +    |      0|  0|  12|          12|          12|
    |tmp_497_fu_4661_p2               |     +    |      0|  0|  12|          12|          12|
    |tmp_498_fu_4670_p2               |     +    |      0|  0|  12|          12|          12|
    |tmp_499_fu_5215_p2               |     +    |      0|  0|  12|          12|          12|
    |tmp_49_2_fu_3066_p2              |     +    |      0|  0|  13|           4|           2|
    |tmp_49_2_mid1_fu_3226_p2         |     +    |      0|  0|  13|           2|           4|
    |tmp_49_3_fu_3072_p2              |     +    |      0|  0|  13|           4|           2|
    |tmp_49_3_mid1_fu_3240_p2         |     +    |      0|  0|  13|           3|           4|
    |tmp_49_4_fu_3078_p2              |     +    |      0|  0|  13|           4|           3|
    |tmp_49_4_mid1_fu_3254_p2         |     +    |      0|  0|  13|           3|           4|
    |tmp_500_fu_5224_p2               |     +    |      0|  0|  12|          12|          12|
    |tmp_501_fu_5253_p2               |     +    |      0|  0|  12|          12|          12|
    |tmp_502_fu_5262_p2               |     +    |      0|  0|  12|          12|          12|
    |tmp_503_fu_5291_p2               |     +    |      0|  0|  12|          12|          12|
    |tmp_504_fu_5300_p2               |     +    |      0|  0|  12|          12|          12|
    |tmp_505_fu_5845_p2               |     +    |      0|  0|  12|          12|          12|
    |tmp_506_fu_5854_p2               |     +    |      0|  0|  12|          12|          12|
    |tmp_507_fu_5883_p2               |     +    |      0|  0|  12|          12|          12|
    |tmp_508_fu_5892_p2               |     +    |      0|  0|  12|          12|          12|
    |tmp_509_fu_5921_p2               |     +    |      0|  0|  12|          12|          12|
    |tmp_510_fu_5930_p2               |     +    |      0|  0|  12|          12|          12|
    |tmp_511_fu_6484_p2               |     +    |      0|  0|  12|          12|          12|
    |tmp_512_fu_6488_p2               |     +    |      0|  0|  12|          12|          12|
    |tmp_513_fu_6492_p2               |     +    |      0|  0|  12|          12|          12|
    |tmp_514_fu_6496_p2               |     +    |      0|  0|  12|          12|          12|
    |tmp_515_fu_6500_p2               |     +    |      0|  0|  12|          12|          12|
    |tmp_516_fu_6504_p2               |     +    |      0|  0|  12|          12|          12|
    |tmp_52_0_2_fu_3647_p2            |     +    |      0|  0|  13|           2|           4|
    |tmp_52_0_3_fu_3772_p2            |     +    |      0|  0|  13|           2|           4|
    |tmp_52_0_4_fu_3897_p2            |     +    |      0|  0|  13|           3|           4|
    |w_4_fu_3522_p2                   |     +    |      0|  0|  13|           1|           4|
    |tmp_166_fu_3304_p2               |     -    |      0|  0|  15|           9|           9|
    |tmp_168_fu_4016_p2               |     -    |      0|  0|  13|          11|          11|
    |tmp_325_fu_3365_p2               |     -    |      0|  0|  12|          12|          12|
    |tmp_336_fu_4091_p2               |     -    |      0|  0|  12|          12|          12|
    |tmp_344_fu_4721_p2               |     -    |      0|  0|  12|          12|          12|
    |tmp_352_fu_5351_p2               |     -    |      0|  0|  12|          12|          12|
    |tmp_360_fu_5981_p2               |     -    |      0|  0|  12|          12|          12|
    |exitcond3_mid_fu_3178_p2         |    and   |      0|  0|   2|           1|           1|
    |exitcond_flatten5_fu_3084_p2     |   icmp   |      0|  0|  13|          11|          10|
    |exitcond_flatten_fu_3102_p2      |   icmp   |      0|  0|  11|           8|           7|
    |exitcond_fu_3172_p2              |   icmp   |      0|  0|   9|           4|           4|
    |tmp_171_fu_6600_p1               |    or    |      0|  0|  13|          13|           1|
    |tmp_176_fu_3502_p2               |    or    |      0|  0|  13|          13|           1|
    |tmp_178_fu_3551_p2               |    or    |      0|  0|  13|          13|           1|
    |tmp_180_fu_3589_p2               |    or    |      0|  0|  13|          13|           1|
    |tmp_200_fu_4026_p2               |    or    |      0|  0|  64|          64|           1|
    |tmp_322_fu_3190_p2               |    or    |      0|  0|   2|           1|           1|
    |h_mid_fu_3108_p3                 |  select  |      0|  0|   4|           1|           1|
    |indvar_flatten_next_fu_3274_p3   |  select  |      0|  0|   8|           1|           1|
    |tmp_50_1_mid2_fu_3218_p3         |  select  |      0|  0|   4|           1|           4|
    |tmp_50_1_mid_fu_3134_p3          |  select  |      0|  0|   4|           1|           1|
    |tmp_50_2_mid2_fu_3232_p3         |  select  |      0|  0|   4|           1|           4|
    |tmp_50_2_mid_fu_3142_p3          |  select  |      0|  0|   4|           1|           2|
    |tmp_50_3_mid2_fu_3246_p3         |  select  |      0|  0|   4|           1|           4|
    |tmp_50_3_mid_fu_3150_p3          |  select  |      0|  0|   4|           1|           2|
    |tmp_50_4_mid2_fu_3260_p3         |  select  |      0|  0|   4|           1|           4|
    |tmp_50_4_mid_fu_3158_p3          |  select  |      0|  0|   4|           1|           3|
    |tmp_mid2_63_fu_3204_p3           |  select  |      0|  0|   4|           1|           4|
    |tmp_mid2_v_fu_3116_p3            |  select  |      0|  0|   5|           1|           5|
    |w_mid2_fu_3196_p3                |  select  |      0|  0|   4|           1|           1|
    |ap_enable_pp0                    |    xor   |      0|  0|   2|           1|           2|
    |ap_enable_reg_pp0_iter1          |    xor   |      0|  0|   2|           2|           1|
    |not_exitcond_flatten_fu_3166_p2  |    xor   |      0|  0|   2|           1|           2|
    +---------------------------------+----------+-------+---+----+------------+------------+
    |Total                            |          |      0|  0|5190|        3257|        4239|
    +---------------------------------+----------+-------+---+----+------------+------------+

    * Multiplexer: 
    +-------------------------------------------+-----+-----------+-----+-----------+
    |                    Name                   | LUT | Input Size| Bits| Total Bits|
    +-------------------------------------------+-----+-----------+-----+-----------+
    |ap_NS_fsm                                  |  345|         78|    1|         78|
    |ap_enable_reg_pp0_iter1                    |    9|          2|    1|          2|
    |ap_enable_reg_pp0_iter10                   |    9|          2|    1|          2|
    |ap_phi_mux_co_phi_fu_2805_p4               |    9|          2|    5|         10|
    |ap_phi_mux_h_phi_fu_2827_p4                |    9|          2|    4|          8|
    |ap_phi_mux_indvar_flatten5_phi_fu_2794_p4  |    9|          2|   11|         22|
    |ap_phi_mux_indvar_flatten_phi_fu_2816_p4   |    9|          2|    8|         16|
    |ap_phi_mux_w_phi_fu_2838_p4                |    9|          2|    4|          8|
    |co_reg_2801                                |    9|          2|    5|         10|
    |grp_fu_2845_p0                             |   44|          9|   32|        288|
    |grp_fu_2845_p1                             |  261|         61|   32|       1952|
    |grp_fu_2850_p0                             |   41|          8|   32|        256|
    |grp_fu_2850_p1                             |  205|         47|   32|       1504|
    |grp_fu_2854_p0                             |   41|          8|   32|        256|
    |grp_fu_2854_p1                             |  201|         46|   32|       1472|
    |grp_fu_2858_p0                             |   50|         11|   32|        352|
    |grp_fu_2858_p1                             |   53|         12|   32|        384|
    |grp_fu_2862_p0                             |   50|         11|   32|        352|
    |grp_fu_2862_p1                             |   50|         11|   32|        352|
    |h_reg_2823                                 |    9|          2|    4|          8|
    |indvar_flatten5_reg_2790                   |    9|          2|   11|         22|
    |indvar_flatten_reg_2812                    |    9|          2|    8|         16|
    |input_r_address0                           |  337|         76|   11|        836|
    |input_r_address1                           |  337|         76|   11|        836|
    |reg_2878                                   |    9|          2|   32|         64|
    |reg_2885                                   |    9|          2|   32|         64|
    |reg_2891                                   |    9|          2|   32|         64|
    |reg_2898                                   |    9|          2|   32|         64|
    |reg_2905                                   |    9|          2|   32|         64|
    |reg_2912                                   |    9|          2|   32|         64|
    |reg_2919                                   |    9|          2|   32|         64|
    |reg_2926                                   |    9|          2|   32|         64|
    |reg_2933                                   |    9|          2|   32|         64|
    |reg_2940                                   |    9|          2|   32|         64|
    |reg_2947                                   |    9|          2|   32|         64|
    |reg_2954                                   |    9|          2|   32|         64|
    |reg_2961                                   |    9|          2|   32|         64|
    |reg_2968                                   |    9|          2|   32|         64|
    |reg_2981                                   |    9|          2|   32|         64|
    |reg_2988                                   |    9|          2|   32|         64|
    |w_reg_2834                                 |    9|          2|    4|          8|
    |weights_address0                           |  337|         76|   12|        912|
    |weights_address1                           |  337|         76|   12|        912|
    +-------------------------------------------+-----+-----------+-----+-----------+
    |Total                                      | 2941|        662|  945|      11898|
    +-------------------------------------------+-----+-----------+-----+-----------+

    * Register: 
    +-------------------------------------+-----+----+-----+-----------+
    |                 Name                |  FF | LUT| Bits| Const Bits|
    +-------------------------------------+-----+----+-----+-----------+
    |ap_CS_fsm                            |   77|   0|   77|          0|
    |ap_enable_reg_pp0_iter0              |    1|   0|    1|          0|
    |ap_enable_reg_pp0_iter1              |    1|   0|    1|          0|
    |ap_enable_reg_pp0_iter10             |    1|   0|    1|          0|
    |ap_enable_reg_pp0_iter2              |    1|   0|    1|          0|
    |ap_enable_reg_pp0_iter3              |    1|   0|    1|          0|
    |ap_enable_reg_pp0_iter4              |    1|   0|    1|          0|
    |ap_enable_reg_pp0_iter5              |    1|   0|    1|          0|
    |ap_enable_reg_pp0_iter6              |    1|   0|    1|          0|
    |ap_enable_reg_pp0_iter7              |    1|   0|    1|          0|
    |ap_enable_reg_pp0_iter8              |    1|   0|    1|          0|
    |ap_enable_reg_pp0_iter9              |    1|   0|    1|          0|
    |bias_load_reg_9586                   |   32|   0|   32|          0|
    |co_reg_2801                          |    5|   0|    5|          0|
    |exitcond_flatten5_reg_6606           |    1|   0|    1|          0|
    |h_reg_2823                           |    4|   0|    4|          0|
    |indvar_flatten5_reg_2790             |   11|   0|   11|          0|
    |indvar_flatten_next5_reg_6610        |   11|   0|   11|          0|
    |indvar_flatten_next_reg_6787         |    8|   0|    8|          0|
    |indvar_flatten_reg_2812              |    8|   0|    8|          0|
    |input_load_145_reg_9471              |   32|   0|   32|          0|
    |input_load_147_reg_9511              |   32|   0|   32|          0|
    |input_load_149_reg_9531              |   32|   0|   32|          0|
    |reg_2866                             |   32|   0|   32|          0|
    |reg_2872                             |   32|   0|   32|          0|
    |reg_2878                             |   32|   0|   32|          0|
    |reg_2885                             |   32|   0|   32|          0|
    |reg_2891                             |   32|   0|   32|          0|
    |reg_2898                             |   32|   0|   32|          0|
    |reg_2905                             |   32|   0|   32|          0|
    |reg_2912                             |   32|   0|   32|          0|
    |reg_2919                             |   32|   0|   32|          0|
    |reg_2926                             |   32|   0|   32|          0|
    |reg_2933                             |   32|   0|   32|          0|
    |reg_2940                             |   32|   0|   32|          0|
    |reg_2947                             |   32|   0|   32|          0|
    |reg_2954                             |   32|   0|   32|          0|
    |reg_2961                             |   32|   0|   32|          0|
    |reg_2968                             |   32|   0|   32|          0|
    |reg_2975                             |   32|   0|   32|          0|
    |reg_2981                             |   32|   0|   32|          0|
    |reg_2988                             |   32|   0|   32|          0|
    |reg_2995                             |   32|   0|   32|          0|
    |reg_3001                             |   32|   0|   32|          0|
    |reg_3007                             |   32|   0|   32|          0|
    |reg_3012                             |   32|   0|   32|          0|
    |reg_3018                             |   32|   0|   32|          0|
    |reg_3024                             |   32|   0|   32|          0|
    |reg_3030                             |   32|   0|   32|          0|
    |reg_3036                             |   32|   0|   32|          0|
    |reg_3042                             |   32|   0|   32|          0|
    |reg_3048                             |   32|   0|   32|          0|
    |reg_3054                             |   32|   0|   32|          0|
    |tmp_169_reg_6624                     |   13|   0|   13|          0|
    |tmp_171_reg_6802                     |   13|   0|   13|          0|
    |tmp_172_reg_6831                     |   13|   0|   13|          0|
    |tmp_174_reg_6946                     |   13|   0|   13|          0|
    |tmp_201_reg_7445                     |   12|   0|   13|          1|
    |tmp_20_reg_9591                      |   32|   0|   32|          0|
    |tmp_21_cast_reg_6867                 |    4|   0|   12|          8|
    |tmp_325_reg_6841                     |   11|   0|   12|          1|
    |tmp_326_reg_6853                     |   11|   0|   12|          1|
    |tmp_327_reg_6920                     |   11|   0|   12|          1|
    |tmp_328_reg_6928                     |   11|   0|   12|          1|
    |tmp_329_reg_6961                     |   11|   0|   12|          1|
    |tmp_330_reg_6969                     |   11|   0|   12|          1|
    |tmp_331_reg_6861                     |    9|   0|    9|          0|
    |tmp_336_reg_7463                     |   11|   0|   12|          1|
    |tmp_337_reg_7475                     |   11|   0|   12|          1|
    |tmp_338_reg_7513                     |   11|   0|   12|          1|
    |tmp_339_reg_7521                     |   11|   0|   12|          1|
    |tmp_340_reg_7559                     |   11|   0|   12|          1|
    |tmp_341_reg_7567                     |   11|   0|   12|          1|
    |tmp_344_reg_7965                     |   11|   0|   12|          1|
    |tmp_345_reg_7977                     |   11|   0|   12|          1|
    |tmp_346_reg_8015                     |   11|   0|   12|          1|
    |tmp_347_reg_8023                     |   11|   0|   12|          1|
    |tmp_348_reg_8061                     |   11|   0|   12|          1|
    |tmp_349_reg_8069                     |   11|   0|   12|          1|
    |tmp_352_reg_8467                     |   11|   0|   12|          1|
    |tmp_353_reg_8479                     |   11|   0|   12|          1|
    |tmp_354_reg_8517                     |   11|   0|   12|          1|
    |tmp_355_reg_8525                     |   11|   0|   12|          1|
    |tmp_356_reg_8563                     |   11|   0|   12|          1|
    |tmp_357_reg_8571                     |   11|   0|   12|          1|
    |tmp_360_reg_8969                     |   11|   0|   12|          1|
    |tmp_361_reg_8981                     |   11|   0|   12|          1|
    |tmp_362_reg_9019                     |   11|   0|   12|          1|
    |tmp_363_reg_9027                     |   11|   0|   12|          1|
    |tmp_364_reg_9065                     |   11|   0|   12|          1|
    |tmp_365_reg_9073                     |   11|   0|   12|          1|
    |tmp_396_reg_9091                     |   12|   0|   12|          0|
    |tmp_50_1_mid2_reg_6763               |    4|   0|    4|          0|
    |tmp_50_2_mid2_reg_6769               |    4|   0|    4|          0|
    |tmp_50_3_mid2_reg_6775               |    4|   0|    4|          0|
    |tmp_50_4_mid2_reg_6781               |    4|   0|    4|          0|
    |tmp_511_reg_9366                     |   12|   0|   12|          0|
    |tmp_512_reg_9371                     |   12|   0|   12|          0|
    |tmp_513_reg_9376                     |   12|   0|   12|          0|
    |tmp_514_reg_9381                     |   12|   0|   12|          0|
    |tmp_515_reg_9386                     |   12|   0|   12|          0|
    |tmp_516_reg_9391                     |   12|   0|   12|          0|
    |tmp_53_0_1_cast_reg_7002             |    4|   0|   12|          8|
    |tmp_53_0_2_cast_reg_7104             |    4|   0|   12|          8|
    |tmp_53_0_3_cast_reg_7226             |    4|   0|   12|          8|
    |tmp_53_0_4_cast_reg_7343             |    4|   0|   12|          8|
    |tmp_55_0_0_1_reg_7094                |   32|   0|   32|          0|
    |tmp_55_0_0_2_reg_7099                |   32|   0|   32|          0|
    |tmp_55_0_0_3_reg_7156                |   32|   0|   32|          0|
    |tmp_55_0_0_4_reg_7161                |   32|   0|   32|          0|
    |tmp_55_0_0_5_reg_7186                |   32|   0|   32|          0|
    |tmp_55_0_1_1_reg_7216                |   32|   0|   32|          0|
    |tmp_55_0_1_2_reg_7221                |   32|   0|   32|          0|
    |tmp_55_0_1_4_reg_7278                |   32|   0|   32|          0|
    |tmp_55_0_1_5_reg_7303                |   32|   0|   32|          0|
    |tmp_55_0_1_reg_7191                  |   32|   0|   32|          0|
    |tmp_55_0_2_1_reg_7333                |   32|   0|   32|          0|
    |tmp_55_0_2_2_reg_7338                |   32|   0|   32|          0|
    |tmp_55_0_2_3_reg_7395                |   32|   0|   32|          0|
    |tmp_55_0_2_4_reg_7400                |   32|   0|   32|          0|
    |tmp_55_0_2_5_reg_7425                |   32|   0|   32|          0|
    |tmp_55_0_2_5_reg_7425_pp0_iter1_reg  |   32|   0|   32|          0|
    |tmp_55_0_2_reg_7308                  |   32|   0|   32|          0|
    |tmp_55_0_3_1_reg_7493                |   32|   0|   32|          0|
    |tmp_55_0_3_1_reg_7493_pp0_iter1_reg  |   32|   0|   32|          0|
    |tmp_55_0_3_2_reg_7498                |   32|   0|   32|          0|
    |tmp_55_0_3_2_reg_7498_pp0_iter1_reg  |   32|   0|   32|          0|
    |tmp_55_0_3_3_reg_7539                |   32|   0|   32|          0|
    |tmp_55_0_3_3_reg_7539_pp0_iter1_reg  |   32|   0|   32|          0|
    |tmp_55_0_3_4_reg_7544                |   32|   0|   32|          0|
    |tmp_55_0_3_4_reg_7544_pp0_iter1_reg  |   32|   0|   32|          0|
    |tmp_55_0_3_5_reg_7585                |   32|   0|   32|          0|
    |tmp_55_0_3_5_reg_7585_pp0_iter1_reg  |   32|   0|   32|          0|
    |tmp_55_0_3_reg_7430                  |   32|   0|   32|          0|
    |tmp_55_0_3_reg_7430_pp0_iter1_reg    |   32|   0|   32|          0|
    |tmp_55_0_4_1_reg_7615                |   32|   0|   32|          0|
    |tmp_55_0_4_1_reg_7615_pp0_iter1_reg  |   32|   0|   32|          0|
    |tmp_55_0_4_2_reg_7620                |   32|   0|   32|          0|
    |tmp_55_0_4_2_reg_7620_pp0_iter1_reg  |   32|   0|   32|          0|
    |tmp_55_0_4_3_reg_7645                |   32|   0|   32|          0|
    |tmp_55_0_4_3_reg_7645_pp0_iter1_reg  |   32|   0|   32|          0|
    |tmp_55_0_4_4_reg_7650                |   32|   0|   32|          0|
    |tmp_55_0_4_4_reg_7650_pp0_iter1_reg  |   32|   0|   32|          0|
    |tmp_55_0_4_5_reg_7675                |   32|   0|   32|          0|
    |tmp_55_0_4_5_reg_7675_pp0_iter1_reg  |   32|   0|   32|          0|
    |tmp_55_0_4_reg_7590                  |   32|   0|   32|          0|
    |tmp_55_0_4_reg_7590_pp0_iter1_reg    |   32|   0|   32|          0|
    |tmp_55_1_0_1_reg_7705                |   32|   0|   32|          0|
    |tmp_55_1_0_1_reg_7705_pp0_iter1_reg  |   32|   0|   32|          0|
    |tmp_55_1_0_2_reg_7710                |   32|   0|   32|          0|
    |tmp_55_1_0_2_reg_7710_pp0_iter1_reg  |   32|   0|   32|          0|
    |tmp_55_1_0_3_reg_7735                |   32|   0|   32|          0|
    |tmp_55_1_0_4_reg_7740                |   32|   0|   32|          0|
    |tmp_55_1_0_5_reg_7765                |   32|   0|   32|          0|
    |tmp_55_1_1_1_reg_7795                |   32|   0|   32|          0|
    |tmp_55_1_1_2_reg_7800                |   32|   0|   32|          0|
    |tmp_55_1_1_3_reg_7825                |   32|   0|   32|          0|
    |tmp_55_1_1_4_reg_7830                |   32|   0|   32|          0|
    |tmp_55_1_1_5_reg_7855                |   32|   0|   32|          0|
    |tmp_55_1_1_reg_7770                  |   32|   0|   32|          0|
    |tmp_55_1_2_1_reg_7885                |   32|   0|   32|          0|
    |tmp_55_1_2_2_reg_7890                |   32|   0|   32|          0|
    |tmp_55_1_2_3_reg_7915                |   32|   0|   32|          0|
    |tmp_55_1_2_4_reg_7920                |   32|   0|   32|          0|
    |tmp_55_1_2_5_reg_7945                |   32|   0|   32|          0|
    |tmp_55_1_2_reg_7860                  |   32|   0|   32|          0|
    |tmp_55_1_3_1_reg_7995                |   32|   0|   32|          0|
    |tmp_55_1_3_2_reg_8000                |   32|   0|   32|          0|
    |tmp_55_1_3_3_reg_8041                |   32|   0|   32|          0|
    |tmp_55_1_3_4_reg_8046                |   32|   0|   32|          0|
    |tmp_55_1_3_5_reg_8087                |   32|   0|   32|          0|
    |tmp_55_1_3_reg_7950                  |   32|   0|   32|          0|
    |tmp_55_1_4_1_reg_8117                |   32|   0|   32|          0|
    |tmp_55_1_4_2_reg_8122                |   32|   0|   32|          0|
    |tmp_55_1_4_3_reg_8147                |   32|   0|   32|          0|
    |tmp_55_1_4_4_reg_8152                |   32|   0|   32|          0|
    |tmp_55_1_4_5_reg_8177                |   32|   0|   32|          0|
    |tmp_55_1_4_reg_8092                  |   32|   0|   32|          0|
    |tmp_55_1_reg_7680                    |   32|   0|   32|          0|
    |tmp_55_1_reg_7680_pp0_iter1_reg      |   32|   0|   32|          0|
    |tmp_55_2_0_1_reg_8207                |   32|   0|   32|          0|
    |tmp_55_2_0_2_reg_8212                |   32|   0|   32|          0|
    |tmp_55_2_0_3_reg_8237                |   32|   0|   32|          0|
    |tmp_55_2_0_4_reg_8242                |   32|   0|   32|          0|
    |tmp_55_2_0_5_reg_8267                |   32|   0|   32|          0|
    |tmp_55_2_1_1_reg_8297                |   32|   0|   32|          0|
    |tmp_55_2_1_2_reg_8302                |   32|   0|   32|          0|
    |tmp_55_2_1_3_reg_8327                |   32|   0|   32|          0|
    |tmp_55_2_1_4_reg_8332                |   32|   0|   32|          0|
    |tmp_55_2_1_5_reg_8357                |   32|   0|   32|          0|
    |tmp_55_2_1_reg_8272                  |   32|   0|   32|          0|
    |tmp_55_2_2_1_reg_8387                |   32|   0|   32|          0|
    |tmp_55_2_2_2_reg_8392                |   32|   0|   32|          0|
    |tmp_55_2_2_3_reg_8417                |   32|   0|   32|          0|
    |tmp_55_2_2_4_reg_8422                |   32|   0|   32|          0|
    |tmp_55_2_2_5_reg_8447                |   32|   0|   32|          0|
    |tmp_55_2_2_reg_8362                  |   32|   0|   32|          0|
    |tmp_55_2_3_1_reg_8497                |   32|   0|   32|          0|
    |tmp_55_2_3_2_reg_8502                |   32|   0|   32|          0|
    |tmp_55_2_3_3_reg_8543                |   32|   0|   32|          0|
    |tmp_55_2_3_4_reg_8548                |   32|   0|   32|          0|
    |tmp_55_2_3_5_reg_8589                |   32|   0|   32|          0|
    |tmp_55_2_3_reg_8452                  |   32|   0|   32|          0|
    |tmp_55_2_4_1_reg_8619                |   32|   0|   32|          0|
    |tmp_55_2_4_2_reg_8624                |   32|   0|   32|          0|
    |tmp_55_2_4_3_reg_8649                |   32|   0|   32|          0|
    |tmp_55_2_4_4_reg_8654                |   32|   0|   32|          0|
    |tmp_55_2_4_5_reg_8679                |   32|   0|   32|          0|
    |tmp_55_2_4_reg_8594                  |   32|   0|   32|          0|
    |tmp_55_2_reg_8182                    |   32|   0|   32|          0|
    |tmp_55_3_0_1_reg_8709                |   32|   0|   32|          0|
    |tmp_55_3_0_2_reg_8714                |   32|   0|   32|          0|
    |tmp_55_3_0_3_reg_8739                |   32|   0|   32|          0|
    |tmp_55_3_0_4_reg_8744                |   32|   0|   32|          0|
    |tmp_55_3_0_5_reg_8769                |   32|   0|   32|          0|
    |tmp_55_3_1_1_reg_8799                |   32|   0|   32|          0|
    |tmp_55_3_1_2_reg_8804                |   32|   0|   32|          0|
    |tmp_55_3_1_3_reg_8829                |   32|   0|   32|          0|
    |tmp_55_3_1_4_reg_8834                |   32|   0|   32|          0|
    |tmp_55_3_1_5_reg_8859                |   32|   0|   32|          0|
    |tmp_55_3_1_reg_8774                  |   32|   0|   32|          0|
    |tmp_55_3_2_1_reg_8889                |   32|   0|   32|          0|
    |tmp_55_3_2_2_reg_8894                |   32|   0|   32|          0|
    |tmp_55_3_2_3_reg_8919                |   32|   0|   32|          0|
    |tmp_55_3_2_4_reg_8924                |   32|   0|   32|          0|
    |tmp_55_3_2_5_reg_8949                |   32|   0|   32|          0|
    |tmp_55_3_2_reg_8864                  |   32|   0|   32|          0|
    |tmp_55_3_3_1_reg_8999                |   32|   0|   32|          0|
    |tmp_55_3_3_2_reg_9004                |   32|   0|   32|          0|
    |tmp_55_3_3_3_reg_9045                |   32|   0|   32|          0|
    |tmp_55_3_3_4_reg_9050                |   32|   0|   32|          0|
    |tmp_55_3_3_5_reg_9096                |   32|   0|   32|          0|
    |tmp_55_3_3_reg_8954                  |   32|   0|   32|          0|
    |tmp_55_3_4_1_reg_9126                |   32|   0|   32|          0|
    |tmp_55_3_4_2_reg_9131                |   32|   0|   32|          0|
    |tmp_55_3_4_3_reg_9156                |   32|   0|   32|          0|
    |tmp_55_3_4_4_reg_9161                |   32|   0|   32|          0|
    |tmp_55_3_4_5_reg_9186                |   32|   0|   32|          0|
    |tmp_55_3_4_reg_9101                  |   32|   0|   32|          0|
    |tmp_55_3_reg_8684                    |   32|   0|   32|          0|
    |tmp_55_4_0_1_reg_9216                |   32|   0|   32|          0|
    |tmp_55_4_0_2_reg_9221                |   32|   0|   32|          0|
    |tmp_55_4_0_3_reg_9246                |   32|   0|   32|          0|
    |tmp_55_4_0_4_reg_9251                |   32|   0|   32|          0|
    |tmp_55_4_0_5_reg_9276                |   32|   0|   32|          0|
    |tmp_55_4_1_1_reg_9306                |   32|   0|   32|          0|
    |tmp_55_4_1_2_reg_9311                |   32|   0|   32|          0|
    |tmp_55_4_1_3_reg_9336                |   32|   0|   32|          0|
    |tmp_55_4_1_4_reg_9341                |   32|   0|   32|          0|
    |tmp_55_4_1_5_reg_9396                |   32|   0|   32|          0|
    |tmp_55_4_1_reg_9281                  |   32|   0|   32|          0|
    |tmp_55_4_2_1_reg_9426                |   32|   0|   32|          0|
    |tmp_55_4_2_2_reg_9431                |   32|   0|   32|          0|
    |tmp_55_4_2_3_reg_9456                |   32|   0|   32|          0|
    |tmp_55_4_2_4_reg_9461                |   32|   0|   32|          0|
    |tmp_55_4_2_5_reg_9496                |   32|   0|   32|          0|
    |tmp_55_4_2_reg_9401                  |   32|   0|   32|          0|
    |tmp_55_4_3_1_reg_9516                |   32|   0|   32|          0|
    |tmp_55_4_3_2_reg_9521                |   32|   0|   32|          0|
    |tmp_55_4_3_3_reg_9536                |   32|   0|   32|          0|
    |tmp_55_4_3_4_reg_9541                |   32|   0|   32|          0|
    |tmp_55_4_3_5_reg_9546                |   32|   0|   32|          0|
    |tmp_55_4_3_reg_9501                  |   32|   0|   32|          0|
    |tmp_55_4_4_1_reg_9556                |   32|   0|   32|          0|
    |tmp_55_4_4_2_reg_9561                |   32|   0|   32|          0|
    |tmp_55_4_4_3_reg_9566                |   32|   0|   32|          0|
    |tmp_55_4_4_4_reg_9571                |   32|   0|   32|          0|
    |tmp_55_4_4_5_reg_9576                |   32|   0|   32|          0|
    |tmp_55_4_4_reg_9551                  |   32|   0|   32|          0|
    |tmp_55_4_reg_9191                    |   32|   0|   32|          0|
    |tmp_mid2_63_reg_6755                 |    4|   0|    4|          0|
    |tmp_mid2_v_reg_6615                  |    5|   0|    5|          0|
    |tmp_s_reg_6792                       |    5|   0|    6|          1|
    |w_4_reg_6997                         |    4|   0|    4|          0|
    |w_mid2_reg_6746                      |    4|   0|    4|          0|
    |w_reg_2834                           |    4|   0|    4|          0|
    |weights_load_145_reg_9466            |   32|   0|   32|          0|
    |weights_load_147_reg_9506            |   32|   0|   32|          0|
    |weights_load_149_reg_9526            |   32|   0|   32|          0|
    |exitcond_flatten5_reg_6606           |   64|  32|    1|          0|
    |tmp_396_reg_9091                     |   64|  32|   12|          0|
    |tmp_55_1_0_3_reg_7735                |   64|  32|   32|          0|
    |tmp_55_1_0_4_reg_7740                |   64|  32|   32|          0|
    |tmp_55_1_0_5_reg_7765                |   64|  32|   32|          0|
    |tmp_55_1_1_1_reg_7795                |   64|  32|   32|          0|
    |tmp_55_1_1_2_reg_7800                |   64|  32|   32|          0|
    |tmp_55_1_1_3_reg_7825                |   64|  32|   32|          0|
    |tmp_55_1_1_4_reg_7830                |   64|  32|   32|          0|
    |tmp_55_1_1_5_reg_7855                |   64|  32|   32|          0|
    |tmp_55_1_1_reg_7770                  |   64|  32|   32|          0|
    |tmp_55_1_2_1_reg_7885                |   64|  32|   32|          0|
    |tmp_55_1_2_2_reg_7890                |   64|  32|   32|          0|
    |tmp_55_1_2_3_reg_7915                |   64|  32|   32|          0|
    |tmp_55_1_2_4_reg_7920                |   64|  32|   32|          0|
    |tmp_55_1_2_5_reg_7945                |   64|  32|   32|          0|
    |tmp_55_1_2_reg_7860                  |   64|  32|   32|          0|
    |tmp_55_1_3_1_reg_7995                |   64|  32|   32|          0|
    |tmp_55_1_3_2_reg_8000                |   64|  32|   32|          0|
    |tmp_55_1_3_3_reg_8041                |   64|  32|   32|          0|
    |tmp_55_1_3_4_reg_8046                |   64|  32|   32|          0|
    |tmp_55_1_3_5_reg_8087                |   64|  32|   32|          0|
    |tmp_55_1_3_reg_7950                  |   64|  32|   32|          0|
    |tmp_55_1_4_1_reg_8117                |   64|  32|   32|          0|
    |tmp_55_1_4_2_reg_8122                |   64|  32|   32|          0|
    |tmp_55_1_4_3_reg_8147                |   64|  32|   32|          0|
    |tmp_55_1_4_4_reg_8152                |   64|  32|   32|          0|
    |tmp_55_1_4_5_reg_8177                |   64|  32|   32|          0|
    |tmp_55_1_4_reg_8092                  |   64|  32|   32|          0|
    |tmp_55_2_0_1_reg_8207                |   64|  32|   32|          0|
    |tmp_55_2_0_2_reg_8212                |   64|  32|   32|          0|
    |tmp_55_2_0_3_reg_8237                |   64|  32|   32|          0|
    |tmp_55_2_0_4_reg_8242                |   64|  32|   32|          0|
    |tmp_55_2_0_5_reg_8267                |   64|  32|   32|          0|
    |tmp_55_2_1_1_reg_8297                |   64|  32|   32|          0|
    |tmp_55_2_1_2_reg_8302                |   64|  32|   32|          0|
    |tmp_55_2_1_3_reg_8327                |   64|  32|   32|          0|
    |tmp_55_2_1_4_reg_8332                |   64|  32|   32|          0|
    |tmp_55_2_1_5_reg_8357                |   64|  32|   32|          0|
    |tmp_55_2_1_reg_8272                  |   64|  32|   32|          0|
    |tmp_55_2_2_1_reg_8387                |   64|  32|   32|          0|
    |tmp_55_2_2_2_reg_8392                |   64|  32|   32|          0|
    |tmp_55_2_2_3_reg_8417                |   64|  32|   32|          0|
    |tmp_55_2_2_4_reg_8422                |   64|  32|   32|          0|
    |tmp_55_2_2_5_reg_8447                |   64|  32|   32|          0|
    |tmp_55_2_2_reg_8362                  |   64|  32|   32|          0|
    |tmp_55_2_3_1_reg_8497                |   64|  32|   32|          0|
    |tmp_55_2_3_2_reg_8502                |   64|  32|   32|          0|
    |tmp_55_2_3_3_reg_8543                |   64|  32|   32|          0|
    |tmp_55_2_3_4_reg_8548                |   64|  32|   32|          0|
    |tmp_55_2_3_5_reg_8589                |   64|  32|   32|          0|
    |tmp_55_2_3_reg_8452                  |   64|  32|   32|          0|
    |tmp_55_2_4_1_reg_8619                |   64|  32|   32|          0|
    |tmp_55_2_4_2_reg_8624                |   64|  32|   32|          0|
    |tmp_55_2_4_3_reg_8649                |   64|  32|   32|          0|
    |tmp_55_2_4_4_reg_8654                |   64|  32|   32|          0|
    |tmp_55_2_4_5_reg_8679                |   64|  32|   32|          0|
    |tmp_55_2_4_reg_8594                  |   64|  32|   32|          0|
    |tmp_55_2_reg_8182                    |   64|  32|   32|          0|
    |tmp_55_3_0_1_reg_8709                |   64|  32|   32|          0|
    |tmp_55_3_0_2_reg_8714                |   64|  32|   32|          0|
    |tmp_55_3_0_3_reg_8739                |   64|  32|   32|          0|
    |tmp_55_3_0_4_reg_8744                |   64|  32|   32|          0|
    |tmp_55_3_0_5_reg_8769                |   64|  32|   32|          0|
    |tmp_55_3_1_1_reg_8799                |   64|  32|   32|          0|
    |tmp_55_3_1_2_reg_8804                |   64|  32|   32|          0|
    |tmp_55_3_1_3_reg_8829                |   64|  32|   32|          0|
    |tmp_55_3_1_4_reg_8834                |   64|  32|   32|          0|
    |tmp_55_3_1_5_reg_8859                |   64|  32|   32|          0|
    |tmp_55_3_1_reg_8774                  |   64|  32|   32|          0|
    |tmp_55_3_2_1_reg_8889                |   64|  32|   32|          0|
    |tmp_55_3_2_2_reg_8894                |   64|  32|   32|          0|
    |tmp_55_3_2_3_reg_8919                |   64|  32|   32|          0|
    |tmp_55_3_2_4_reg_8924                |   64|  32|   32|          0|
    |tmp_55_3_2_5_reg_8949                |   64|  32|   32|          0|
    |tmp_55_3_2_reg_8864                  |   64|  32|   32|          0|
    |tmp_55_3_3_1_reg_8999                |   64|  32|   32|          0|
    |tmp_55_3_3_2_reg_9004                |   64|  32|   32|          0|
    |tmp_55_3_3_3_reg_9045                |   64|  32|   32|          0|
    |tmp_55_3_3_4_reg_9050                |   64|  32|   32|          0|
    |tmp_55_3_3_5_reg_9096                |   64|  32|   32|          0|
    |tmp_55_3_3_reg_8954                  |   64|  32|   32|          0|
    |tmp_55_3_4_1_reg_9126                |   64|  32|   32|          0|
    |tmp_55_3_4_2_reg_9131                |   64|  32|   32|          0|
    |tmp_55_3_4_3_reg_9156                |   64|  32|   32|          0|
    |tmp_55_3_4_4_reg_9161                |   64|  32|   32|          0|
    |tmp_55_3_4_5_reg_9186                |   64|  32|   32|          0|
    |tmp_55_3_4_reg_9101                  |   64|  32|   32|          0|
    |tmp_55_3_reg_8684                    |   64|  32|   32|          0|
    |tmp_55_4_0_1_reg_9216                |   64|  32|   32|          0|
    |tmp_55_4_0_2_reg_9221                |   64|  32|   32|          0|
    |tmp_55_4_0_3_reg_9246                |   64|  32|   32|          0|
    |tmp_55_4_0_4_reg_9251                |   64|  32|   32|          0|
    |tmp_55_4_0_5_reg_9276                |   64|  32|   32|          0|
    |tmp_55_4_1_1_reg_9306                |   64|  32|   32|          0|
    |tmp_55_4_1_2_reg_9311                |   64|  32|   32|          0|
    |tmp_55_4_1_3_reg_9336                |   64|  32|   32|          0|
    |tmp_55_4_1_4_reg_9341                |   64|  32|   32|          0|
    |tmp_55_4_1_5_reg_9396                |   64|  32|   32|          0|
    |tmp_55_4_1_reg_9281                  |   64|  32|   32|          0|
    |tmp_55_4_2_1_reg_9426                |   64|  32|   32|          0|
    |tmp_55_4_2_2_reg_9431                |   64|  32|   32|          0|
    |tmp_55_4_2_3_reg_9456                |   64|  32|   32|          0|
    |tmp_55_4_2_4_reg_9461                |   64|  32|   32|          0|
    |tmp_55_4_2_5_reg_9496                |   64|  32|   32|          0|
    |tmp_55_4_2_reg_9401                  |   64|  32|   32|          0|
    |tmp_55_4_3_1_reg_9516                |   64|  32|   32|          0|
    |tmp_55_4_3_2_reg_9521                |   64|  32|   32|          0|
    |tmp_55_4_3_3_reg_9536                |   64|  32|   32|          0|
    |tmp_55_4_3_4_reg_9541                |   64|  32|   32|          0|
    |tmp_55_4_3_5_reg_9546                |   64|  32|   32|          0|
    |tmp_55_4_3_reg_9501                  |   64|  32|   32|          0|
    |tmp_55_4_4_1_reg_9556                |   64|  32|   32|          0|
    |tmp_55_4_4_2_reg_9561                |   64|  32|   32|          0|
    |tmp_55_4_4_3_reg_9566                |   64|  32|   32|          0|
    |tmp_55_4_4_4_reg_9571                |   64|  32|   32|          0|
    |tmp_55_4_4_5_reg_9576                |   64|  32|   32|          0|
    |tmp_55_4_4_reg_9551                  |   64|  32|   32|          0|
    |tmp_55_4_reg_9191                    |   64|  32|   32|          0|
    |tmp_mid2_v_reg_6615                  |   64|  32|    5|          0|
    +-------------------------------------+-----+----+-----+-----------+
    |Total                                |14829|3840|10983|         72|
    +-------------------------------------+-----+----+-----+-----------+



================================================================
== Interface
================================================================
* Summary: 
+-------------------+-----+-----+------------+---------------+--------------+
|     RTL Ports     | Dir | Bits|  Protocol  | Source Object |    C Type    |
+-------------------+-----+-----+------------+---------------+--------------+
|ap_clk             |  in |    1| ap_ctrl_hs | convolution_3 | return value |
|ap_rst             |  in |    1| ap_ctrl_hs | convolution_3 | return value |
|ap_start           |  in |    1| ap_ctrl_hs | convolution_3 | return value |
|ap_done            | out |    1| ap_ctrl_hs | convolution_3 | return value |
|ap_idle            | out |    1| ap_ctrl_hs | convolution_3 | return value |
|ap_ready           | out |    1| ap_ctrl_hs | convolution_3 | return value |
|input_r_address0   | out |   11|  ap_memory |    input_r    |     array    |
|input_r_ce0        | out |    1|  ap_memory |    input_r    |     array    |
|input_r_q0         |  in |   32|  ap_memory |    input_r    |     array    |
|input_r_address1   | out |   11|  ap_memory |    input_r    |     array    |
|input_r_ce1        | out |    1|  ap_memory |    input_r    |     array    |
|input_r_q1         |  in |   32|  ap_memory |    input_r    |     array    |
|weights_address0   | out |   12|  ap_memory |    weights    |     array    |
|weights_ce0        | out |    1|  ap_memory |    weights    |     array    |
|weights_q0         |  in |   32|  ap_memory |    weights    |     array    |
|weights_address1   | out |   12|  ap_memory |    weights    |     array    |
|weights_ce1        | out |    1|  ap_memory |    weights    |     array    |
|weights_q1         |  in |   32|  ap_memory |    weights    |     array    |
|bias_address0      | out |    4|  ap_memory |      bias     |     array    |
|bias_ce0           | out |    1|  ap_memory |      bias     |     array    |
|bias_q0            |  in |   32|  ap_memory |      bias     |     array    |
|output_r_address0  | out |   11|  ap_memory |    output_r   |     array    |
|output_r_ce0       | out |    1|  ap_memory |    output_r   |     array    |
|output_r_we0       | out |    1|  ap_memory |    output_r   |     array    |
|output_r_d0        | out |   32|  ap_memory |    output_r   |     array    |
+-------------------+-----+-----+------------+---------------+--------------+

