

================================================================
== Vivado HLS Report for 'store_weights_5'
================================================================
* Date:           Thu Oct 25 23:32:10 2018

* Version:        2018.2 (Build 2258646 on Thu Jun 14 20:25:20 MDT 2018)
* Project:        lenet
* Solution:       lenet
* Product family: zynq
* Target device:  xc7z020clg484-1


================================================================
== Performance Estimates
================================================================
+ Timing (ns): 
    * Summary: 
    +--------+-------+----------+------------+
    |  Clock | Target| Estimated| Uncertainty|
    +--------+-------+----------+------------+
    |ap_clk  |  10.00|     8.750|        1.25|
    +--------+-------+----------+------------+

+ Latency (clock cycles): 
    * Summary: 
    +--------+--------+--------+--------+---------+
    |     Latency     |     Interval    | Pipeline|
    |   min  |   max  |   min  |   max  |   Type  |
    +--------+--------+--------+--------+---------+
    |  186481|  186481|  186481|  186481|   none  |
    +--------+--------+--------+--------+---------+

    + Detail: 
        * Instance: 
        N/A

        * Loop: 
        +---------------------+--------+--------+----------+-----------+-----------+------+----------+
        |                     |     Latency     | Iteration|  Initiation Interval  | Trip |          |
        |      Loop Name      |   min  |   max  |  Latency |  achieved |   target  | Count| Pipelined|
        +---------------------+--------+--------+----------+-----------+-----------+------+----------+
        |- Loop 1             |  186480|  186480|      1554|          -|          -|   120|    no    |
        | + Loop 1.1          |    1552|    1552|        97|          -|          -|    16|    no    |
        |  ++ Loop 1.1.1      |      95|      95|        19|          -|          -|     5|    no    |
        |   +++ Loop 1.1.1.1  |      10|      10|         2|          -|          -|     5|    no    |
        +---------------------+--------+--------+----------+-----------+-----------+------+----------+

============================================================
+ Verbose Summary: Synthesis Manager
============================================================
InlineROM: 1
ExposeGlobal: 0
============================================================
+ Verbose Summary: CDFG Model
============================================================
IsTopModel: 0
ResetActiveHigh: 1
IsCombinational: 0
IsDatapathOnly: 0
HasWiredReturn: 1
HasMFsm: 0
HasVarLatency: 1
IsPipeline: 0
IsRtlPipelined: 0
IsInstanceOverlapped: 0
IsDontTouch: 0
HasImplIP: 0
IsGatedGlobalClock: 0


============================================================
+ Verbose Summary: Schedule
============================================================
* Number of FSM states : 13
* Pipeline : 0
* Dataflow Pipeline: 0

* FSM state transitions: 
1 --> 
	2  / true
2 --> 
	3  / (!exitcond3)
3 --> 
	4  / (!exitcond2)
	2  / (exitcond2)
4 --> 
	5  / (!exitcond1)
	3  / (exitcond1)
5 --> 
	6  / true
6 --> 
	7  / true
7 --> 
	8  / true
8 --> 
	9  / true
9 --> 
	10  / true
10 --> 
	11  / true
11 --> 
	12  / true
12 --> 
	13  / (!exitcond)
	4  / (exitcond)
13 --> 
	12  / true

* FSM state operations: 

State 1 <SV = 0> <Delay = 1.76>
ST_1 : Operation 14 [1/1] (0.00ns)   --->   "%weights_offset_read = call i30 @_ssdm_op_Read.ap_auto.i30(i30 %weights_offset)"   --->   Operation 14 'read' 'weights_offset_read' <Predicate = true> <Delay = 0.00>
ST_1 : Operation 15 [1/1] (0.00ns)   --->   "call void (...)* @_ssdm_op_SpecInterface(float* %weights, [6 x i8]* @p_str514, i32 0, i32 0, [1 x i8]* @p_str211, i32 0, i32 48000, [12 x i8]* @p_str817, [6 x i8]* @p_str716, [1 x i8]* @p_str211, i32 16, i32 16, i32 16, i32 16, [1 x i8]* @p_str211, [1 x i8]* @p_str211)"   --->   Operation 15 'specinterface' <Predicate = true> <Delay = 0.00>
ST_1 : Operation 16 [1/1] (0.00ns)   --->   "%sext = zext i30 %weights_offset_read to i64"   --->   Operation 16 'zext' 'sext' <Predicate = true> <Delay = 0.00>
ST_1 : Operation 17 [1/1] (1.76ns)   --->   "br label %.loopexit" [ECE527_MP4_Tutorial_Files/Tutorial_Files/accelerator_hls/lenet_acc.cpp:45]   --->   Operation 17 'br' <Predicate = true> <Delay = 1.76>

State 2 <SV = 1> <Delay = 1.87>
ST_2 : Operation 18 [1/1] (0.00ns)   --->   "%i = phi i7 [ 0, %0 ], [ %i_1, %.loopexit.loopexit ]"   --->   Operation 18 'phi' 'i' <Predicate = true> <Delay = 0.00>
ST_2 : Operation 19 [1/1] (1.48ns)   --->   "%exitcond3 = icmp eq i7 %i, -8" [ECE527_MP4_Tutorial_Files/Tutorial_Files/accelerator_hls/lenet_acc.cpp:45]   --->   Operation 19 'icmp' 'exitcond3' <Predicate = true> <Delay = 1.48> <Core = "Cmp">   --->   Core 25 'Cmp' <Latency = 0> <II = 1> <Delay = 1.13> <FuncUnit> <Opcode : 'icmp'> <InPorts = 2> <OutPorts = 1>
ST_2 : Operation 20 [1/1] (0.00ns)   --->   "%empty = call i32 (...)* @_ssdm_op_SpecLoopTripCount(i64 120, i64 120, i64 120)"   --->   Operation 20 'speclooptripcount' 'empty' <Predicate = true> <Delay = 0.00>
ST_2 : Operation 21 [1/1] (1.87ns)   --->   "%i_1 = add i7 %i, 1" [ECE527_MP4_Tutorial_Files/Tutorial_Files/accelerator_hls/lenet_acc.cpp:45]   --->   Operation 21 'add' 'i_1' <Predicate = true> <Delay = 1.87> <Core = "AddSub">   --->   Core 14 'AddSub' <Latency = 0> <II = 1> <Delay = 2.16> <FuncUnit> <Opcode : 'add' 'sub'> <InPorts = 2> <OutPorts = 1>
ST_2 : Operation 22 [1/1] (0.00ns)   --->   "br i1 %exitcond3, label %2, label %.preheader5.preheader" [ECE527_MP4_Tutorial_Files/Tutorial_Files/accelerator_hls/lenet_acc.cpp:45]   --->   Operation 22 'br' <Predicate = true> <Delay = 0.00>
ST_2 : Operation 23 [1/1] (0.00ns)   --->   "%tmp = call i11 @_ssdm_op_BitConcatenate.i11.i7.i4(i7 %i, i4 0)" [ECE527_MP4_Tutorial_Files/Tutorial_Files/accelerator_hls/lenet_acc.cpp:45]   --->   Operation 23 'bitconcatenate' 'tmp' <Predicate = (!exitcond3)> <Delay = 0.00>
ST_2 : Operation 24 [1/1] (0.00ns)   --->   "%tmp_1_cast = zext i11 %tmp to i12" [ECE527_MP4_Tutorial_Files/Tutorial_Files/accelerator_hls/lenet_acc.cpp:47]   --->   Operation 24 'zext' 'tmp_1_cast' <Predicate = (!exitcond3)> <Delay = 0.00>
ST_2 : Operation 25 [1/1] (1.76ns)   --->   "br label %.preheader5" [ECE527_MP4_Tutorial_Files/Tutorial_Files/accelerator_hls/lenet_acc.cpp:47]   --->   Operation 25 'br' <Predicate = (!exitcond3)> <Delay = 1.76>
ST_2 : Operation 26 [1/1] (0.00ns)   --->   "ret void" [ECE527_MP4_Tutorial_Files/Tutorial_Files/accelerator_hls/lenet_acc.cpp:56]   --->   Operation 26 'ret' <Predicate = (exitcond3)> <Delay = 0.00>

State 3 <SV = 2> <Delay = 3.45>
ST_3 : Operation 27 [1/1] (0.00ns)   --->   "%l = phi i5 [ 0, %.preheader5.preheader ], [ %l_1, %.preheader5.loopexit ]"   --->   Operation 27 'phi' 'l' <Predicate = true> <Delay = 0.00>
ST_3 : Operation 28 [1/1] (1.36ns)   --->   "%exitcond2 = icmp eq i5 %l, -16" [ECE527_MP4_Tutorial_Files/Tutorial_Files/accelerator_hls/lenet_acc.cpp:47]   --->   Operation 28 'icmp' 'exitcond2' <Predicate = true> <Delay = 1.36> <Core = "Cmp">   --->   Core 25 'Cmp' <Latency = 0> <II = 1> <Delay = 1.13> <FuncUnit> <Opcode : 'icmp'> <InPorts = 2> <OutPorts = 1>
ST_3 : Operation 29 [1/1] (0.00ns)   --->   "%empty_5 = call i32 (...)* @_ssdm_op_SpecLoopTripCount(i64 16, i64 16, i64 16)"   --->   Operation 29 'speclooptripcount' 'empty_5' <Predicate = true> <Delay = 0.00>
ST_3 : Operation 30 [1/1] (1.78ns)   --->   "%l_1 = add i5 %l, 1" [ECE527_MP4_Tutorial_Files/Tutorial_Files/accelerator_hls/lenet_acc.cpp:47]   --->   Operation 30 'add' 'l_1' <Predicate = true> <Delay = 1.78> <Core = "AddSub">   --->   Core 14 'AddSub' <Latency = 0> <II = 1> <Delay = 2.16> <FuncUnit> <Opcode : 'add' 'sub'> <InPorts = 2> <OutPorts = 1>
ST_3 : Operation 31 [1/1] (0.00ns)   --->   "br i1 %exitcond2, label %.loopexit.loopexit, label %.preheader4.preheader" [ECE527_MP4_Tutorial_Files/Tutorial_Files/accelerator_hls/lenet_acc.cpp:47]   --->   Operation 31 'br' <Predicate = true> <Delay = 0.00>
ST_3 : Operation 32 [1/1] (0.00ns)   --->   "%tmp_2_cast = zext i5 %l to i12" [ECE527_MP4_Tutorial_Files/Tutorial_Files/accelerator_hls/lenet_acc.cpp:52]   --->   Operation 32 'zext' 'tmp_2_cast' <Predicate = (!exitcond2)> <Delay = 0.00>
ST_3 : Operation 33 [1/1] (1.63ns)   --->   "%tmp_3 = add i12 %tmp_1_cast, %tmp_2_cast" [ECE527_MP4_Tutorial_Files/Tutorial_Files/accelerator_hls/lenet_acc.cpp:52]   --->   Operation 33 'add' 'tmp_3' <Predicate = (!exitcond2)> <Delay = 1.63> <Core = "AddSub">   --->   Core 14 'AddSub' <Latency = 0> <II = 1> <Delay = 2.16> <FuncUnit> <Opcode : 'add' 'sub'> <InPorts = 2> <OutPorts = 1>
ST_3 : Operation 34 [1/1] (0.00ns)   --->   "%tmp_3_cast = zext i12 %tmp_3 to i64" [ECE527_MP4_Tutorial_Files/Tutorial_Files/accelerator_hls/lenet_acc.cpp:52]   --->   Operation 34 'zext' 'tmp_3_cast' <Predicate = (!exitcond2)> <Delay = 0.00>
ST_3 : Operation 35 [1/1] (0.00ns)   --->   "%tmp_1 = call i14 @_ssdm_op_BitConcatenate.i14.i12.i2(i12 %tmp_3, i2 0)" [ECE527_MP4_Tutorial_Files/Tutorial_Files/accelerator_hls/lenet_acc.cpp:52]   --->   Operation 35 'bitconcatenate' 'tmp_1' <Predicate = (!exitcond2)> <Delay = 0.00>
ST_3 : Operation 36 [1/1] (0.00ns)   --->   "%p_shl = zext i14 %tmp_1 to i64" [ECE527_MP4_Tutorial_Files/Tutorial_Files/accelerator_hls/lenet_acc.cpp:52]   --->   Operation 36 'zext' 'p_shl' <Predicate = (!exitcond2)> <Delay = 0.00>
ST_3 : Operation 37 [1/1] (1.81ns)   --->   "%tmp_7 = add i64 %tmp_3_cast, %p_shl" [ECE527_MP4_Tutorial_Files/Tutorial_Files/accelerator_hls/lenet_acc.cpp:52]   --->   Operation 37 'add' 'tmp_7' <Predicate = (!exitcond2)> <Delay = 1.81> <Core = "AddSub">   --->   Core 14 'AddSub' <Latency = 0> <II = 1> <Delay = 2.16> <FuncUnit> <Opcode : 'add' 'sub'> <InPorts = 2> <OutPorts = 1>
ST_3 : Operation 38 [1/1] (1.76ns)   --->   "br label %.preheader4" [ECE527_MP4_Tutorial_Files/Tutorial_Files/accelerator_hls/lenet_acc.cpp:48]   --->   Operation 38 'br' <Predicate = (!exitcond2)> <Delay = 1.76>
ST_3 : Operation 39 [1/1] (0.00ns)   --->   "br label %.loopexit"   --->   Operation 39 'br' <Predicate = (exitcond2)> <Delay = 0.00>

State 4 <SV = 3> <Delay = 6.57>
ST_4 : Operation 40 [1/1] (0.00ns)   --->   "%j = phi i3 [ 0, %.preheader4.preheader ], [ %j_1, %.preheader4.loopexit ]"   --->   Operation 40 'phi' 'j' <Predicate = true> <Delay = 0.00>
ST_4 : Operation 41 [1/1] (1.13ns)   --->   "%exitcond1 = icmp eq i3 %j, -3" [ECE527_MP4_Tutorial_Files/Tutorial_Files/accelerator_hls/lenet_acc.cpp:48]   --->   Operation 41 'icmp' 'exitcond1' <Predicate = true> <Delay = 1.13> <Core = "Cmp">   --->   Core 25 'Cmp' <Latency = 0> <II = 1> <Delay = 1.13> <FuncUnit> <Opcode : 'icmp'> <InPorts = 2> <OutPorts = 1>
ST_4 : Operation 42 [1/1] (0.00ns)   --->   "%empty_6 = call i32 (...)* @_ssdm_op_SpecLoopTripCount(i64 5, i64 5, i64 5)"   --->   Operation 42 'speclooptripcount' 'empty_6' <Predicate = true> <Delay = 0.00>
ST_4 : Operation 43 [1/1] (1.65ns)   --->   "%j_1 = add i3 %j, 1" [ECE527_MP4_Tutorial_Files/Tutorial_Files/accelerator_hls/lenet_acc.cpp:48]   --->   Operation 43 'add' 'j_1' <Predicate = true> <Delay = 1.65> <Core = "AddSub">   --->   Core 14 'AddSub' <Latency = 0> <II = 1> <Delay = 2.16> <FuncUnit> <Opcode : 'add' 'sub'> <InPorts = 2> <OutPorts = 1>
ST_4 : Operation 44 [1/1] (0.00ns)   --->   "br i1 %exitcond1, label %.preheader5.loopexit, label %.preheader.preheader" [ECE527_MP4_Tutorial_Files/Tutorial_Files/accelerator_hls/lenet_acc.cpp:48]   --->   Operation 44 'br' <Predicate = true> <Delay = 0.00>
ST_4 : Operation 45 [1/1] (0.00ns)   --->   "%tmp_4 = zext i3 %j to i64" [ECE527_MP4_Tutorial_Files/Tutorial_Files/accelerator_hls/lenet_acc.cpp:52]   --->   Operation 45 'zext' 'tmp_4' <Predicate = (!exitcond1)> <Delay = 0.00>
ST_4 : Operation 46 [1/1] (1.94ns)   --->   "%tmp_8 = add i64 %tmp_7, %tmp_4" [ECE527_MP4_Tutorial_Files/Tutorial_Files/accelerator_hls/lenet_acc.cpp:52]   --->   Operation 46 'add' 'tmp_8' <Predicate = (!exitcond1)> <Delay = 1.94> <Core = "AddSub">   --->   Core 14 'AddSub' <Latency = 0> <II = 1> <Delay = 2.16> <FuncUnit> <Opcode : 'add' 'sub'> <InPorts = 2> <OutPorts = 1>
ST_4 : Operation 47 [1/1] (0.00ns) (grouped into LUT with out node tmp_s)   --->   "%tmp_2 = shl i64 %tmp_8, 2" [ECE527_MP4_Tutorial_Files/Tutorial_Files/accelerator_hls/lenet_acc.cpp:52]   --->   Operation 47 'shl' 'tmp_2' <Predicate = (!exitcond1)> <Delay = 0.00>
ST_4 : Operation 48 [1/1] (2.13ns) (out node of the LUT)   --->   "%tmp_s = add i64 %tmp_8, %tmp_2" [ECE527_MP4_Tutorial_Files/Tutorial_Files/accelerator_hls/lenet_acc.cpp:52]   --->   Operation 48 'add' 'tmp_s' <Predicate = (!exitcond1)> <Delay = 2.13> <Core = "AddSub">   --->   Core 14 'AddSub' <Latency = 0> <II = 1> <Delay = 2.16> <FuncUnit> <Opcode : 'add' 'sub'> <InPorts = 2> <OutPorts = 1>
ST_4 : Operation 49 [1/1] (2.49ns)   --->   "%tmp_5 = add i64 %sext, %tmp_s" [ECE527_MP4_Tutorial_Files/Tutorial_Files/accelerator_hls/lenet_acc.cpp:52]   --->   Operation 49 'add' 'tmp_5' <Predicate = (!exitcond1)> <Delay = 2.49> <Core = "AddSub">   --->   Core 14 'AddSub' <Latency = 0> <II = 1> <Delay = 2.16> <FuncUnit> <Opcode : 'add' 'sub'> <InPorts = 2> <OutPorts = 1>
ST_4 : Operation 50 [1/1] (0.00ns)   --->   "%weights_addr = getelementptr float* %weights, i64 %tmp_5" [ECE527_MP4_Tutorial_Files/Tutorial_Files/accelerator_hls/lenet_acc.cpp:52]   --->   Operation 50 'getelementptr' 'weights_addr' <Predicate = (!exitcond1)> <Delay = 0.00>
ST_4 : Operation 51 [1/1] (0.00ns)   --->   "br label %.preheader5"   --->   Operation 51 'br' <Predicate = (exitcond1)> <Delay = 0.00>

State 5 <SV = 4> <Delay = 8.75>
ST_5 : Operation 52 [7/7] (8.75ns)   --->   "%p_rd_req = call i1 @_ssdm_op_ReadReq.m_axi.floatP(float* %weights_addr, i32 5)" [ECE527_MP4_Tutorial_Files/Tutorial_Files/accelerator_hls/lenet_acc.cpp:52]   --->   Operation 52 'readreq' 'p_rd_req' <Predicate = true> <Delay = 8.75> <Core = "m_axi">   --->   Core 9 'm_axi' <Latency = 6> <II = 1> <Delay = 1.00> <Adapter> <Opcode : 'read' 'write' 'readreq' 'writereq' 'writeresp'>

State 6 <SV = 5> <Delay = 8.75>
ST_6 : Operation 53 [6/7] (8.75ns)   --->   "%p_rd_req = call i1 @_ssdm_op_ReadReq.m_axi.floatP(float* %weights_addr, i32 5)" [ECE527_MP4_Tutorial_Files/Tutorial_Files/accelerator_hls/lenet_acc.cpp:52]   --->   Operation 53 'readreq' 'p_rd_req' <Predicate = true> <Delay = 8.75> <Core = "m_axi">   --->   Core 9 'm_axi' <Latency = 6> <II = 1> <Delay = 1.00> <Adapter> <Opcode : 'read' 'write' 'readreq' 'writereq' 'writeresp'>

State 7 <SV = 6> <Delay = 8.75>
ST_7 : Operation 54 [5/7] (8.75ns)   --->   "%p_rd_req = call i1 @_ssdm_op_ReadReq.m_axi.floatP(float* %weights_addr, i32 5)" [ECE527_MP4_Tutorial_Files/Tutorial_Files/accelerator_hls/lenet_acc.cpp:52]   --->   Operation 54 'readreq' 'p_rd_req' <Predicate = true> <Delay = 8.75> <Core = "m_axi">   --->   Core 9 'm_axi' <Latency = 6> <II = 1> <Delay = 1.00> <Adapter> <Opcode : 'read' 'write' 'readreq' 'writereq' 'writeresp'>

State 8 <SV = 7> <Delay = 8.75>
ST_8 : Operation 55 [4/7] (8.75ns)   --->   "%p_rd_req = call i1 @_ssdm_op_ReadReq.m_axi.floatP(float* %weights_addr, i32 5)" [ECE527_MP4_Tutorial_Files/Tutorial_Files/accelerator_hls/lenet_acc.cpp:52]   --->   Operation 55 'readreq' 'p_rd_req' <Predicate = true> <Delay = 8.75> <Core = "m_axi">   --->   Core 9 'm_axi' <Latency = 6> <II = 1> <Delay = 1.00> <Adapter> <Opcode : 'read' 'write' 'readreq' 'writereq' 'writeresp'>

State 9 <SV = 8> <Delay = 8.75>
ST_9 : Operation 56 [3/7] (8.75ns)   --->   "%p_rd_req = call i1 @_ssdm_op_ReadReq.m_axi.floatP(float* %weights_addr, i32 5)" [ECE527_MP4_Tutorial_Files/Tutorial_Files/accelerator_hls/lenet_acc.cpp:52]   --->   Operation 56 'readreq' 'p_rd_req' <Predicate = true> <Delay = 8.75> <Core = "m_axi">   --->   Core 9 'm_axi' <Latency = 6> <II = 1> <Delay = 1.00> <Adapter> <Opcode : 'read' 'write' 'readreq' 'writereq' 'writeresp'>

State 10 <SV = 9> <Delay = 8.75>
ST_10 : Operation 57 [2/7] (8.75ns)   --->   "%p_rd_req = call i1 @_ssdm_op_ReadReq.m_axi.floatP(float* %weights_addr, i32 5)" [ECE527_MP4_Tutorial_Files/Tutorial_Files/accelerator_hls/lenet_acc.cpp:52]   --->   Operation 57 'readreq' 'p_rd_req' <Predicate = true> <Delay = 8.75> <Core = "m_axi">   --->   Core 9 'm_axi' <Latency = 6> <II = 1> <Delay = 1.00> <Adapter> <Opcode : 'read' 'write' 'readreq' 'writereq' 'writeresp'>

State 11 <SV = 10> <Delay = 8.75>
ST_11 : Operation 58 [1/7] (8.75ns)   --->   "%p_rd_req = call i1 @_ssdm_op_ReadReq.m_axi.floatP(float* %weights_addr, i32 5)" [ECE527_MP4_Tutorial_Files/Tutorial_Files/accelerator_hls/lenet_acc.cpp:52]   --->   Operation 58 'readreq' 'p_rd_req' <Predicate = true> <Delay = 8.75> <Core = "m_axi">   --->   Core 9 'm_axi' <Latency = 6> <II = 1> <Delay = 1.00> <Adapter> <Opcode : 'read' 'write' 'readreq' 'writereq' 'writeresp'>
ST_11 : Operation 59 [1/1] (1.76ns)   --->   "br label %.preheader" [ECE527_MP4_Tutorial_Files/Tutorial_Files/accelerator_hls/lenet_acc.cpp:50]   --->   Operation 59 'br' <Predicate = true> <Delay = 1.76>

State 12 <SV = 11> <Delay = 8.75>
ST_12 : Operation 60 [1/1] (0.00ns)   --->   "%k = phi i3 [ %k_1, %1 ], [ 0, %.preheader.preheader ]"   --->   Operation 60 'phi' 'k' <Predicate = true> <Delay = 0.00>
ST_12 : Operation 61 [1/1] (1.13ns)   --->   "%exitcond = icmp eq i3 %k, -3" [ECE527_MP4_Tutorial_Files/Tutorial_Files/accelerator_hls/lenet_acc.cpp:50]   --->   Operation 61 'icmp' 'exitcond' <Predicate = true> <Delay = 1.13> <Core = "Cmp">   --->   Core 25 'Cmp' <Latency = 0> <II = 1> <Delay = 1.13> <FuncUnit> <Opcode : 'icmp'> <InPorts = 2> <OutPorts = 1>
ST_12 : Operation 62 [1/1] (0.00ns)   --->   "%empty_7 = call i32 (...)* @_ssdm_op_SpecLoopTripCount(i64 5, i64 5, i64 5)"   --->   Operation 62 'speclooptripcount' 'empty_7' <Predicate = true> <Delay = 0.00>
ST_12 : Operation 63 [1/1] (1.65ns)   --->   "%k_1 = add i3 %k, 1" [ECE527_MP4_Tutorial_Files/Tutorial_Files/accelerator_hls/lenet_acc.cpp:50]   --->   Operation 63 'add' 'k_1' <Predicate = true> <Delay = 1.65> <Core = "AddSub">   --->   Core 14 'AddSub' <Latency = 0> <II = 1> <Delay = 2.16> <FuncUnit> <Opcode : 'add' 'sub'> <InPorts = 2> <OutPorts = 1>
ST_12 : Operation 64 [1/1] (0.00ns)   --->   "br i1 %exitcond, label %.preheader4.loopexit, label %1" [ECE527_MP4_Tutorial_Files/Tutorial_Files/accelerator_hls/lenet_acc.cpp:50]   --->   Operation 64 'br' <Predicate = true> <Delay = 0.00>
ST_12 : Operation 65 [1/1] (0.00ns)   --->   "%tmp_6 = zext i3 %k to i64" [ECE527_MP4_Tutorial_Files/Tutorial_Files/accelerator_hls/lenet_acc.cpp:52]   --->   Operation 65 'zext' 'tmp_6' <Predicate = (!exitcond)> <Delay = 0.00>
ST_12 : Operation 66 [1/1] (2.16ns)   --->   "%tmp_9 = add i64 %tmp_6, %tmp_s" [ECE527_MP4_Tutorial_Files/Tutorial_Files/accelerator_hls/lenet_acc.cpp:52]   --->   Operation 66 'add' 'tmp_9' <Predicate = (!exitcond)> <Delay = 2.16> <Core = "AddSub">   --->   Core 14 'AddSub' <Latency = 0> <II = 1> <Delay = 2.16> <FuncUnit> <Opcode : 'add' 'sub'> <InPorts = 2> <OutPorts = 1>
ST_12 : Operation 67 [1/1] (8.75ns)   --->   "%weights_addr_read = call float @_ssdm_op_Read.m_axi.floatP(float* %weights_addr)" [ECE527_MP4_Tutorial_Files/Tutorial_Files/accelerator_hls/lenet_acc.cpp:52]   --->   Operation 67 'read' 'weights_addr_read' <Predicate = (!exitcond)> <Delay = 8.75> <Core = "m_axi">   --->   Core 9 'm_axi' <Latency = 6> <II = 1> <Delay = 1.00> <Adapter> <Opcode : 'read' 'write' 'readreq' 'writereq' 'writeresp'>
ST_12 : Operation 68 [1/1] (0.00ns)   --->   "br label %.preheader4"   --->   Operation 68 'br' <Predicate = (exitcond)> <Delay = 0.00>

State 13 <SV = 12> <Delay = 3.25>
ST_13 : Operation 69 [1/1] (0.00ns)   --->   "%weights_oc_addr = getelementptr [48000 x float]* %weights_oc, i64 0, i64 %tmp_9" [ECE527_MP4_Tutorial_Files/Tutorial_Files/accelerator_hls/lenet_acc.cpp:52]   --->   Operation 69 'getelementptr' 'weights_oc_addr' <Predicate = true> <Delay = 0.00>
ST_13 : Operation 70 [1/1] (3.25ns)   --->   "store float %weights_addr_read, float* %weights_oc_addr, align 4" [ECE527_MP4_Tutorial_Files/Tutorial_Files/accelerator_hls/lenet_acc.cpp:52]   --->   Operation 70 'store' <Predicate = true> <Delay = 3.25> <Core = "RAM">   --->   Core 37 'RAM' <Latency = 1> <II = 1> <Delay = 3.25> <Storage> <Opcode : 'load' 'store'> <Ports = 2> <Width = 32> <Depth = 48000> <RAM>
ST_13 : Operation 71 [1/1] (0.00ns)   --->   "br label %.preheader" [ECE527_MP4_Tutorial_Files/Tutorial_Files/accelerator_hls/lenet_acc.cpp:50]   --->   Operation 71 'br' <Predicate = true> <Delay = 0.00>


============================================================
+ Verbose Summary: Timing violations
============================================================
Target clock period: 10ns, clock uncertainty: 1.25ns.

 <State 1>: 1.77ns
The critical path consists of the following:
	multiplexor before 'phi' operation ('i') with incoming values : ('i', ECE527_MP4_Tutorial_Files/Tutorial_Files/accelerator_hls/lenet_acc.cpp:45) [9]  (1.77 ns)

 <State 2>: 1.87ns
The critical path consists of the following:
	'phi' operation ('i') with incoming values : ('i', ECE527_MP4_Tutorial_Files/Tutorial_Files/accelerator_hls/lenet_acc.cpp:45) [9]  (0 ns)
	'add' operation ('i', ECE527_MP4_Tutorial_Files/Tutorial_Files/accelerator_hls/lenet_acc.cpp:45) [12]  (1.87 ns)

 <State 3>: 3.45ns
The critical path consists of the following:
	'phi' operation ('l') with incoming values : ('l', ECE527_MP4_Tutorial_Files/Tutorial_Files/accelerator_hls/lenet_acc.cpp:47) [19]  (0 ns)
	'add' operation ('tmp_3', ECE527_MP4_Tutorial_Files/Tutorial_Files/accelerator_hls/lenet_acc.cpp:52) [26]  (1.64 ns)
	'add' operation ('tmp_7', ECE527_MP4_Tutorial_Files/Tutorial_Files/accelerator_hls/lenet_acc.cpp:52) [30]  (1.81 ns)

 <State 4>: 6.57ns
The critical path consists of the following:
	'phi' operation ('j') with incoming values : ('j', ECE527_MP4_Tutorial_Files/Tutorial_Files/accelerator_hls/lenet_acc.cpp:48) [33]  (0 ns)
	'add' operation ('tmp_8', ECE527_MP4_Tutorial_Files/Tutorial_Files/accelerator_hls/lenet_acc.cpp:52) [40]  (1.94 ns)
	'add' operation ('tmp_s', ECE527_MP4_Tutorial_Files/Tutorial_Files/accelerator_hls/lenet_acc.cpp:52) [42]  (2.14 ns)
	'add' operation ('tmp_5', ECE527_MP4_Tutorial_Files/Tutorial_Files/accelerator_hls/lenet_acc.cpp:52) [43]  (2.49 ns)
	'getelementptr' operation ('weights_addr', ECE527_MP4_Tutorial_Files/Tutorial_Files/accelerator_hls/lenet_acc.cpp:52) [44]  (0 ns)

 <State 5>: 8.75ns
The critical path consists of the following:
	bus request on port 'weights' (ECE527_MP4_Tutorial_Files/Tutorial_Files/accelerator_hls/lenet_acc.cpp:52) [45]  (8.75 ns)

 <State 6>: 8.75ns
The critical path consists of the following:
	bus request on port 'weights' (ECE527_MP4_Tutorial_Files/Tutorial_Files/accelerator_hls/lenet_acc.cpp:52) [45]  (8.75 ns)

 <State 7>: 8.75ns
The critical path consists of the following:
	bus request on port 'weights' (ECE527_MP4_Tutorial_Files/Tutorial_Files/accelerator_hls/lenet_acc.cpp:52) [45]  (8.75 ns)

 <State 8>: 8.75ns
The critical path consists of the following:
	bus request on port 'weights' (ECE527_MP4_Tutorial_Files/Tutorial_Files/accelerator_hls/lenet_acc.cpp:52) [45]  (8.75 ns)

 <State 9>: 8.75ns
The critical path consists of the following:
	bus request on port 'weights' (ECE527_MP4_Tutorial_Files/Tutorial_Files/accelerator_hls/lenet_acc.cpp:52) [45]  (8.75 ns)

 <State 10>: 8.75ns
The critical path consists of the following:
	bus request on port 'weights' (ECE527_MP4_Tutorial_Files/Tutorial_Files/accelerator_hls/lenet_acc.cpp:52) [45]  (8.75 ns)

 <State 11>: 8.75ns
The critical path consists of the following:
	bus request on port 'weights' (ECE527_MP4_Tutorial_Files/Tutorial_Files/accelerator_hls/lenet_acc.cpp:52) [45]  (8.75 ns)

 <State 12>: 8.75ns
The critical path consists of the following:
	bus read on port 'weights' (ECE527_MP4_Tutorial_Files/Tutorial_Files/accelerator_hls/lenet_acc.cpp:52) [57]  (8.75 ns)

 <State 13>: 3.25ns
The critical path consists of the following:
	'getelementptr' operation ('weights_oc_addr', ECE527_MP4_Tutorial_Files/Tutorial_Files/accelerator_hls/lenet_acc.cpp:52) [56]  (0 ns)
	'store' operation (ECE527_MP4_Tutorial_Files/Tutorial_Files/accelerator_hls/lenet_acc.cpp:52) of variable 'weights_addr_read', ECE527_MP4_Tutorial_Files/Tutorial_Files/accelerator_hls/lenet_acc.cpp:52 on array 'weights_oc' [58]  (3.25 ns)


============================================================
+ Verbose Summary: Binding
============================================================
N/A
* FSMD analyzer results:
  - Output states:
 - Input state : 
  - Chain level:
	State 1
	State 2
	State 3
	State 4
	State 5
	State 6
	State 7
	State 8
	State 9
	State 10
	State 11
	State 12
	State 13


============================================================
+ Verbose Summary: Datapath Resource usage 
============================================================
N/A
