

================================================================
== Vivado HLS Report for 'store_weights_5'
================================================================
* Date:           Wed Nov  7 21:45:29 2018

* Version:        2018.2 (Build 2258646 on Thu Jun 14 20:25:20 MDT 2018)
* Project:        lenet
* Solution:       lenet
* Product family: zynq
* Target device:  xc7z020clg484-1


================================================================
== Performance Estimates
================================================================
+ Timing (ns): 
    * Summary: 
    +--------+-------+----------+------------+
    |  Clock | Target| Estimated| Uncertainty|
    +--------+-------+----------+------------+
    |ap_clk  |  10.00|     8.750|        1.25|
    +--------+-------+----------+------------+

+ Latency (clock cycles): 
    * Summary: 
    +------+------+------+------+---------+
    |   Latency   |   Interval  | Pipeline|
    |  min |  max |  min |  max |   Type  |
    +------+------+------+------+---------+
    |  3012|  3012|  3012|  3012|   none  |
    +------+------+------+------+---------+

    + Detail: 
        * Instance: 
        N/A

        * Loop: 
        +----------+------+------+----------+-----------+-----------+------+----------+
        |          |   Latency   | Iteration|  Initiation Interval  | Trip |          |
        | Loop Name|  min |  max |  Latency |  achieved |   target  | Count| Pipelined|
        +----------+------+------+----------+-----------+-----------+------+----------+
        |- Loop 1  |  3010|  3010|        12|          1|          1|  3000|    yes   |
        +----------+------+------+----------+-----------+-----------+------+----------+

============================================================
+ Verbose Summary: Synthesis Manager
============================================================
InlineROM: 1
ExposeGlobal: 0
============================================================
+ Verbose Summary: CDFG Model
============================================================
IsTopModel: 0
ResetActiveHigh: 1
IsCombinational: 0
IsDatapathOnly: 0
HasWiredReturn: 1
HasMFsm: 0
HasVarLatency: 1
IsPipeline: 0
IsRtlPipelined: 0
IsInstanceOverlapped: 0
IsDontTouch: 0
HasImplIP: 0
IsGatedGlobalClock: 0

+ Individual pipeline summary: 
  * Pipeline-0: initiation interval (II) = 1, depth = 12


============================================================
+ Verbose Summary: Schedule
============================================================
* Number of FSM states : 14
* Pipeline : 1
  Pipeline-0 : II = 1, D = 12, States = { 2 3 4 5 6 7 8 9 10 11 12 13 }
* Dataflow Pipeline: 0

* FSM state transitions: 
1 --> 
	2  / true
2 --> 
	14  / (exitcond_flatten1)
	3  / (!exitcond_flatten1)
3 --> 
	4  / true
4 --> 
	5  / true
5 --> 
	6  / true
6 --> 
	7  / true
7 --> 
	8  / true
8 --> 
	9  / true
9 --> 
	10  / true
10 --> 
	11  / true
11 --> 
	12  / true
12 --> 
	13  / true
13 --> 
	2  / true
14 --> 

* FSM state operations: 

State 1 <SV = 0> <Delay = 1.76>
ST_1 : Operation 15 [1/1] (0.00ns)   --->   "%input_channel_read = call i5 @_ssdm_op_Read.ap_auto.i5(i5 %input_channel)"   --->   Operation 15 'read' 'input_channel_read' <Predicate = true> <Delay = 0.00>
ST_1 : Operation 16 [1/1] (0.00ns)   --->   "%weights_offset_read = call i30 @_ssdm_op_Read.ap_auto.i30(i30 %weights_offset)"   --->   Operation 16 'read' 'weights_offset_read' <Predicate = true> <Delay = 0.00>
ST_1 : Operation 17 [1/1] (0.00ns)   --->   "call void (...)* @_ssdm_op_SpecInterface(float* %weights, [6 x i8]* @p_str514, i32 0, i32 0, [1 x i8]* @p_str110, i32 0, i32 48000, [12 x i8]* @p_str817, [6 x i8]* @p_str716, [1 x i8]* @p_str110, i32 16, i32 16, i32 16, i32 16, [1 x i8]* @p_str110, [1 x i8]* @p_str110)"   --->   Operation 17 'specinterface' <Predicate = true> <Delay = 0.00>
ST_1 : Operation 18 [1/1] (0.00ns)   --->   "%tmp_cast = zext i5 %input_channel_read to i12"   --->   Operation 18 'zext' 'tmp_cast' <Predicate = true> <Delay = 0.00>
ST_1 : Operation 19 [1/1] (0.00ns)   --->   "%sext = zext i30 %weights_offset_read to i64"   --->   Operation 19 'zext' 'sext' <Predicate = true> <Delay = 0.00>
ST_1 : Operation 20 [1/1] (1.76ns)   --->   "br label %.preheader" [ECE527_MP4_Tutorial_Files/Tutorial_Files/accelerator_hls/lenet_acc.cpp:44]   --->   Operation 20 'br' <Predicate = true> <Delay = 1.76>

State 2 <SV = 1> <Delay = 5.03>
ST_2 : Operation 21 [1/1] (0.00ns)   --->   "%indvar_flatten1 = phi i12 [ 0, %0 ], [ %indvar_flatten_next1, %.preheader3.preheader ]"   --->   Operation 21 'phi' 'indvar_flatten1' <Predicate = true> <Delay = 0.00>
ST_2 : Operation 22 [1/1] (0.00ns)   --->   "%i = phi i7 [ 0, %0 ], [ %tmp_1_mid2_v, %.preheader3.preheader ]" [ECE527_MP4_Tutorial_Files/Tutorial_Files/accelerator_hls/lenet_acc.cpp:51]   --->   Operation 22 'phi' 'i' <Predicate = true> <Delay = 0.00>
ST_2 : Operation 23 [1/1] (0.00ns)   --->   "%indvar_flatten = phi i6 [ 0, %0 ], [ %indvar_flatten_next, %.preheader3.preheader ]"   --->   Operation 23 'phi' 'indvar_flatten' <Predicate = true> <Delay = 0.00>
ST_2 : Operation 24 [1/1] (0.00ns)   --->   "%j = phi i3 [ 0, %0 ], [ %tmp_3_mid2, %.preheader3.preheader ]" [ECE527_MP4_Tutorial_Files/Tutorial_Files/accelerator_hls/lenet_acc.cpp:51]   --->   Operation 24 'phi' 'j' <Predicate = true> <Delay = 0.00>
ST_2 : Operation 25 [1/1] (0.00ns)   --->   "%k = phi i3 [ 0, %0 ], [ %k_1, %.preheader3.preheader ]"   --->   Operation 25 'phi' 'k' <Predicate = true> <Delay = 0.00>
ST_2 : Operation 26 [1/1] (1.99ns)   --->   "%exitcond_flatten1 = icmp eq i12 %indvar_flatten1, -1096"   --->   Operation 26 'icmp' 'exitcond_flatten1' <Predicate = true> <Delay = 1.99> <Core = "Cmp">   --->   Core 25 'Cmp' <Latency = 0> <II = 1> <Delay = 1.13> <FuncUnit> <Opcode : 'icmp'> <InPorts = 2> <OutPorts = 1>
ST_2 : Operation 27 [1/1] (0.00ns)   --->   "%empty = call i32 (...)* @_ssdm_op_SpecLoopTripCount(i64 3000, i64 3000, i64 3000)"   --->   Operation 27 'speclooptripcount' 'empty' <Predicate = true> <Delay = 0.00>
ST_2 : Operation 28 [1/1] (1.54ns)   --->   "%indvar_flatten_next1 = add i12 %indvar_flatten1, 1"   --->   Operation 28 'add' 'indvar_flatten_next1' <Predicate = true> <Delay = 1.54> <Core = "AddSub">   --->   Core 14 'AddSub' <Latency = 0> <II = 1> <Delay = 1.82> <FuncUnit> <Opcode : 'add' 'sub'> <InPorts = 2> <OutPorts = 1>
ST_2 : Operation 29 [1/1] (0.00ns)   --->   "br i1 %exitcond_flatten1, label %1, label %.preheader3.preheader"   --->   Operation 29 'br' <Predicate = true> <Delay = 0.00>
ST_2 : Operation 30 [1/1] (1.87ns)   --->   "%i_1 = add i7 1, %i" [ECE527_MP4_Tutorial_Files/Tutorial_Files/accelerator_hls/lenet_acc.cpp:44]   --->   Operation 30 'add' 'i_1' <Predicate = (!exitcond_flatten1)> <Delay = 1.87> <Core = "AddSub">   --->   Core 14 'AddSub' <Latency = 0> <II = 1> <Delay = 1.82> <FuncUnit> <Opcode : 'add' 'sub'> <InPorts = 2> <OutPorts = 1>
ST_2 : Operation 31 [1/1] (1.42ns)   --->   "%exitcond_flatten = icmp eq i6 %indvar_flatten, 25"   --->   Operation 31 'icmp' 'exitcond_flatten' <Predicate = (!exitcond_flatten1)> <Delay = 1.42> <Core = "Cmp">   --->   Core 25 'Cmp' <Latency = 0> <II = 1> <Delay = 1.13> <FuncUnit> <Opcode : 'icmp'> <InPorts = 2> <OutPorts = 1>
ST_2 : Operation 32 [1/1] (0.98ns)   --->   "%j_mid = select i1 %exitcond_flatten, i3 0, i3 %j" [ECE527_MP4_Tutorial_Files/Tutorial_Files/accelerator_hls/lenet_acc.cpp:51]   --->   Operation 32 'select' 'j_mid' <Predicate = (!exitcond_flatten1)> <Delay = 0.98> <Core = "Sel">   --->   Core 26 'Sel' <Latency = 0> <II = 1> <Delay = 1.18> <FuncUnit> <Opcode : 'select'> <InPorts = 3> <OutPorts = 1>
ST_2 : Operation 33 [1/1] (0.99ns)   --->   "%tmp_1_mid2_v = select i1 %exitcond_flatten, i7 %i_1, i7 %i" [ECE527_MP4_Tutorial_Files/Tutorial_Files/accelerator_hls/lenet_acc.cpp:51]   --->   Operation 33 'select' 'tmp_1_mid2_v' <Predicate = (!exitcond_flatten1)> <Delay = 0.99> <Core = "Sel">   --->   Core 26 'Sel' <Latency = 0> <II = 1> <Delay = 1.18> <FuncUnit> <Opcode : 'select'> <InPorts = 3> <OutPorts = 1>
ST_2 : Operation 34 [1/1] (0.00ns) (grouped into LUT with out node exitcond_mid)   --->   "%not_exitcond_flatten = xor i1 %exitcond_flatten, true" [ECE527_MP4_Tutorial_Files/Tutorial_Files/accelerator_hls/lenet_acc.cpp:48]   --->   Operation 34 'xor' 'not_exitcond_flatten' <Predicate = (!exitcond_flatten1)> <Delay = 0.00> <Core = "LogicGate">   --->   Core 27 'LogicGate' <Latency = 0> <II = 1> <Delay = 0.97> <FuncUnit> <Opcode : 'and' 'or' 'xor'> <InPorts = 2> <OutPorts = 1>
ST_2 : Operation 35 [1/1] (1.13ns)   --->   "%exitcond = icmp eq i3 %k, -3" [ECE527_MP4_Tutorial_Files/Tutorial_Files/accelerator_hls/lenet_acc.cpp:48]   --->   Operation 35 'icmp' 'exitcond' <Predicate = (!exitcond_flatten1)> <Delay = 1.13> <Core = "Cmp">   --->   Core 25 'Cmp' <Latency = 0> <II = 1> <Delay = 1.13> <FuncUnit> <Opcode : 'icmp'> <InPorts = 2> <OutPorts = 1>
ST_2 : Operation 36 [1/1] (0.97ns) (out node of the LUT)   --->   "%exitcond_mid = and i1 %exitcond, %not_exitcond_flatten" [ECE527_MP4_Tutorial_Files/Tutorial_Files/accelerator_hls/lenet_acc.cpp:48]   --->   Operation 36 'and' 'exitcond_mid' <Predicate = (!exitcond_flatten1)> <Delay = 0.97> <Core = "LogicGate">   --->   Core 27 'LogicGate' <Latency = 0> <II = 1> <Delay = 0.97> <FuncUnit> <Opcode : 'and' 'or' 'xor'> <InPorts = 2> <OutPorts = 1>
ST_2 : Operation 37 [1/1] (1.65ns)   --->   "%j_1 = add i3 1, %j_mid" [ECE527_MP4_Tutorial_Files/Tutorial_Files/accelerator_hls/lenet_acc.cpp:46]   --->   Operation 37 'add' 'j_1' <Predicate = (!exitcond_flatten1)> <Delay = 1.65> <Core = "AddSub">   --->   Core 14 'AddSub' <Latency = 0> <II = 1> <Delay = 1.82> <FuncUnit> <Opcode : 'add' 'sub'> <InPorts = 2> <OutPorts = 1>
ST_2 : Operation 38 [1/1] (0.00ns) (grouped into LUT with out node k_mid2)   --->   "%tmp_3 = or i1 %exitcond_mid, %exitcond_flatten" [ECE527_MP4_Tutorial_Files/Tutorial_Files/accelerator_hls/lenet_acc.cpp:48]   --->   Operation 38 'or' 'tmp_3' <Predicate = (!exitcond_flatten1)> <Delay = 0.00> <Core = "LogicGate">   --->   Core 27 'LogicGate' <Latency = 0> <II = 1> <Delay = 0.97> <FuncUnit> <Opcode : 'and' 'or' 'xor'> <InPorts = 2> <OutPorts = 1>
ST_2 : Operation 39 [1/1] (0.98ns) (out node of the LUT)   --->   "%k_mid2 = select i1 %tmp_3, i3 0, i3 %k" [ECE527_MP4_Tutorial_Files/Tutorial_Files/accelerator_hls/lenet_acc.cpp:48]   --->   Operation 39 'select' 'k_mid2' <Predicate = (!exitcond_flatten1)> <Delay = 0.98> <Core = "Sel">   --->   Core 26 'Sel' <Latency = 0> <II = 1> <Delay = 1.18> <FuncUnit> <Opcode : 'select'> <InPorts = 3> <OutPorts = 1>
ST_2 : Operation 40 [1/1] (0.98ns)   --->   "%tmp_3_mid2 = select i1 %exitcond_mid, i3 %j_1, i3 %j_mid" [ECE527_MP4_Tutorial_Files/Tutorial_Files/accelerator_hls/lenet_acc.cpp:51]   --->   Operation 40 'select' 'tmp_3_mid2' <Predicate = (!exitcond_flatten1)> <Delay = 0.98> <Core = "Sel">   --->   Core 26 'Sel' <Latency = 0> <II = 1> <Delay = 1.18> <FuncUnit> <Opcode : 'select'> <InPorts = 3> <OutPorts = 1>
ST_2 : Operation 41 [1/1] (1.65ns)   --->   "%k_1 = add i3 1, %k_mid2" [ECE527_MP4_Tutorial_Files/Tutorial_Files/accelerator_hls/lenet_acc.cpp:48]   --->   Operation 41 'add' 'k_1' <Predicate = (!exitcond_flatten1)> <Delay = 1.65> <Core = "AddSub">   --->   Core 14 'AddSub' <Latency = 0> <II = 1> <Delay = 1.82> <FuncUnit> <Opcode : 'add' 'sub'> <InPorts = 2> <OutPorts = 1>
ST_2 : Operation 42 [1/1] (1.82ns)   --->   "%indvar_flatten_op = add i6 1, %indvar_flatten"   --->   Operation 42 'add' 'indvar_flatten_op' <Predicate = (!exitcond_flatten1)> <Delay = 1.82> <Core = "AddSub">   --->   Core 14 'AddSub' <Latency = 0> <II = 1> <Delay = 1.82> <FuncUnit> <Opcode : 'add' 'sub'> <InPorts = 2> <OutPorts = 1>
ST_2 : Operation 43 [1/1] (1.18ns)   --->   "%indvar_flatten_next = select i1 %exitcond_flatten, i6 1, i6 %indvar_flatten_op"   --->   Operation 43 'select' 'indvar_flatten_next' <Predicate = (!exitcond_flatten1)> <Delay = 1.18> <Core = "Sel">   --->   Core 26 'Sel' <Latency = 0> <II = 1> <Delay = 1.18> <FuncUnit> <Opcode : 'select'> <InPorts = 3> <OutPorts = 1>

State 3 <SV = 2> <Delay = 5.51>
ST_3 : Operation 44 [1/1] (0.00ns)   --->   "%tmp_1 = call i11 @_ssdm_op_BitConcatenate.i11.i7.i4(i7 %tmp_1_mid2_v, i4 0)" [ECE527_MP4_Tutorial_Files/Tutorial_Files/accelerator_hls/lenet_acc.cpp:51]   --->   Operation 44 'bitconcatenate' 'tmp_1' <Predicate = (!exitcond_flatten1)> <Delay = 0.00>
ST_3 : Operation 45 [1/1] (0.00ns)   --->   "%tmp_4_cast = zext i11 %tmp_1 to i12" [ECE527_MP4_Tutorial_Files/Tutorial_Files/accelerator_hls/lenet_acc.cpp:51]   --->   Operation 45 'zext' 'tmp_4_cast' <Predicate = (!exitcond_flatten1)> <Delay = 0.00>
ST_3 : Operation 46 [1/1] (1.63ns)   --->   "%tmp_6 = add i12 %tmp_4_cast, %tmp_cast" [ECE527_MP4_Tutorial_Files/Tutorial_Files/accelerator_hls/lenet_acc.cpp:51]   --->   Operation 46 'add' 'tmp_6' <Predicate = (!exitcond_flatten1)> <Delay = 1.63> <Core = "AddSub">   --->   Core 14 'AddSub' <Latency = 0> <II = 1> <Delay = 1.82> <FuncUnit> <Opcode : 'add' 'sub'> <InPorts = 2> <OutPorts = 1>
ST_3 : Operation 47 [1/1] (0.00ns)   --->   "%tmp_6_cast = zext i12 %tmp_6 to i64" [ECE527_MP4_Tutorial_Files/Tutorial_Files/accelerator_hls/lenet_acc.cpp:51]   --->   Operation 47 'zext' 'tmp_6_cast' <Predicate = (!exitcond_flatten1)> <Delay = 0.00>
ST_3 : Operation 48 [1/1] (0.00ns)   --->   "%tmp = call i14 @_ssdm_op_BitConcatenate.i14.i12.i2(i12 %tmp_6, i2 0)" [ECE527_MP4_Tutorial_Files/Tutorial_Files/accelerator_hls/lenet_acc.cpp:51]   --->   Operation 48 'bitconcatenate' 'tmp' <Predicate = (!exitcond_flatten1)> <Delay = 0.00>
ST_3 : Operation 49 [1/1] (0.00ns)   --->   "%p_shl3 = zext i14 %tmp to i64" [ECE527_MP4_Tutorial_Files/Tutorial_Files/accelerator_hls/lenet_acc.cpp:51]   --->   Operation 49 'zext' 'p_shl3' <Predicate = (!exitcond_flatten1)> <Delay = 0.00>
ST_3 : Operation 50 [1/1] (0.00ns) (grouped into TernaryAdder)   --->   "%tmp_8 = add i64 %tmp_6_cast, %p_shl3" [ECE527_MP4_Tutorial_Files/Tutorial_Files/accelerator_hls/lenet_acc.cpp:51]   --->   Operation 50 'add' 'tmp_8' <Predicate = (!exitcond_flatten1)> <Delay = 0.00> <Core = "TAddSub">   --->   Core 80 'TAddSub' <Latency = 0> <II = 1> <Delay = 1.90> <IPBlock> <Opcode : 'add' 'sub'> <InPorts = 3> <OutPorts = 1> <Sync> <CReg>
ST_3 : Operation 51 [1/1] (0.00ns)   --->   "%tmp_3_mid2_cast = zext i3 %tmp_3_mid2 to i64" [ECE527_MP4_Tutorial_Files/Tutorial_Files/accelerator_hls/lenet_acc.cpp:51]   --->   Operation 51 'zext' 'tmp_3_mid2_cast' <Predicate = (!exitcond_flatten1)> <Delay = 0.00>
ST_3 : Operation 52 [1/1] (3.87ns) (root node of TernaryAdder)   --->   "%tmp_4 = add i64 %tmp_8, %tmp_3_mid2_cast" [ECE527_MP4_Tutorial_Files/Tutorial_Files/accelerator_hls/lenet_acc.cpp:51]   --->   Operation 52 'add' 'tmp_4' <Predicate = (!exitcond_flatten1)> <Delay = 3.87> <Core = "TAddSub">   --->   Core 80 'TAddSub' <Latency = 0> <II = 1> <Delay = 1.90> <IPBlock> <Opcode : 'add' 'sub'> <InPorts = 3> <OutPorts = 1> <Sync> <CReg>

State 4 <SV = 3> <Delay = 6.44>
ST_4 : Operation 53 [1/1] (0.00ns) (grouped into LUT with out node tmp_10)   --->   "%tmp_7 = shl i64 %tmp_4, 2" [ECE527_MP4_Tutorial_Files/Tutorial_Files/accelerator_hls/lenet_acc.cpp:51]   --->   Operation 53 'shl' 'tmp_7' <Predicate = (!exitcond_flatten1)> <Delay = 0.00>
ST_4 : Operation 54 [1/1] (2.13ns) (out node of the LUT)   --->   "%tmp_10 = add i64 %tmp_4, %tmp_7" [ECE527_MP4_Tutorial_Files/Tutorial_Files/accelerator_hls/lenet_acc.cpp:51]   --->   Operation 54 'add' 'tmp_10' <Predicate = (!exitcond_flatten1)> <Delay = 2.13> <Core = "AddSub">   --->   Core 14 'AddSub' <Latency = 0> <II = 1> <Delay = 1.82> <FuncUnit> <Opcode : 'add' 'sub'> <InPorts = 2> <OutPorts = 1>
ST_4 : Operation 55 [1/1] (0.00ns)   --->   "%tmp_5 = zext i3 %k_mid2 to i64" [ECE527_MP4_Tutorial_Files/Tutorial_Files/accelerator_hls/lenet_acc.cpp:51]   --->   Operation 55 'zext' 'tmp_5' <Predicate = (!exitcond_flatten1)> <Delay = 0.00>
ST_4 : Operation 56 [1/1] (0.00ns) (grouped into TernaryAdder)   --->   "%tmp_14 = add i64 %tmp_10, %tmp_5" [ECE527_MP4_Tutorial_Files/Tutorial_Files/accelerator_hls/lenet_acc.cpp:51]   --->   Operation 56 'add' 'tmp_14' <Predicate = (!exitcond_flatten1)> <Delay = 0.00> <Core = "TAddSub">   --->   Core 80 'TAddSub' <Latency = 0> <II = 1> <Delay = 1.90> <IPBlock> <Opcode : 'add' 'sub'> <InPorts = 3> <OutPorts = 1> <Sync> <CReg>
ST_4 : Operation 57 [1/1] (4.31ns) (root node of TernaryAdder)   --->   "%sum = add i64 %sext, %tmp_14" [ECE527_MP4_Tutorial_Files/Tutorial_Files/accelerator_hls/lenet_acc.cpp:51]   --->   Operation 57 'add' 'sum' <Predicate = (!exitcond_flatten1)> <Delay = 4.31> <Core = "TAddSub">   --->   Core 80 'TAddSub' <Latency = 0> <II = 1> <Delay = 1.90> <IPBlock> <Opcode : 'add' 'sub'> <InPorts = 3> <OutPorts = 1> <Sync> <CReg>
ST_4 : Operation 58 [1/1] (0.00ns)   --->   "%weights_addr = getelementptr float* %weights, i64 %sum" [ECE527_MP4_Tutorial_Files/Tutorial_Files/accelerator_hls/lenet_acc.cpp:51]   --->   Operation 58 'getelementptr' 'weights_addr' <Predicate = (!exitcond_flatten1)> <Delay = 0.00>

State 5 <SV = 4> <Delay = 8.75>
ST_5 : Operation 59 [7/7] (8.75ns)   --->   "%weights_load_req = call i1 @_ssdm_op_ReadReq.m_axi.floatP(float* %weights_addr, i32 1)" [ECE527_MP4_Tutorial_Files/Tutorial_Files/accelerator_hls/lenet_acc.cpp:51]   --->   Operation 59 'readreq' 'weights_load_req' <Predicate = (!exitcond_flatten1)> <Delay = 8.75> <Core = "m_axi">   --->   Core 9 'm_axi' <Latency = 6> <II = 1> <Delay = 1.00> <Adapter> <Opcode : 'read' 'write' 'readreq' 'writereq' 'writeresp'>

State 6 <SV = 5> <Delay = 8.75>
ST_6 : Operation 60 [6/7] (8.75ns)   --->   "%weights_load_req = call i1 @_ssdm_op_ReadReq.m_axi.floatP(float* %weights_addr, i32 1)" [ECE527_MP4_Tutorial_Files/Tutorial_Files/accelerator_hls/lenet_acc.cpp:51]   --->   Operation 60 'readreq' 'weights_load_req' <Predicate = (!exitcond_flatten1)> <Delay = 8.75> <Core = "m_axi">   --->   Core 9 'm_axi' <Latency = 6> <II = 1> <Delay = 1.00> <Adapter> <Opcode : 'read' 'write' 'readreq' 'writereq' 'writeresp'>

State 7 <SV = 6> <Delay = 8.75>
ST_7 : Operation 61 [5/7] (8.75ns)   --->   "%weights_load_req = call i1 @_ssdm_op_ReadReq.m_axi.floatP(float* %weights_addr, i32 1)" [ECE527_MP4_Tutorial_Files/Tutorial_Files/accelerator_hls/lenet_acc.cpp:51]   --->   Operation 61 'readreq' 'weights_load_req' <Predicate = (!exitcond_flatten1)> <Delay = 8.75> <Core = "m_axi">   --->   Core 9 'm_axi' <Latency = 6> <II = 1> <Delay = 1.00> <Adapter> <Opcode : 'read' 'write' 'readreq' 'writereq' 'writeresp'>

State 8 <SV = 7> <Delay = 8.75>
ST_8 : Operation 62 [4/7] (8.75ns)   --->   "%weights_load_req = call i1 @_ssdm_op_ReadReq.m_axi.floatP(float* %weights_addr, i32 1)" [ECE527_MP4_Tutorial_Files/Tutorial_Files/accelerator_hls/lenet_acc.cpp:51]   --->   Operation 62 'readreq' 'weights_load_req' <Predicate = (!exitcond_flatten1)> <Delay = 8.75> <Core = "m_axi">   --->   Core 9 'm_axi' <Latency = 6> <II = 1> <Delay = 1.00> <Adapter> <Opcode : 'read' 'write' 'readreq' 'writereq' 'writeresp'>

State 9 <SV = 8> <Delay = 8.75>
ST_9 : Operation 63 [3/7] (8.75ns)   --->   "%weights_load_req = call i1 @_ssdm_op_ReadReq.m_axi.floatP(float* %weights_addr, i32 1)" [ECE527_MP4_Tutorial_Files/Tutorial_Files/accelerator_hls/lenet_acc.cpp:51]   --->   Operation 63 'readreq' 'weights_load_req' <Predicate = (!exitcond_flatten1)> <Delay = 8.75> <Core = "m_axi">   --->   Core 9 'm_axi' <Latency = 6> <II = 1> <Delay = 1.00> <Adapter> <Opcode : 'read' 'write' 'readreq' 'writereq' 'writeresp'>

State 10 <SV = 9> <Delay = 8.75>
ST_10 : Operation 64 [2/7] (8.75ns)   --->   "%weights_load_req = call i1 @_ssdm_op_ReadReq.m_axi.floatP(float* %weights_addr, i32 1)" [ECE527_MP4_Tutorial_Files/Tutorial_Files/accelerator_hls/lenet_acc.cpp:51]   --->   Operation 64 'readreq' 'weights_load_req' <Predicate = (!exitcond_flatten1)> <Delay = 8.75> <Core = "m_axi">   --->   Core 9 'm_axi' <Latency = 6> <II = 1> <Delay = 1.00> <Adapter> <Opcode : 'read' 'write' 'readreq' 'writereq' 'writeresp'>

State 11 <SV = 10> <Delay = 8.75>
ST_11 : Operation 65 [1/7] (8.75ns)   --->   "%weights_load_req = call i1 @_ssdm_op_ReadReq.m_axi.floatP(float* %weights_addr, i32 1)" [ECE527_MP4_Tutorial_Files/Tutorial_Files/accelerator_hls/lenet_acc.cpp:51]   --->   Operation 65 'readreq' 'weights_load_req' <Predicate = (!exitcond_flatten1)> <Delay = 8.75> <Core = "m_axi">   --->   Core 9 'm_axi' <Latency = 6> <II = 1> <Delay = 1.00> <Adapter> <Opcode : 'read' 'write' 'readreq' 'writereq' 'writeresp'>

State 12 <SV = 11> <Delay = 8.75>
ST_12 : Operation 66 [1/1] (0.00ns)   --->   "%tmp_1_mid2_cast = zext i7 %tmp_1_mid2_v to i10" [ECE527_MP4_Tutorial_Files/Tutorial_Files/accelerator_hls/lenet_acc.cpp:51]   --->   Operation 66 'zext' 'tmp_1_mid2_cast' <Predicate = (!exitcond_flatten1)> <Delay = 0.00>
ST_12 : Operation 67 [1/1] (0.00ns)   --->   "%tmp_9 = call i9 @_ssdm_op_BitConcatenate.i9.i7.i2(i7 %tmp_1_mid2_v, i2 0)" [ECE527_MP4_Tutorial_Files/Tutorial_Files/accelerator_hls/lenet_acc.cpp:51]   --->   Operation 67 'bitconcatenate' 'tmp_9' <Predicate = (!exitcond_flatten1)> <Delay = 0.00>
ST_12 : Operation 68 [1/1] (0.00ns)   --->   "%p_shl2_cast = zext i9 %tmp_9 to i10" [ECE527_MP4_Tutorial_Files/Tutorial_Files/accelerator_hls/lenet_acc.cpp:51]   --->   Operation 68 'zext' 'p_shl2_cast' <Predicate = (!exitcond_flatten1)> <Delay = 0.00>
ST_12 : Operation 69 [1/1] (0.00ns) (grouped into TernaryAdder)   --->   "%tmp_s = add i10 %tmp_1_mid2_cast, %p_shl2_cast" [ECE527_MP4_Tutorial_Files/Tutorial_Files/accelerator_hls/lenet_acc.cpp:51]   --->   Operation 69 'add' 'tmp_s' <Predicate = (!exitcond_flatten1)> <Delay = 0.00> <Core = "TAddSub">   --->   Core 80 'TAddSub' <Latency = 0> <II = 1> <Delay = 1.90> <IPBlock> <Opcode : 'add' 'sub'> <InPorts = 3> <OutPorts = 1> <Sync> <CReg>
ST_12 : Operation 70 [1/1] (0.00ns)   --->   "%tmp_3_mid2_cast1 = zext i3 %tmp_3_mid2 to i10" [ECE527_MP4_Tutorial_Files/Tutorial_Files/accelerator_hls/lenet_acc.cpp:51]   --->   Operation 70 'zext' 'tmp_3_mid2_cast1' <Predicate = (!exitcond_flatten1)> <Delay = 0.00>
ST_12 : Operation 71 [1/1] (3.72ns) (root node of TernaryAdder)   --->   "%tmp_11 = add i10 %tmp_s, %tmp_3_mid2_cast1" [ECE527_MP4_Tutorial_Files/Tutorial_Files/accelerator_hls/lenet_acc.cpp:51]   --->   Operation 71 'add' 'tmp_11' <Predicate = (!exitcond_flatten1)> <Delay = 3.72> <Core = "TAddSub">   --->   Core 80 'TAddSub' <Latency = 0> <II = 1> <Delay = 1.90> <IPBlock> <Opcode : 'add' 'sub'> <InPorts = 3> <OutPorts = 1> <Sync> <CReg>
ST_12 : Operation 72 [1/1] (8.75ns)   --->   "%weights_addr_read = call float @_ssdm_op_Read.m_axi.floatP(float* %weights_addr)" [ECE527_MP4_Tutorial_Files/Tutorial_Files/accelerator_hls/lenet_acc.cpp:51]   --->   Operation 72 'read' 'weights_addr_read' <Predicate = (!exitcond_flatten1)> <Delay = 8.75> <Core = "m_axi">   --->   Core 9 'm_axi' <Latency = 6> <II = 1> <Delay = 1.00> <Adapter> <Opcode : 'read' 'write' 'readreq' 'writereq' 'writeresp'>

State 13 <SV = 12> <Delay = 7.06>
ST_13 : Operation 73 [1/1] (0.00ns)   --->   "%tmp_15_cast = zext i10 %tmp_11 to i13" [ECE527_MP4_Tutorial_Files/Tutorial_Files/accelerator_hls/lenet_acc.cpp:51]   --->   Operation 73 'zext' 'tmp_15_cast' <Predicate = (!exitcond_flatten1)> <Delay = 0.00>
ST_13 : Operation 74 [1/1] (0.00ns)   --->   "%tmp_12 = call i12 @_ssdm_op_BitConcatenate.i12.i10.i2(i10 %tmp_11, i2 0)" [ECE527_MP4_Tutorial_Files/Tutorial_Files/accelerator_hls/lenet_acc.cpp:51]   --->   Operation 74 'bitconcatenate' 'tmp_12' <Predicate = (!exitcond_flatten1)> <Delay = 0.00>
ST_13 : Operation 75 [1/1] (0.00ns)   --->   "%p_shl_cast = zext i12 %tmp_12 to i13" [ECE527_MP4_Tutorial_Files/Tutorial_Files/accelerator_hls/lenet_acc.cpp:51]   --->   Operation 75 'zext' 'p_shl_cast' <Predicate = (!exitcond_flatten1)> <Delay = 0.00>
ST_13 : Operation 76 [1/1] (0.00ns) (grouped into TernaryAdder)   --->   "%tmp_13 = add i13 %tmp_15_cast, %p_shl_cast" [ECE527_MP4_Tutorial_Files/Tutorial_Files/accelerator_hls/lenet_acc.cpp:51]   --->   Operation 76 'add' 'tmp_13' <Predicate = (!exitcond_flatten1)> <Delay = 0.00> <Core = "TAddSub">   --->   Core 80 'TAddSub' <Latency = 0> <II = 1> <Delay = 1.90> <IPBlock> <Opcode : 'add' 'sub'> <InPorts = 3> <OutPorts = 1> <Sync> <CReg>
ST_13 : Operation 77 [1/1] (0.00ns)   --->   "%tmp_2 = call i32 (...)* @_ssdm_op_SpecRegionBegin([12 x i8]* @p_str9)" [ECE527_MP4_Tutorial_Files/Tutorial_Files/accelerator_hls/lenet_acc.cpp:49]   --->   Operation 77 'specregionbegin' 'tmp_2' <Predicate = (!exitcond_flatten1)> <Delay = 0.00>
ST_13 : Operation 78 [1/1] (0.00ns)   --->   "call void (...)* @_ssdm_op_SpecPipeline(i32 1, i32 1, i32 1, i32 0, [1 x i8]* @p_str110) nounwind" [ECE527_MP4_Tutorial_Files/Tutorial_Files/accelerator_hls/lenet_acc.cpp:50]   --->   Operation 78 'specpipeline' <Predicate = (!exitcond_flatten1)> <Delay = 0.00>
ST_13 : Operation 79 [1/1] (0.00ns)   --->   "%tmp_5_cast = zext i3 %k_mid2 to i13" [ECE527_MP4_Tutorial_Files/Tutorial_Files/accelerator_hls/lenet_acc.cpp:51]   --->   Operation 79 'zext' 'tmp_5_cast' <Predicate = (!exitcond_flatten1)> <Delay = 0.00>
ST_13 : Operation 80 [1/1] (3.81ns) (root node of TernaryAdder)   --->   "%tmp_15 = add i13 %tmp_13, %tmp_5_cast" [ECE527_MP4_Tutorial_Files/Tutorial_Files/accelerator_hls/lenet_acc.cpp:51]   --->   Operation 80 'add' 'tmp_15' <Predicate = (!exitcond_flatten1)> <Delay = 3.81> <Core = "TAddSub">   --->   Core 80 'TAddSub' <Latency = 0> <II = 1> <Delay = 1.90> <IPBlock> <Opcode : 'add' 'sub'> <InPorts = 3> <OutPorts = 1> <Sync> <CReg>
ST_13 : Operation 81 [1/1] (0.00ns)   --->   "%tmp_19_cast = zext i13 %tmp_15 to i64" [ECE527_MP4_Tutorial_Files/Tutorial_Files/accelerator_hls/lenet_acc.cpp:51]   --->   Operation 81 'zext' 'tmp_19_cast' <Predicate = (!exitcond_flatten1)> <Delay = 0.00>
ST_13 : Operation 82 [1/1] (0.00ns)   --->   "%weights_oc_addr = getelementptr [3000 x float]* %weights_oc, i64 0, i64 %tmp_19_cast" [ECE527_MP4_Tutorial_Files/Tutorial_Files/accelerator_hls/lenet_acc.cpp:51]   --->   Operation 82 'getelementptr' 'weights_oc_addr' <Predicate = (!exitcond_flatten1)> <Delay = 0.00>
ST_13 : Operation 83 [1/1] (3.25ns)   --->   "store float %weights_addr_read, float* %weights_oc_addr, align 4" [ECE527_MP4_Tutorial_Files/Tutorial_Files/accelerator_hls/lenet_acc.cpp:51]   --->   Operation 83 'store' <Predicate = (!exitcond_flatten1)> <Delay = 3.25> <Core = "RAM">   --->   Core 37 'RAM' <Latency = 1> <II = 1> <Delay = 3.25> <Storage> <Opcode : 'load' 'store'> <Ports = 2> <Width = 32> <Depth = 3000> <RAM>
ST_13 : Operation 84 [1/1] (0.00ns)   --->   "%empty_5 = call i32 (...)* @_ssdm_op_SpecRegionEnd([12 x i8]* @p_str9, i32 %tmp_2)" [ECE527_MP4_Tutorial_Files/Tutorial_Files/accelerator_hls/lenet_acc.cpp:52]   --->   Operation 84 'specregionend' 'empty_5' <Predicate = (!exitcond_flatten1)> <Delay = 0.00>
ST_13 : Operation 85 [1/1] (0.00ns)   --->   "br label %.preheader" [ECE527_MP4_Tutorial_Files/Tutorial_Files/accelerator_hls/lenet_acc.cpp:48]   --->   Operation 85 'br' <Predicate = (!exitcond_flatten1)> <Delay = 0.00>

State 14 <SV = 2> <Delay = 0.00>
ST_14 : Operation 86 [1/1] (0.00ns)   --->   "ret void" [ECE527_MP4_Tutorial_Files/Tutorial_Files/accelerator_hls/lenet_acc.cpp:55]   --->   Operation 86 'ret' <Predicate = true> <Delay = 0.00>


============================================================
+ Verbose Summary: Timing violations
============================================================
Target clock period: 10ns, clock uncertainty: 1.25ns.

 <State 1>: 1.77ns
The critical path consists of the following:
	multiplexor before 'phi' operation ('indvar_flatten1') with incoming values : ('indvar_flatten_next1') [12]  (1.77 ns)

 <State 2>: 5.04ns
The critical path consists of the following:
	'phi' operation ('indvar_flatten') with incoming values : ('indvar_flatten_next') [14]  (0 ns)
	'icmp' operation ('exitcond_flatten') [23]  (1.43 ns)
	'select' operation ('j_mid', ECE527_MP4_Tutorial_Files/Tutorial_Files/accelerator_hls/lenet_acc.cpp:51) [24]  (0.98 ns)
	'add' operation ('j_1', ECE527_MP4_Tutorial_Files/Tutorial_Files/accelerator_hls/lenet_acc.cpp:46) [40]  (1.65 ns)
	'select' operation ('tmp_3_mid2', ECE527_MP4_Tutorial_Files/Tutorial_Files/accelerator_hls/lenet_acc.cpp:51) [43]  (0.98 ns)

 <State 3>: 5.51ns
The critical path consists of the following:
	'add' operation ('tmp_6', ECE527_MP4_Tutorial_Files/Tutorial_Files/accelerator_hls/lenet_acc.cpp:51) [29]  (1.64 ns)
	'add' operation ('tmp_8', ECE527_MP4_Tutorial_Files/Tutorial_Files/accelerator_hls/lenet_acc.cpp:51) [33]  (0 ns)
	'add' operation ('tmp_4', ECE527_MP4_Tutorial_Files/Tutorial_Files/accelerator_hls/lenet_acc.cpp:51) [46]  (3.87 ns)

 <State 4>: 6.45ns
The critical path consists of the following:
	'shl' operation ('tmp_7', ECE527_MP4_Tutorial_Files/Tutorial_Files/accelerator_hls/lenet_acc.cpp:51) [47]  (0 ns)
	'add' operation ('tmp_10', ECE527_MP4_Tutorial_Files/Tutorial_Files/accelerator_hls/lenet_acc.cpp:51) [48]  (2.14 ns)
	'add' operation ('tmp_14', ECE527_MP4_Tutorial_Files/Tutorial_Files/accelerator_hls/lenet_acc.cpp:51) [58]  (0 ns)
	'add' operation ('sum', ECE527_MP4_Tutorial_Files/Tutorial_Files/accelerator_hls/lenet_acc.cpp:51) [59]  (4.31 ns)

 <State 5>: 8.75ns
The critical path consists of the following:
	bus request on port 'weights' (ECE527_MP4_Tutorial_Files/Tutorial_Files/accelerator_hls/lenet_acc.cpp:51) [64]  (8.75 ns)

 <State 6>: 8.75ns
The critical path consists of the following:
	bus request on port 'weights' (ECE527_MP4_Tutorial_Files/Tutorial_Files/accelerator_hls/lenet_acc.cpp:51) [64]  (8.75 ns)

 <State 7>: 8.75ns
The critical path consists of the following:
	bus request on port 'weights' (ECE527_MP4_Tutorial_Files/Tutorial_Files/accelerator_hls/lenet_acc.cpp:51) [64]  (8.75 ns)

 <State 8>: 8.75ns
The critical path consists of the following:
	bus request on port 'weights' (ECE527_MP4_Tutorial_Files/Tutorial_Files/accelerator_hls/lenet_acc.cpp:51) [64]  (8.75 ns)

 <State 9>: 8.75ns
The critical path consists of the following:
	bus request on port 'weights' (ECE527_MP4_Tutorial_Files/Tutorial_Files/accelerator_hls/lenet_acc.cpp:51) [64]  (8.75 ns)

 <State 10>: 8.75ns
The critical path consists of the following:
	bus request on port 'weights' (ECE527_MP4_Tutorial_Files/Tutorial_Files/accelerator_hls/lenet_acc.cpp:51) [64]  (8.75 ns)

 <State 11>: 8.75ns
The critical path consists of the following:
	bus request on port 'weights' (ECE527_MP4_Tutorial_Files/Tutorial_Files/accelerator_hls/lenet_acc.cpp:51) [64]  (8.75 ns)

 <State 12>: 8.75ns
The critical path consists of the following:
	bus read on port 'weights' (ECE527_MP4_Tutorial_Files/Tutorial_Files/accelerator_hls/lenet_acc.cpp:51) [65]  (8.75 ns)

 <State 13>: 7.07ns
The critical path consists of the following:
	'add' operation ('tmp_13', ECE527_MP4_Tutorial_Files/Tutorial_Files/accelerator_hls/lenet_acc.cpp:51) [53]  (0 ns)
	'add' operation ('tmp_15', ECE527_MP4_Tutorial_Files/Tutorial_Files/accelerator_hls/lenet_acc.cpp:51) [61]  (3.82 ns)
	'getelementptr' operation ('weights_oc_addr', ECE527_MP4_Tutorial_Files/Tutorial_Files/accelerator_hls/lenet_acc.cpp:51) [63]  (0 ns)
	'store' operation (ECE527_MP4_Tutorial_Files/Tutorial_Files/accelerator_hls/lenet_acc.cpp:51) of variable 'weights_addr_read', ECE527_MP4_Tutorial_Files/Tutorial_Files/accelerator_hls/lenet_acc.cpp:51 on array 'weights_oc' [66]  (3.25 ns)

 <State 14>: 0ns
The critical path consists of the following:


============================================================
+ Verbose Summary: Binding
============================================================
N/A
* FSMD analyzer results:
  - Output states:
 - Input state : 
  - Chain level:
	State 1
	State 2
	State 3
	State 4
	State 5
	State 6
	State 7
	State 8
	State 9
	State 10
	State 11
	State 12
	State 13
	State 14


============================================================
+ Verbose Summary: Datapath Resource usage 
============================================================
N/A
